  Determining projects to restore...
  All projects are up-to-date for restore.
  osu.Game -> /app/osu.Game/bin/Debug/net8.0/osu.Game.dll
  osu.Game.Rulesets.Mania -> /app/osu.Game.Rulesets.Mania/bin/Debug/net8.0/osu.Game.Rulesets.Mania.dll
  osu.Game.Rulesets.Taiko -> /app/osu.Game.Rulesets.Taiko/bin/Debug/net8.0/osu.Game.Rulesets.Taiko.dll
  osu.Game.Rulesets.Osu -> /app/osu.Game.Rulesets.Osu/bin/Debug/net8.0/osu.Game.Rulesets.Osu.dll
  osu.Game.Rulesets.Catch -> /app/osu.Game.Rulesets.Catch/bin/Debug/net8.0/osu.Game.Rulesets.Catch.dll
  osu.Game.Tests -> /app/osu.Game.Tests/bin/Debug/net8.0/osu.Game.Tests.dll
Test run for /app/osu.Game.Tests/bin/Debug/net8.0/osu.Game.Tests.dll (.NETCoreApp,Version=v8.0)
Microsoft (R) Test Execution Command Line Tool Version 17.8.0 (x64)
Copyright (c) Microsoft Corporation.  All rights reserved.

Starting test execution, please wait...
A total of 1 test files matched the specified pattern.
/app/osu.Game.Tests/bin/Debug/net8.0/osu.Game.Tests.dll
NUnit Adapter 4.6.0.0: Test execution started
Running selected tests in /app/osu.Game.Tests/bin/Debug/net8.0/osu.Game.Tests.dll
   NUnit3TestExecutor discovered 12 of 12 NUnit test cases using Current Discovery mode, Non-Explicit run
[performance] 2026-01-31 16:06:08 [verbose]: TextureAtlas initialised (1024x1024)
[database] 2026-01-31 16:06:08 [verbose]: [?????] Beginning import from 2b9c5c4f-db6b-4b09-9870-dee224915727.osz...
[runtime] 2026-01-31 16:06:09 [verbose]: Invalidating working beatmap cache for Soleily - RenatusQuick (Deif) [Platter]
[runtime] 2026-01-31 16:06:09 [verbose]: Invalidating working beatmap cache for Soleily - RenatusQuick (Deif) [Salad]
[runtime] 2026-01-31 16:06:09 [verbose]: Invalidating working beatmap cache for Soleily - RenatusQuick (ExPew) [Another]
[runtime] 2026-01-31 16:06:09 [verbose]: Invalidating working beatmap cache for Soleily - RenatusQuick (ExPew) [Hyper]
[runtime] 2026-01-31 16:06:09 [verbose]: Invalidating working beatmap cache for Soleily - RenatusQuick (ExPew) [Normal]
[runtime] 2026-01-31 16:06:09 [verbose]: Invalidating working beatmap cache for Soleily - RenatusQuick (Gamu) [Hard]
[runtime] 2026-01-31 16:06:09 [verbose]: Invalidating working beatmap cache for Soleily - RenatusQuick (Gamu) [Insane]
[runtime] 2026-01-31 16:06:09 [verbose]: Invalidating working beatmap cache for Soleily - RenatusQuick (Gamu) [Normal]
[runtime] 2026-01-31 16:06:09 [verbose]: Invalidating working beatmap cache for Soleily - RenatusQuick (MMzz) [Futsuu]
[runtime] 2026-01-31 16:06:09 [verbose]: Invalidating working beatmap cache for Soleily - RenatusQuick (MMzz) [Muzukashii]
[runtime] 2026-01-31 16:06:09 [verbose]: Invalidating working beatmap cache for Soleily - RenatusQuick (MMzz) [Oni]
[database] 2026-01-31 16:06:09 [verbose]: [dce8f] Import successfully completed!
[runtime] 2026-01-31 16:06:09 [verbose]: 💨 Class: BackgroundDataStoreProcessorTests
[runtime] 2026-01-31 16:06:09 [verbose]: 🔶 Test:  TestConstructor
[runtime] 2026-01-31 16:06:09 [verbose]: 🔸 Step #2 Set not playing
[runtime] 2026-01-31 16:06:09 [verbose]: ✅ BackgroundDataStoreProcessorTests completed

  Passed TestConstructor [1 s]
  Standard Output Messages:
 [performance] 2026-01-31 16:06:08 [verbose]: TextureAtlas initialised (1024x1024)
 [database] 2026-01-31 16:06:08 [verbose]: [?????] Beginning import from 2b9c5c4f-db6b-4b09-9870-dee224915727.osz...
 [runtime] 2026-01-31 16:06:09 [verbose]: Invalidating working beatmap cache for Soleily - RenatusQuick (Deif) [Platter]
 [runtime] 2026-01-31 16:06:09 [verbose]: Invalidating working beatmap cache for Soleily - RenatusQuick (Deif) [Salad]
 [runtime] 2026-01-31 16:06:09 [verbose]: Invalidating working beatmap cache for Soleily - RenatusQuick (ExPew) [Another]
 [runtime] 2026-01-31 16:06:09 [verbose]: Invalidating working beatmap cache for Soleily - RenatusQuick (ExPew) [Hyper]
 [runtime] 2026-01-31 16:06:09 [verbose]: Invalidating working beatmap cache for Soleily - RenatusQuick (ExPew) [Normal]
 [runtime] 2026-01-31 16:06:09 [verbose]: Invalidating working beatmap cache for Soleily - RenatusQuick (Gamu) [Hard]
 [runtime] 2026-01-31 16:06:09 [verbose]: Invalidating working beatmap cache for Soleily - RenatusQuick (Gamu) [Insane]
 [runtime] 2026-01-31 16:06:09 [verbose]: Invalidating working beatmap cache for Soleily - RenatusQuick (Gamu) [Normal]
 [runtime] 2026-01-31 16:06:09 [verbose]: Invalidating working beatmap cache for Soleily - RenatusQuick (MMzz) [Futsuu]
 [runtime] 2026-01-31 16:06:09 [verbose]: Invalidating working beatmap cache for Soleily - RenatusQuick (MMzz) [Muzukashii]
 [runtime] 2026-01-31 16:06:09 [verbose]: Invalidating working beatmap cache for Soleily - RenatusQuick (MMzz) [Oni]
 [database] 2026-01-31 16:06:09 [verbose]: [dce8f] Import successfully completed!
 [runtime] 2026-01-31 16:06:09 [verbose]: 💨 Class: BackgroundDataStoreProcessorTests
 [runtime] 2026-01-31 16:06:09 [verbose]: 🔶 Test:  TestConstructor
 [runtime] 2026-01-31 16:06:09 [verbose]: 🔸 Step #2 Set not playing
 [runtime] 2026-01-31 16:06:09 [verbose]: ✅ BackgroundDataStoreProcessorTests completed


[runtime] 2026-01-31 16:06:09 [verbose]: 💨 Class: BackgroundDataStoreProcessorTests
[runtime] 2026-01-31 16:06:09 [verbose]: 🔶 Test:  TestCustomRulesetScoreNotSubjectToUpgrades(True)
[runtime] 2026-01-31 16:06:09 [verbose]: 🔸 Step #1 Set not playing
[runtime] 2026-01-31 16:06:09 [verbose]: 🔸 Step #2 Add unavailable ruleset
[runtime] 2026-01-31 16:06:09 [verbose]: Beginning realm file store cleanup
[runtime] 2026-01-31 16:06:09 [verbose]: Opened realm "/tmp/of-test-headless/BackgroundDataStoreProcessorTests-58ae318a-f7db-4c0d-b135-df4ec2d64944/client.realm" at version 51
[runtime] 2026-01-31 16:06:09 [verbose]: Finished realm file store cleanup (0 of 0 deleted)
[runtime] 2026-01-31 16:06:09 [verbose]: 🔸 Step #3 Add score for unavailable ruleset
[runtime] 2026-01-31 16:06:09 [verbose]: 🔸 Step #4 Run background processor
[runtime] 2026-01-31 16:06:09 [verbose]: Beginning background data store processing..
[runtime] 2026-01-31 16:06:09 [verbose]: Resetting star ratings for osu! (difficulty calculation version updated from 0 to 20251020)
[runtime] 2026-01-31 16:06:09 [verbose]: 🔸 Step #5 Wait for completion
[runtime] 2026-01-31 16:06:09 [verbose]: Finished resetting 3 beatmap sets for osu!
[runtime] 2026-01-31 16:06:09 [verbose]: Resetting star ratings for osu!taiko (difficulty calculation version updated from 0 to 20251020)
[runtime] 2026-01-31 16:06:09 [verbose]: Finished resetting 3 beatmap sets for osu!taiko
[runtime] 2026-01-31 16:06:09 [verbose]: Resetting star ratings for osu!catch (difficulty calculation version updated from 0 to 20251020)
[runtime] 2026-01-31 16:06:09 [verbose]: Finished resetting 3 beatmap sets for osu!catch
[runtime] 2026-01-31 16:06:09 [verbose]: Resetting star ratings for osu!mania (difficulty calculation version updated from 0 to 20241007)
[runtime] 2026-01-31 16:06:09 [verbose]: Finished resetting 3 beatmap sets for osu!mania
[runtime] 2026-01-31 16:06:09 [verbose]: Querying for beatmaps with missing star ratings...
[runtime] 2026-01-31 16:06:09 [verbose]: Found 12 beatmaps which require star rating reprocessing.
[runtime] 2026-01-31 16:06:09 [verbose]: Invalidating working beatmap cache for Soleily - RenatusQuick (Deif) [Platter]
[runtime] 2026-01-31 16:06:09 [verbose]: Invalidating working beatmap cache for Soleily - RenatusQuick (Deif) [Rain]
[runtime] 2026-01-31 16:06:09 [verbose]: Invalidating working beatmap cache for Soleily - RenatusQuick (Deif) [Salad]
[runtime] 2026-01-31 16:06:09 [verbose]: Invalidating working beatmap cache for Soleily - RenatusQuick (ExPew) [Another]
[runtime] 2026-01-31 16:06:09 [verbose]: Invalidating working beatmap cache for Soleily - RenatusQuick (ExPew) [Hyper]
[runtime] 2026-01-31 16:06:09 [verbose]: Invalidating working beatmap cache for Soleily - RenatusQuick (ExPew) [Normal]
[runtime] 2026-01-31 16:06:09 [verbose]: Invalidating working beatmap cache for Soleily - RenatusQuick (Gamu) [Hard]
[runtime] 2026-01-31 16:06:09 [verbose]: Invalidating working beatmap cache for Soleily - RenatusQuick (Gamu) [Insane]
[runtime] 2026-01-31 16:06:09 [verbose]: Invalidating working beatmap cache for Soleily - RenatusQuick (Gamu) [Normal]
[runtime] 2026-01-31 16:06:09 [verbose]: Invalidating working beatmap cache for Soleily - RenatusQuick (MMzz) [Futsuu]
[runtime] 2026-01-31 16:06:09 [verbose]: Invalidating working beatmap cache for Soleily - RenatusQuick (MMzz) [Muzukashii]
[runtime] 2026-01-31 16:06:09 [verbose]: Invalidating working beatmap cache for Soleily - RenatusQuick (MMzz) [Oni]
[runtime] 2026-01-31 16:06:09 [verbose]: Querying for beatmap sets to reprocess...
[runtime] 2026-01-31 16:06:09 [verbose]: Found 1 beatmap sets which require online updates.
[runtime] 2026-01-31 16:06:09 [verbose]: Invalidating working beatmap cache for Soleily - RenatusQuick (Gamu) [Insane]
[runtime] 2026-01-31 16:06:09 [verbose]: Invalidating working beatmap cache for Soleily - RenatusQuick (Gamu) [Normal]
[runtime] 2026-01-31 16:06:09 [verbose]: Invalidating working beatmap cache for Soleily - RenatusQuick (MMzz) [Futsuu]
[runtime] 2026-01-31 16:06:09 [verbose]: Invalidating working beatmap cache for Soleily - RenatusQuick (MMzz) [Muzukashii]
[runtime] 2026-01-31 16:06:09 [verbose]: Invalidating working beatmap cache for Soleily - RenatusQuick (MMzz) [Oni]
[runtime] 2026-01-31 16:06:09 [verbose]: Querying for beatmaps with missing hitobject counts to reprocess...
[runtime] 2026-01-31 16:06:09 [verbose]: Querying for scores to reprocess...
[runtime] 2026-01-31 16:06:09 [verbose]: Querying for scores that need total score conversion...
[runtime] 2026-01-31 16:06:09 [verbose]: Found 0 scores which require total score conversion.
[runtime] 2026-01-31 16:06:09 [verbose]: Querying for scores that need rank upgrades...
[runtime] 2026-01-31 16:06:09 [verbose]: Found 0 scores which require rank upgrades.
[runtime] 2026-01-31 16:06:09 [verbose]: Cannot backpopulate missing submission/rank dates because the local metadata cache is missing.
[runtime] 2026-01-31 16:06:09 [verbose]: Local metadata cache has too low version to backpopulate user tags, attempting refetch...
[network] 2026-01-31 16:06:10 [verbose]: Request to https://assets.ppy.sh/client-resources/online.db.bz2?20260131 successfully completed!
[runtime] 2026-01-31 16:06:19 [verbose]: 💥 Failed (on attempt 1,645)
[runtime] 2026-01-31 16:06:19 [verbose]: ⏳ Currently loading components (0)
[runtime] 2026-01-31 16:06:19 [verbose]: 🧵 Task schedulers
[runtime] 2026-01-31 16:06:19 [verbose]: LoadComponentsAsync (standard) concurrency:4 running:0 pending:0
[runtime] 2026-01-31 16:06:19 [verbose]: LoadComponentsAsync (long load) concurrency:4 running:0 pending:0
[runtime] 2026-01-31 16:06:19 [verbose]: 🎱 Thread pool
[runtime] 2026-01-31 16:06:19 [verbose]: threads:         5
[runtime] 2026-01-31 16:06:19 [verbose]: work pending:    0
[runtime] 2026-01-31 16:06:19 [verbose]: work completed:  1,995
[runtime] 2026-01-31 16:06:19 [verbose]: worker:          min 4      max 32,767 available 32,765
[runtime] 2026-01-31 16:06:19 [verbose]: completion:      min 1      max 1,000  available 1,000

  Failed TestCustomRulesetScoreNotSubjectToUpgrades(True) [10 s]
  Error Message:
   "Wait for completion" timed out
  Stack Trace:
     at osu.Game.Tests.Database.BackgroundDataStoreProcessorTests.TestCustomRulesetScoreNotSubjectToUpgrades(Boolean available) in /app/osu.Game.Tests/Database/BackgroundDataStoreProcessorTests.cs:line 210


  Standard Output Messages:
 [runtime] 2026-01-31 16:06:09 [verbose]: 💨 Class: BackgroundDataStoreProcessorTests
 [runtime] 2026-01-31 16:06:09 [verbose]: 🔶 Test:  TestCustomRulesetScoreNotSubjectToUpgrades(True)
 [runtime] 2026-01-31 16:06:09 [verbose]: 🔸 Step #1 Set not playing
 [runtime] 2026-01-31 16:06:09 [verbose]: 🔸 Step #2 Add unavailable ruleset
 [runtime] 2026-01-31 16:06:09 [verbose]: Beginning realm file store cleanup
 [runtime] 2026-01-31 16:06:09 [verbose]: Opened realm "/tmp/of-test-headless/BackgroundDataStoreProcessorTests-58ae318a-f7db-4c0d-b135-df4ec2d64944/client.realm" at version 51
 [runtime] 2026-01-31 16:06:09 [verbose]: Finished realm file store cleanup (0 of 0 deleted)
 [runtime] 2026-01-31 16:06:09 [verbose]: 🔸 Step #3 Add score for unavailable ruleset
 [runtime] 2026-01-31 16:06:09 [verbose]: 🔸 Step #4 Run background processor
 [runtime] 2026-01-31 16:06:09 [verbose]: Beginning background data store processing..
 [runtime] 2026-01-31 16:06:09 [verbose]: Resetting star ratings for osu! (difficulty calculation version updated from 0 to 20251020)
 [runtime] 2026-01-31 16:06:09 [verbose]: 🔸 Step #5 Wait for completion
 [runtime] 2026-01-31 16:06:09 [verbose]: Finished resetting 3 beatmap sets for osu!
 [runtime] 2026-01-31 16:06:09 [verbose]: Resetting star ratings for osu!taiko (difficulty calculation version updated from 0 to 20251020)
 [runtime] 2026-01-31 16:06:09 [verbose]: Finished resetting 3 beatmap sets for osu!taiko
 [runtime] 2026-01-31 16:06:09 [verbose]: Resetting star ratings for osu!catch (difficulty calculation version updated from 0 to 20251020)
 [runtime] 2026-01-31 16:06:09 [verbose]: Finished resetting 3 beatmap sets for osu!catch
 [runtime] 2026-01-31 16:06:09 [verbose]: Resetting star ratings for osu!mania (difficulty calculation version updated from 0 to 20241007)
 [runtime] 2026-01-31 16:06:09 [verbose]: Finished resetting 3 beatmap sets for osu!mania
 [runtime] 2026-01-31 16:06:09 [verbose]: Querying for beatmaps with missing star ratings...
 [runtime] 2026-01-31 16:06:09 [verbose]: Found 12 beatmaps which require star rating reprocessing.
 [runtime] 2026-01-31 16:06:09 [verbose]: Invalidating working beatmap cache for Soleily - RenatusQuick (Deif) [Platter]
 [runtime] 2026-01-31 16:06:09 [verbose]: Invalidating working beatmap cache for Soleily - RenatusQuick (Deif) [Rain]
 [runtime] 2026-01-31 16:06:09 [verbose]: Invalidating working beatmap cache for Soleily - RenatusQuick (Deif) [Salad]
 [runtime] 2026-01-31 16:06:09 [verbose]: Invalidating working beatmap cache for Soleily - RenatusQuick (ExPew) [Another]
 [runtime] 2026-01-31 16:06:09 [verbose]: Invalidating working beatmap cache for Soleily - RenatusQuick (ExPew) [Hyper]
 [runtime] 2026-01-31 16:06:09 [verbose]: Invalidating working beatmap cache for Soleily - RenatusQuick (ExPew) [Normal]
 [runtime] 2026-01-31 16:06:09 [verbose]: Invalidating working beatmap cache for Soleily - RenatusQuick (Gamu) [Hard]
 [runtime] 2026-01-31 16:06:09 [verbose]: Invalidating working beatmap cache for Soleily - RenatusQuick (Gamu) [Insane]
 [runtime] 2026-01-31 16:06:09 [verbose]: Invalidating working beatmap cache for Soleily - RenatusQuick (Gamu) [Normal]
 [runtime] 2026-01-31 16:06:09 [verbose]: Invalidating working beatmap cache for Soleily - RenatusQuick (MMzz) [Futsuu]
 [runtime] 2026-01-31 16:06:09 [verbose]: Invalidating working beatmap cache for Soleily - RenatusQuick (MMzz) [Muzukashii]
 [runtime] 2026-01-31 16:06:09 [verbose]: Invalidating working beatmap cache for Soleily - RenatusQuick (MMzz) [Oni]
 [runtime] 2026-01-31 16:06:09 [verbose]: Querying for beatmap sets to reprocess...
 [runtime] 2026-01-31 16:06:09 [verbose]: Found 1 beatmap sets which require online updates.
 [runtime] 2026-01-31 16:06:09 [verbose]: Invalidating working beatmap cache for Soleily - RenatusQuick (Gamu) [Insane]
 [runtime] 2026-01-31 16:06:09 [verbose]: Invalidating working beatmap cache for Soleily - RenatusQuick (Gamu) [Normal]
 [runtime] 2026-01-31 16:06:09 [verbose]: Invalidating working beatmap cache for Soleily - RenatusQuick (MMzz) [Futsuu]
 [runtime] 2026-01-31 16:06:09 [verbose]: Invalidating working beatmap cache for Soleily - RenatusQuick (MMzz) [Muzukashii]
 [runtime] 2026-01-31 16:06:09 [verbose]: Invalidating working beatmap cache for Soleily - RenatusQuick (MMzz) [Oni]
 [runtime] 2026-01-31 16:06:09 [verbose]: Querying for beatmaps with missing hitobject counts to reprocess...
 [runtime] 2026-01-31 16:06:09 [verbose]: Querying for scores to reprocess...
 [runtime] 2026-01-31 16:06:09 [verbose]: Querying for scores that need total score conversion...
 [runtime] 2026-01-31 16:06:09 [verbose]: Found 0 scores which require total score conversion.
 [runtime] 2026-01-31 16:06:09 [verbose]: Querying for scores that need rank upgrades...
 [runtime] 2026-01-31 16:06:09 [verbose]: Found 0 scores which require rank upgrades.
 [runtime] 2026-01-31 16:06:09 [verbose]: Cannot backpopulate missing submission/rank dates because the local metadata cache is missing.
 [runtime] 2026-01-31 16:06:09 [verbose]: Local metadata cache has too low version to backpopulate user tags, attempting refetch...
 [network] 2026-01-31 16:06:10 [verbose]: Request to https://assets.ppy.sh/client-resources/online.db.bz2?20260131 successfully completed!
 [runtime] 2026-01-31 16:06:19 [verbose]: 💥 Failed (on attempt 1,645)
 [runtime] 2026-01-31 16:06:19 [verbose]: ⏳ Currently loading components (0)
 [runtime] 2026-01-31 16:06:19 [verbose]: 🧵 Task schedulers
 [runtime] 2026-01-31 16:06:19 [verbose]: LoadComponentsAsync (standard) concurrency:4 running:0 pending:0
 [runtime] 2026-01-31 16:06:19 [verbose]: LoadComponentsAsync (long load) concurrency:4 running:0 pending:0
 [runtime] 2026-01-31 16:06:19 [verbose]: 🎱 Thread pool
 [runtime] 2026-01-31 16:06:19 [verbose]: threads:         5
 [runtime] 2026-01-31 16:06:19 [verbose]: work pending:    0
 [runtime] 2026-01-31 16:06:19 [verbose]: work completed:  1,995
 [runtime] 2026-01-31 16:06:19 [verbose]: worker:          min 4      max 32,767 available 32,765
 [runtime] 2026-01-31 16:06:19 [verbose]: completion:      min 1      max 1,000  available 1,000


[runtime] 2026-01-31 16:06:19 [verbose]: 💨 Class: BackgroundDataStoreProcessorTests
[runtime] 2026-01-31 16:06:19 [verbose]: 🔶 Test:  TestCustomRulesetScoreNotSubjectToUpgrades(False)
[runtime] 2026-01-31 16:06:19 [verbose]: 🔸 Step #1 Set not playing
[runtime] 2026-01-31 16:06:19 [verbose]: 🔸 Step #2 Add unavailable ruleset
[runtime] 2026-01-31 16:06:19 [verbose]: 🔸 Step #3 Add score for unavailable ruleset
[runtime] 2026-01-31 16:06:19 [verbose]: 🔸 Step #4 Run background processor
[runtime] 2026-01-31 16:06:19 [verbose]: Beginning background data store processing..
[runtime] 2026-01-31 16:06:19 [verbose]: Resetting star ratings for osu! (difficulty calculation version updated from 0 to 20251020)
[runtime] 2026-01-31 16:06:19 [verbose]: 🔸 Step #5 Wait for completion
[runtime] 2026-01-31 16:06:19 [verbose]: Finished resetting 3 beatmap sets for osu!
[runtime] 2026-01-31 16:06:19 [verbose]: Resetting star ratings for osu!taiko (difficulty calculation version updated from 0 to 20251020)
[runtime] 2026-01-31 16:06:19 [verbose]: Finished resetting 3 beatmap sets for osu!taiko
[runtime] 2026-01-31 16:06:19 [verbose]: Resetting star ratings for osu!catch (difficulty calculation version updated from 0 to 20251020)
[runtime] 2026-01-31 16:06:19 [verbose]: Finished resetting 3 beatmap sets for osu!catch
[runtime] 2026-01-31 16:06:19 [verbose]: Resetting star ratings for osu!mania (difficulty calculation version updated from 0 to 20241007)
[runtime] 2026-01-31 16:06:19 [verbose]: Finished resetting 3 beatmap sets for osu!mania
[runtime] 2026-01-31 16:06:19 [verbose]: Querying for beatmaps with missing star ratings...
[runtime] 2026-01-31 16:06:19 [verbose]: Found 12 beatmaps which require star rating reprocessing.
[runtime] 2026-01-31 16:06:19 [verbose]: Invalidating working beatmap cache for Soleily - RenatusQuick (Deif) [Platter]
[runtime] 2026-01-31 16:06:19 [verbose]: Invalidating working beatmap cache for Soleily - RenatusQuick (Deif) [Rain]
[runtime] 2026-01-31 16:06:19 [verbose]: Invalidating working beatmap cache for Soleily - RenatusQuick (Deif) [Salad]
[runtime] 2026-01-31 16:06:19 [verbose]: Invalidating working beatmap cache for Soleily - RenatusQuick (ExPew) [Another]
[runtime] 2026-01-31 16:06:19 [verbose]: Invalidating working beatmap cache for Soleily - RenatusQuick (ExPew) [Hyper]
[runtime] 2026-01-31 16:06:19 [verbose]: Invalidating working beatmap cache for Soleily - RenatusQuick (ExPew) [Normal]
[runtime] 2026-01-31 16:06:19 [verbose]: Invalidating working beatmap cache for Soleily - RenatusQuick (Gamu) [Hard]
[runtime] 2026-01-31 16:06:19 [verbose]: Invalidating working beatmap cache for Soleily - RenatusQuick (Gamu) [Insane]
[runtime] 2026-01-31 16:06:19 [verbose]: Invalidating working beatmap cache for Soleily - RenatusQuick (Gamu) [Normal]
[runtime] 2026-01-31 16:06:19 [verbose]: Invalidating working beatmap cache for Soleily - RenatusQuick (MMzz) [Futsuu]
[runtime] 2026-01-31 16:06:19 [verbose]: Invalidating working beatmap cache for Soleily - RenatusQuick (MMzz) [Muzukashii]
[runtime] 2026-01-31 16:06:19 [verbose]: Invalidating working beatmap cache for Soleily - RenatusQuick (MMzz) [Oni]
[runtime] 2026-01-31 16:06:19 [verbose]: Querying for beatmap sets to reprocess...
[runtime] 2026-01-31 16:06:19 [verbose]: Found 1 beatmap sets which require online updates.
[database] 2026-01-31 16:06:19 [verbose]: [LocalCachedBeatmapMetadataSource] Local metadata cache is corrupted; attempting purge.
[database] 2026-01-31 16:06:19 [verbose]: [LocalCachedBeatmapMetadataSource] Local metadata cache purged due to corruption.
[runtime] 2026-01-31 16:06:20 [verbose]: Invalidating working beatmap cache for Soleily - RenatusQuick (Deif) [Platter]
[runtime] 2026-01-31 16:06:20 [verbose]: Invalidating working beatmap cache for Soleily - RenatusQuick (Deif) [Rain]
[runtime] 2026-01-31 16:06:20 [verbose]: Invalidating working beatmap cache for Soleily - RenatusQuick (Deif) [Salad]
[runtime] 2026-01-31 16:06:20 [verbose]: Invalidating working beatmap cache for Soleily - RenatusQuick (ExPew) [Another]
[runtime] 2026-01-31 16:06:20 [verbose]: Invalidating working beatmap cache for Soleily - RenatusQuick (ExPew) [Hyper]
[runtime] 2026-01-31 16:06:20 [verbose]: Invalidating working beatmap cache for Soleily - RenatusQuick (ExPew) [Normal]
[runtime] 2026-01-31 16:06:20 [verbose]: Invalidating working beatmap cache for Soleily - RenatusQuick (Gamu) [Hard]
[runtime] 2026-01-31 16:06:20 [verbose]: Invalidating working beatmap cache for Soleily - RenatusQuick (Gamu) [Insane]
[runtime] 2026-01-31 16:06:20 [verbose]: Invalidating working beatmap cache for Soleily - RenatusQuick (Gamu) [Normal]
[runtime] 2026-01-31 16:06:20 [verbose]: Invalidating working beatmap cache for Soleily - RenatusQuick (MMzz) [Futsuu]
[runtime] 2026-01-31 16:06:20 [verbose]: Invalidating working beatmap cache for Soleily - RenatusQuick (MMzz) [Muzukashii]
[runtime] 2026-01-31 16:06:20 [verbose]: Invalidating working beatmap cache for Soleily - RenatusQuick (MMzz) [Oni]
[database] 2026-01-31 16:06:20 [verbose]: [LocalCachedBeatmapMetadataSource] Online cache extraction failed: System.InvalidOperationException: BZip2 compressed file ends unexpectedly
[database] 2026-01-31 16:06:20 [verbose]: at SharpCompress.Compressors.BZip2.CBZip2InputStream.CompressedStreamEOF()
[database] 2026-01-31 16:06:20 [verbose]: at SharpCompress.Compressors.BZip2.CBZip2InputStream.BsR(Int32 n)
[database] 2026-01-31 16:06:20 [verbose]: at SharpCompress.Compressors.BZip2.CBZip2InputStream.GetAndMoveToFrontDecode()
[database] 2026-01-31 16:06:20 [verbose]: at SharpCompress.Compressors.BZip2.CBZip2InputStream.InitBlock()
[database] 2026-01-31 16:06:20 [verbose]: at SharpCompress.Compressors.BZip2.CBZip2InputStream.SetupNoRandPartA()
[database] 2026-01-31 16:06:20 [verbose]: at SharpCompress.Compressors.BZip2.CBZip2InputStream.ReadByte()
[database] 2026-01-31 16:06:20 [verbose]: at SharpCompress.Compressors.BZip2.CBZip2InputStream.Read(Byte[] buffer, Int32 offset, Int32 count)
[database] 2026-01-31 16:06:20 [verbose]: at System.IO.Stream.CopyTo(Stream destination, Int32 bufferSize)
[database] 2026-01-31 16:06:20 [verbose]: at osu.Game.Beatmaps.LocalCachedBeatmapMetadataSource.<>c__DisplayClass10_0.<FetchCache>b__1() in /app/osu.Game/Beatmaps/LocalCachedBeatmapMetadataSource.cs:line 209
[runtime] 2026-01-31 16:06:20 [verbose]: Local metadata cache refetch failed. Aborting user tags backpopulation.
[runtime] 2026-01-31 16:06:20 [verbose]: Finished background data store processing!
[runtime] 2026-01-31 16:06:20 [verbose]: Querying for beatmaps with missing hitobject counts to reprocess...
[runtime] 2026-01-31 16:06:20 [verbose]: Querying for scores to reprocess...
[runtime] 2026-01-31 16:06:20 [verbose]: Querying for scores that need total score conversion...
[runtime] 2026-01-31 16:06:20 [verbose]: Found 0 scores which require total score conversion.
[runtime] 2026-01-31 16:06:20 [verbose]: Querying for scores that need rank upgrades...
[runtime] 2026-01-31 16:06:20 [verbose]: Found 0 scores which require rank upgrades.
[runtime] 2026-01-31 16:06:20 [verbose]: Cannot backpopulate missing submission/rank dates because the local metadata cache is missing.
[runtime] 2026-01-31 16:06:20 [verbose]: Local metadata cache has too low version to backpopulate user tags, attempting refetch...
[network] 2026-01-31 16:06:20 [verbose]: Request to https://assets.ppy.sh/client-resources/online.db.bz2?20260131 successfully completed!
[network] 2026-01-31 16:06:20 [verbose]: Request to https://assets.ppy.sh/client-resources/online.db.bz2?20260131 successfully completed!
[database] 2026-01-31 16:06:20 [verbose]: [LocalCachedBeatmapMetadataSource] Online cache extraction failed: System.IO.IOException: The process cannot access the file '/tmp/of-test-headless/BackgroundDataStoreProcessorTests-58ae318a-f7db-4c0d-b135-df4ec2d64944/online.db' because it is being used by another process.
[database] 2026-01-31 16:06:20 [verbose]: at Microsoft.Win32.SafeHandles.SafeFileHandle.Init(String path, FileMode mode, FileAccess access, FileShare share, FileOptions options, Int64 preallocationSize, Int64& fileLength, UnixFileMode& filePermissions)
[database] 2026-01-31 16:06:20 [verbose]: at Microsoft.Win32.SafeHandles.SafeFileHandle.Open(String fullPath, FileMode mode, FileAccess access, FileShare share, FileOptions options, Int64 preallocationSize, UnixFileMode openPermissions, Int64& fileLength, UnixFileMode& filePermissions, Boolean failForSymlink, Boolean& wasSymlink, Func`4 createOpenException)
[database] 2026-01-31 16:06:20 [verbose]: at System.IO.Strategies.OSFileStreamStrategy..ctor(String path, FileMode mode, FileAccess access, FileShare share, FileOptions options, Int64 preallocationSize, Nullable`1 unixCreateMode)
[database] 2026-01-31 16:06:20 [verbose]: at System.IO.FileStream..ctor(String path, FileMode mode, FileAccess access, FileShare share, Int32 bufferSize, FileOptions options, Int64 preallocationSize)
[database] 2026-01-31 16:06:20 [verbose]: at System.IO.File.OpenWrite(String path)
[database] 2026-01-31 16:06:20 [verbose]: at osu.Game.Beatmaps.LocalCachedBeatmapMetadataSource.<>c__DisplayClass10_0.<FetchCache>b__1() in /app/osu.Game/Beatmaps/LocalCachedBeatmapMetadataSource.cs:line 203
[runtime] 2026-01-31 16:06:20 [verbose]: Local metadata cache refetch failed. Aborting user tags backpopulation.
[runtime] 2026-01-31 16:06:20 [verbose]: Finished background data store processing!
[runtime] 2026-01-31 16:06:20 [verbose]: ✔️ 106 repetitions
[runtime] 2026-01-31 16:06:20 [verbose]: 🔸 Step #6 Score not marked as failed
[runtime] 2026-01-31 16:06:20 [verbose]: 🔸 Step #7 Score version not upgraded
[runtime] 2026-01-31 16:06:20 [verbose]: ✅ BackgroundDataStoreProcessorTests completed

  Passed TestCustomRulesetScoreNotSubjectToUpgrades(False) [781 ms]
  Standard Output Messages:
 [runtime] 2026-01-31 16:06:19 [verbose]: 💨 Class: BackgroundDataStoreProcessorTests
 [runtime] 2026-01-31 16:06:19 [verbose]: 🔶 Test:  TestCustomRulesetScoreNotSubjectToUpgrades(False)
 [runtime] 2026-01-31 16:06:19 [verbose]: 🔸 Step #1 Set not playing
 [runtime] 2026-01-31 16:06:19 [verbose]: 🔸 Step #2 Add unavailable ruleset
 [runtime] 2026-01-31 16:06:19 [verbose]: 🔸 Step #3 Add score for unavailable ruleset
 [runtime] 2026-01-31 16:06:19 [verbose]: 🔸 Step #4 Run background processor
 [runtime] 2026-01-31 16:06:19 [verbose]: Beginning background data store processing..
 [runtime] 2026-01-31 16:06:19 [verbose]: Resetting star ratings for osu! (difficulty calculation version updated from 0 to 20251020)
 [runtime] 2026-01-31 16:06:19 [verbose]: 🔸 Step #5 Wait for completion
 [runtime] 2026-01-31 16:06:19 [verbose]: Finished resetting 3 beatmap sets for osu!
 [runtime] 2026-01-31 16:06:19 [verbose]: Resetting star ratings for osu!taiko (difficulty calculation version updated from 0 to 20251020)
 [runtime] 2026-01-31 16:06:19 [verbose]: Finished resetting 3 beatmap sets for osu!taiko
 [runtime] 2026-01-31 16:06:19 [verbose]: Resetting star ratings for osu!catch (difficulty calculation version updated from 0 to 20251020)
 [runtime] 2026-01-31 16:06:19 [verbose]: Finished resetting 3 beatmap sets for osu!catch
 [runtime] 2026-01-31 16:06:19 [verbose]: Resetting star ratings for osu!mania (difficulty calculation version updated from 0 to 20241007)
 [runtime] 2026-01-31 16:06:19 [verbose]: Finished resetting 3 beatmap sets for osu!mania
 [runtime] 2026-01-31 16:06:19 [verbose]: Querying for beatmaps with missing star ratings...
 [runtime] 2026-01-31 16:06:19 [verbose]: Found 12 beatmaps which require star rating reprocessing.
 [runtime] 2026-01-31 16:06:19 [verbose]: Invalidating working beatmap cache for Soleily - RenatusQuick (Deif) [Platter]
 [runtime] 2026-01-31 16:06:19 [verbose]: Invalidating working beatmap cache for Soleily - RenatusQuick (Deif) [Rain]
 [runtime] 2026-01-31 16:06:19 [verbose]: Invalidating working beatmap cache for Soleily - RenatusQuick (Deif) [Salad]
 [runtime] 2026-01-31 16:06:19 [verbose]: Invalidating working beatmap cache for Soleily - RenatusQuick (ExPew) [Another]
 [runtime] 2026-01-31 16:06:19 [verbose]: Invalidating working beatmap cache for Soleily - RenatusQuick (ExPew) [Hyper]
 [runtime] 2026-01-31 16:06:19 [verbose]: Invalidating working beatmap cache for Soleily - RenatusQuick (ExPew) [Normal]
 [runtime] 2026-01-31 16:06:19 [verbose]: Invalidating working beatmap cache for Soleily - RenatusQuick (Gamu) [Hard]
 [runtime] 2026-01-31 16:06:19 [verbose]: Invalidating working beatmap cache for Soleily - RenatusQuick (Gamu) [Insane]
 [runtime] 2026-01-31 16:06:19 [verbose]: Invalidating working beatmap cache for Soleily - RenatusQuick (Gamu) [Normal]
 [runtime] 2026-01-31 16:06:19 [verbose]: Invalidating working beatmap cache for Soleily - RenatusQuick (MMzz) [Futsuu]
 [runtime] 2026-01-31 16:06:19 [verbose]: Invalidating working beatmap cache for Soleily - RenatusQuick (MMzz) [Muzukashii]
 [runtime] 2026-01-31 16:06:19 [verbose]: Invalidating working beatmap cache for Soleily - RenatusQuick (MMzz) [Oni]
 [runtime] 2026-01-31 16:06:19 [verbose]: Querying for beatmap sets to reprocess...
 [runtime] 2026-01-31 16:06:19 [verbose]: Found 1 beatmap sets which require online updates.
 [database] 2026-01-31 16:06:19 [verbose]: [LocalCachedBeatmapMetadataSource] Local metadata cache is corrupted; attempting purge.
 [database] 2026-01-31 16:06:19 [verbose]: [LocalCachedBeatmapMetadataSource] Local metadata cache purged due to corruption.
 [runtime] 2026-01-31 16:06:20 [verbose]: Invalidating working beatmap cache for Soleily - RenatusQuick (Deif) [Platter]
 [runtime] 2026-01-31 16:06:20 [verbose]: Invalidating working beatmap cache for Soleily - RenatusQuick (Deif) [Rain]
 [runtime] 2026-01-31 16:06:20 [verbose]: Invalidating working beatmap cache for Soleily - RenatusQuick (Deif) [Salad]
 [runtime] 2026-01-31 16:06:20 [verbose]: Invalidating working beatmap cache for Soleily - RenatusQuick (ExPew) [Another]
 [runtime] 2026-01-31 16:06:20 [verbose]: Invalidating working beatmap cache for Soleily - RenatusQuick (ExPew) [Hyper]
 [runtime] 2026-01-31 16:06:20 [verbose]: Invalidating working beatmap cache for Soleily - RenatusQuick (ExPew) [Normal]
 [runtime] 2026-01-31 16:06:20 [verbose]: Invalidating working beatmap cache for Soleily - RenatusQuick (Gamu) [Hard]
 [runtime] 2026-01-31 16:06:20 [verbose]: Invalidating working beatmap cache for Soleily - RenatusQuick (Gamu) [Insane]
 [runtime] 2026-01-31 16:06:20 [verbose]: Invalidating working beatmap cache for Soleily - RenatusQuick (Gamu) [Normal]
 [runtime] 2026-01-31 16:06:20 [verbose]: Invalidating working beatmap cache for Soleily - RenatusQuick (MMzz) [Futsuu]
 [runtime] 2026-01-31 16:06:20 [verbose]: Invalidating working beatmap cache for Soleily - RenatusQuick (MMzz) [Muzukashii]
 [runtime] 2026-01-31 16:06:20 [verbose]: Invalidating working beatmap cache for Soleily - RenatusQuick (MMzz) [Oni]
 [database] 2026-01-31 16:06:20 [verbose]: [LocalCachedBeatmapMetadataSource] Online cache extraction failed: System.InvalidOperationException: BZip2 compressed file ends unexpectedly
 [database] 2026-01-31 16:06:20 [verbose]: at SharpCompress.Compressors.BZip2.CBZip2InputStream.CompressedStreamEOF()
 [database] 2026-01-31 16:06:20 [verbose]: at SharpCompress.Compressors.BZip2.CBZip2InputStream.BsR(Int32 n)
 [database] 2026-01-31 16:06:20 [verbose]: at SharpCompress.Compressors.BZip2.CBZip2InputStream.GetAndMoveToFrontDecode()
 [database] 2026-01-31 16:06:20 [verbose]: at SharpCompress.Compressors.BZip2.CBZip2InputStream.InitBlock()
 [database] 2026-01-31 16:06:20 [verbose]: at SharpCompress.Compressors.BZip2.CBZip2InputStream.SetupNoRandPartA()
 [database] 2026-01-31 16:06:20 [verbose]: at SharpCompress.Compressors.BZip2.CBZip2InputStream.ReadByte()
 [database] 2026-01-31 16:06:20 [verbose]: at SharpCompress.Compressors.BZip2.CBZip2InputStream.Read(Byte[] buffer, Int32 offset, Int32 count)
 [database] 2026-01-31 16:06:20 [verbose]: at System.IO.Stream.CopyTo(Stream destination, Int32 bufferSize)
 [database] 2026-01-31 16:06:20 [verbose]: at osu.Game.Beatmaps.LocalCachedBeatmapMetadataSource.<>c__DisplayClass10_0.<FetchCache>b__1() in /app/osu.Game/Beatmaps/LocalCachedBeatmapMetadataSource.cs:line 209
 [runtime] 2026-01-31 16:06:20 [verbose]: Local metadata cache refetch failed. Aborting user tags backpopulation.
 [runtime] 2026-01-31 16:06:20 [verbose]: Finished background data store processing!
 [runtime] 2026-01-31 16:06:20 [verbose]: Querying for beatmaps with missing hitobject counts to reprocess...
 [runtime] 2026-01-31 16:06:20 [verbose]: Querying for scores to reprocess...
 [runtime] 2026-01-31 16:06:20 [verbose]: Querying for scores that need total score conversion...
 [runtime] 2026-01-31 16:06:20 [verbose]: Found 0 scores which require total score conversion.
 [runtime] 2026-01-31 16:06:20 [verbose]: Querying for scores that need rank upgrades...
 [runtime] 2026-01-31 16:06:20 [verbose]: Found 0 scores which require rank upgrades.
 [runtime] 2026-01-31 16:06:20 [verbose]: Cannot backpopulate missing submission/rank dates because the local metadata cache is missing.
 [runtime] 2026-01-31 16:06:20 [verbose]: Local metadata cache has too low version to backpopulate user tags, attempting refetch...
 [network] 2026-01-31 16:06:20 [verbose]: Request to https://assets.ppy.sh/client-resources/online.db.bz2?20260131 successfully completed!
 [network] 2026-01-31 16:06:20 [verbose]: Request to https://assets.ppy.sh/client-resources/online.db.bz2?20260131 successfully completed!
 [database] 2026-01-31 16:06:20 [verbose]: [LocalCachedBeatmapMetadataSource] Online cache extraction failed: System.IO.IOException: The process cannot access the file '/tmp/of-test-headless/BackgroundDataStoreProcessorTests-58ae318a-f7db-4c0d-b135-df4ec2d64944/online.db' because it is being used by another process.
 [database] 2026-01-31 16:06:20 [verbose]: at Microsoft.Win32.SafeHandles.SafeFileHandle.Init(String path, FileMode mode, FileAccess access, FileShare share, FileOptions options, Int64 preallocationSize, Int64& fileLength, UnixFileMode& filePermissions)
 [database] 2026-01-31 16:06:20 [verbose]: at Microsoft.Win32.SafeHandles.SafeFileHandle.Open(String fullPath, FileMode mode, FileAccess access, FileShare share, FileOptions options, Int64 preallocationSize, UnixFileMode openPermissions, Int64& fileLength, UnixFileMode& filePermissions, Boolean failForSymlink, Boolean& wasSymlink, Func`4 createOpenException)
 [database] 2026-01-31 16:06:20 [verbose]: at System.IO.Strategies.OSFileStreamStrategy..ctor(String path, FileMode mode, FileAccess access, FileShare share, FileOptions options, Int64 preallocationSize, Nullable`1 unixCreateMode)
 [database] 2026-01-31 16:06:20 [verbose]: at System.IO.FileStream..ctor(String path, FileMode mode, FileAccess access, FileShare share, Int32 bufferSize, FileOptions options, Int64 preallocationSize)
 [database] 2026-01-31 16:06:20 [verbose]: at System.IO.File.OpenWrite(String path)
 [database] 2026-01-31 16:06:20 [verbose]: at osu.Game.Beatmaps.LocalCachedBeatmapMetadataSource.<>c__DisplayClass10_0.<FetchCache>b__1() in /app/osu.Game/Beatmaps/LocalCachedBeatmapMetadataSource.cs:line 203
 [runtime] 2026-01-31 16:06:20 [verbose]: Local metadata cache refetch failed. Aborting user tags backpopulation.
 [runtime] 2026-01-31 16:06:20 [verbose]: Finished background data store processing!
 [runtime] 2026-01-31 16:06:20 [verbose]: ✔️ 106 repetitions
 [runtime] 2026-01-31 16:06:20 [verbose]: 🔸 Step #6 Score not marked as failed
 [runtime] 2026-01-31 16:06:20 [verbose]: 🔸 Step #7 Score version not upgraded
 [runtime] 2026-01-31 16:06:20 [verbose]: ✅ BackgroundDataStoreProcessorTests completed


[runtime] 2026-01-31 16:06:20 [verbose]: 💨 Class: BackgroundDataStoreProcessorTests
[runtime] 2026-01-31 16:06:20 [verbose]: 🔶 Test:  TestDifficultyProcessing
[runtime] 2026-01-31 16:06:20 [verbose]: 🔸 Step #1 Set not playing
[runtime] 2026-01-31 16:06:20 [verbose]: 🔸 Step #2 Difficulty is initially set
[runtime] 2026-01-31 16:06:20 [verbose]: 🔸 Step #3 Reset difficulty
[runtime] 2026-01-31 16:06:20 [verbose]: 🔸 Step #4 Run background processor
[runtime] 2026-01-31 16:06:20 [verbose]: Beginning background data store processing..
[runtime] 2026-01-31 16:06:20 [verbose]: Resetting star ratings for osu! (difficulty calculation version updated from 0 to 20251020)
[runtime] 2026-01-31 16:06:20 [verbose]: Finished resetting 3 beatmap sets for osu!
[runtime] 2026-01-31 16:06:20 [verbose]: Resetting star ratings for osu!taiko (difficulty calculation version updated from 0 to 20251020)
[runtime] 2026-01-31 16:06:20 [verbose]: 🔸 Step #5 Wait for completion
[runtime] 2026-01-31 16:06:20 [verbose]: Finished resetting 3 beatmap sets for osu!taiko
[runtime] 2026-01-31 16:06:20 [verbose]: Resetting star ratings for osu!catch (difficulty calculation version updated from 0 to 20251020)
[runtime] 2026-01-31 16:06:20 [verbose]: Finished resetting 3 beatmap sets for osu!catch
[runtime] 2026-01-31 16:06:20 [verbose]: Resetting star ratings for osu!mania (difficulty calculation version updated from 0 to 20241007)
[runtime] 2026-01-31 16:06:20 [verbose]: Finished resetting 3 beatmap sets for osu!mania
[runtime] 2026-01-31 16:06:20 [verbose]: Querying for beatmaps with missing star ratings...
[runtime] 2026-01-31 16:06:20 [verbose]: Found 12 beatmaps which require star rating reprocessing.
[runtime] 2026-01-31 16:06:20 [verbose]: Invalidating working beatmap cache for Soleily - RenatusQuick (Deif) [Platter]
[runtime] 2026-01-31 16:06:20 [verbose]: Invalidating working beatmap cache for Soleily - RenatusQuick (Deif) [Rain]
[runtime] 2026-01-31 16:06:20 [verbose]: Invalidating working beatmap cache for Soleily - RenatusQuick (Deif) [Salad]
[runtime] 2026-01-31 16:06:20 [verbose]: Invalidating working beatmap cache for Soleily - RenatusQuick (ExPew) [Another]
[runtime] 2026-01-31 16:06:20 [verbose]: Invalidating working beatmap cache for Soleily - RenatusQuick (ExPew) [Hyper]
[runtime] 2026-01-31 16:06:20 [verbose]: Invalidating working beatmap cache for Soleily - RenatusQuick (ExPew) [Normal]
[runtime] 2026-01-31 16:06:20 [verbose]: Invalidating working beatmap cache for Soleily - RenatusQuick (Gamu) [Hard]
[runtime] 2026-01-31 16:06:20 [verbose]: Invalidating working beatmap cache for Soleily - RenatusQuick (Gamu) [Insane]
[runtime] 2026-01-31 16:06:20 [verbose]: Invalidating working beatmap cache for Soleily - RenatusQuick (Gamu) [Normal]
[runtime] 2026-01-31 16:06:20 [verbose]: Invalidating working beatmap cache for Soleily - RenatusQuick (MMzz) [Futsuu]
[runtime] 2026-01-31 16:06:20 [verbose]: Invalidating working beatmap cache for Soleily - RenatusQuick (MMzz) [Muzukashii]
[runtime] 2026-01-31 16:06:20 [verbose]: Invalidating working beatmap cache for Soleily - RenatusQuick (MMzz) [Oni]
[runtime] 2026-01-31 16:06:20 [verbose]: Querying for beatmap sets to reprocess...
[runtime] 2026-01-31 16:06:20 [verbose]: Found 1 beatmap sets which require online updates.
[runtime] 2026-01-31 16:06:20 [verbose]: Invalidating working beatmap cache for Soleily - RenatusQuick (Deif) [Platter]
[runtime] 2026-01-31 16:06:20 [verbose]: Invalidating working beatmap cache for Soleily - RenatusQuick (Deif) [Rain]
[runtime] 2026-01-31 16:06:20 [verbose]: Invalidating working beatmap cache for Soleily - RenatusQuick (Deif) [Salad]
[runtime] 2026-01-31 16:06:20 [verbose]: Invalidating working beatmap cache for Soleily - RenatusQuick (ExPew) [Another]
[runtime] 2026-01-31 16:06:20 [verbose]: Invalidating working beatmap cache for Soleily - RenatusQuick (ExPew) [Hyper]
[runtime] 2026-01-31 16:06:20 [verbose]: Invalidating working beatmap cache for Soleily - RenatusQuick (ExPew) [Normal]
[runtime] 2026-01-31 16:06:20 [verbose]: Invalidating working beatmap cache for Soleily - RenatusQuick (Gamu) [Hard]
[runtime] 2026-01-31 16:06:20 [verbose]: Invalidating working beatmap cache for Soleily - RenatusQuick (Gamu) [Insane]
[runtime] 2026-01-31 16:06:20 [verbose]: Invalidating working beatmap cache for Soleily - RenatusQuick (Gamu) [Normal]
[runtime] 2026-01-31 16:06:20 [verbose]: Invalidating working beatmap cache for Soleily - RenatusQuick (MMzz) [Futsuu]
[runtime] 2026-01-31 16:06:20 [verbose]: Invalidating working beatmap cache for Soleily - RenatusQuick (MMzz) [Muzukashii]
[runtime] 2026-01-31 16:06:20 [verbose]: Invalidating working beatmap cache for Soleily - RenatusQuick (MMzz) [Oni]
[runtime] 2026-01-31 16:06:20 [verbose]: Querying for beatmaps with missing hitobject counts to reprocess...
[runtime] 2026-01-31 16:06:20 [verbose]: Querying for scores to reprocess...
[runtime] 2026-01-31 16:06:20 [verbose]: Querying for scores that need total score conversion...
[runtime] 2026-01-31 16:06:20 [verbose]: Found 0 scores which require total score conversion.
[runtime] 2026-01-31 16:06:20 [verbose]: Querying for scores that need rank upgrades...
[runtime] 2026-01-31 16:06:20 [verbose]: Found 0 scores which require rank upgrades.
[runtime] 2026-01-31 16:06:20 [verbose]: Cannot backpopulate missing submission/rank dates because the local metadata cache is missing.
[runtime] 2026-01-31 16:06:20 [verbose]: Local metadata cache has too low version to backpopulate user tags, attempting refetch...
[network] 2026-01-31 16:06:21 [verbose]: Request to https://assets.ppy.sh/client-resources/online.db.bz2?20260131 successfully completed!
[runtime] 2026-01-31 16:06:30 [verbose]: 💥 Failed (on attempt 1,594)
[runtime] 2026-01-31 16:06:30 [verbose]: ⏳ Currently loading components (0)
[runtime] 2026-01-31 16:06:30 [verbose]: 🧵 Task schedulers
[runtime] 2026-01-31 16:06:30 [verbose]: LoadComponentsAsync (standard) concurrency:4 running:0 pending:0
[runtime] 2026-01-31 16:06:30 [verbose]: LoadComponentsAsync (long load) concurrency:4 running:0 pending:0
[runtime] 2026-01-31 16:06:30 [verbose]: 🎱 Thread pool
[runtime] 2026-01-31 16:06:30 [verbose]: threads:         8
[runtime] 2026-01-31 16:06:30 [verbose]: work pending:    0
[runtime] 2026-01-31 16:06:30 [verbose]: work completed:  6,718
[runtime] 2026-01-31 16:06:30 [verbose]: worker:          min 4      max 32,767 available 32,764
[runtime] 2026-01-31 16:06:30 [verbose]: completion:      min 1      max 1,000  available 1,000

  Failed TestDifficultyProcessing [10 s]
  Error Message:
   "Wait for completion" timed out
  Stack Trace:
     at osu.Game.Tests.Database.BackgroundDataStoreProcessorTests.TestDifficultyProcessing() in /app/osu.Game.Tests/Database/BackgroundDataStoreProcessorTests.cs:line 67


  Standard Output Messages:
 [runtime] 2026-01-31 16:06:20 [verbose]: 💨 Class: BackgroundDataStoreProcessorTests
 [runtime] 2026-01-31 16:06:20 [verbose]: 🔶 Test:  TestDifficultyProcessing
 [runtime] 2026-01-31 16:06:20 [verbose]: 🔸 Step #1 Set not playing
 [runtime] 2026-01-31 16:06:20 [verbose]: 🔸 Step #2 Difficulty is initially set
 [runtime] 2026-01-31 16:06:20 [verbose]: 🔸 Step #3 Reset difficulty
 [runtime] 2026-01-31 16:06:20 [verbose]: 🔸 Step #4 Run background processor
 [runtime] 2026-01-31 16:06:20 [verbose]: Beginning background data store processing..
 [runtime] 2026-01-31 16:06:20 [verbose]: Resetting star ratings for osu! (difficulty calculation version updated from 0 to 20251020)
 [runtime] 2026-01-31 16:06:20 [verbose]: Finished resetting 3 beatmap sets for osu!
 [runtime] 2026-01-31 16:06:20 [verbose]: Resetting star ratings for osu!taiko (difficulty calculation version updated from 0 to 20251020)
 [runtime] 2026-01-31 16:06:20 [verbose]: 🔸 Step #5 Wait for completion
 [runtime] 2026-01-31 16:06:20 [verbose]: Finished resetting 3 beatmap sets for osu!taiko
 [runtime] 2026-01-31 16:06:20 [verbose]: Resetting star ratings for osu!catch (difficulty calculation version updated from 0 to 20251020)
 [runtime] 2026-01-31 16:06:20 [verbose]: Finished resetting 3 beatmap sets for osu!catch
 [runtime] 2026-01-31 16:06:20 [verbose]: Resetting star ratings for osu!mania (difficulty calculation version updated from 0 to 20241007)
 [runtime] 2026-01-31 16:06:20 [verbose]: Finished resetting 3 beatmap sets for osu!mania
 [runtime] 2026-01-31 16:06:20 [verbose]: Querying for beatmaps with missing star ratings...
 [runtime] 2026-01-31 16:06:20 [verbose]: Found 12 beatmaps which require star rating reprocessing.
 [runtime] 2026-01-31 16:06:20 [verbose]: Invalidating working beatmap cache for Soleily - RenatusQuick (Deif) [Platter]
 [runtime] 2026-01-31 16:06:20 [verbose]: Invalidating working beatmap cache for Soleily - RenatusQuick (Deif) [Rain]
 [runtime] 2026-01-31 16:06:20 [verbose]: Invalidating working beatmap cache for Soleily - RenatusQuick (Deif) [Salad]
 [runtime] 2026-01-31 16:06:20 [verbose]: Invalidating working beatmap cache for Soleily - RenatusQuick (ExPew) [Another]
 [runtime] 2026-01-31 16:06:20 [verbose]: Invalidating working beatmap cache for Soleily - RenatusQuick (ExPew) [Hyper]
 [runtime] 2026-01-31 16:06:20 [verbose]: Invalidating working beatmap cache for Soleily - RenatusQuick (ExPew) [Normal]
 [runtime] 2026-01-31 16:06:20 [verbose]: Invalidating working beatmap cache for Soleily - RenatusQuick (Gamu) [Hard]
 [runtime] 2026-01-31 16:06:20 [verbose]: Invalidating working beatmap cache for Soleily - RenatusQuick (Gamu) [Insane]
 [runtime] 2026-01-31 16:06:20 [verbose]: Invalidating working beatmap cache for Soleily - RenatusQuick (Gamu) [Normal]
 [runtime] 2026-01-31 16:06:20 [verbose]: Invalidating working beatmap cache for Soleily - RenatusQuick (MMzz) [Futsuu]
 [runtime] 2026-01-31 16:06:20 [verbose]: Invalidating working beatmap cache for Soleily - RenatusQuick (MMzz) [Muzukashii]
 [runtime] 2026-01-31 16:06:20 [verbose]: Invalidating working beatmap cache for Soleily - RenatusQuick (MMzz) [Oni]
 [runtime] 2026-01-31 16:06:20 [verbose]: Querying for beatmap sets to reprocess...
 [runtime] 2026-01-31 16:06:20 [verbose]: Found 1 beatmap sets which require online updates.
 [runtime] 2026-01-31 16:06:20 [verbose]: Invalidating working beatmap cache for Soleily - RenatusQuick (Deif) [Platter]
 [runtime] 2026-01-31 16:06:20 [verbose]: Invalidating working beatmap cache for Soleily - RenatusQuick (Deif) [Rain]
 [runtime] 2026-01-31 16:06:20 [verbose]: Invalidating working beatmap cache for Soleily - RenatusQuick (Deif) [Salad]
 [runtime] 2026-01-31 16:06:20 [verbose]: Invalidating working beatmap cache for Soleily - RenatusQuick (ExPew) [Another]
 [runtime] 2026-01-31 16:06:20 [verbose]: Invalidating working beatmap cache for Soleily - RenatusQuick (ExPew) [Hyper]
 [runtime] 2026-01-31 16:06:20 [verbose]: Invalidating working beatmap cache for Soleily - RenatusQuick (ExPew) [Normal]
 [runtime] 2026-01-31 16:06:20 [verbose]: Invalidating working beatmap cache for Soleily - RenatusQuick (Gamu) [Hard]
 [runtime] 2026-01-31 16:06:20 [verbose]: Invalidating working beatmap cache for Soleily - RenatusQuick (Gamu) [Insane]
 [runtime] 2026-01-31 16:06:20 [verbose]: Invalidating working beatmap cache for Soleily - RenatusQuick (Gamu) [Normal]
 [runtime] 2026-01-31 16:06:20 [verbose]: Invalidating working beatmap cache for Soleily - RenatusQuick (MMzz) [Futsuu]
 [runtime] 2026-01-31 16:06:20 [verbose]: Invalidating working beatmap cache for Soleily - RenatusQuick (MMzz) [Muzukashii]
 [runtime] 2026-01-31 16:06:20 [verbose]: Invalidating working beatmap cache for Soleily - RenatusQuick (MMzz) [Oni]
 [runtime] 2026-01-31 16:06:20 [verbose]: Querying for beatmaps with missing hitobject counts to reprocess...
 [runtime] 2026-01-31 16:06:20 [verbose]: Querying for scores to reprocess...
 [runtime] 2026-01-31 16:06:20 [verbose]: Querying for scores that need total score conversion...
 [runtime] 2026-01-31 16:06:20 [verbose]: Found 0 scores which require total score conversion.
 [runtime] 2026-01-31 16:06:20 [verbose]: Querying for scores that need rank upgrades...
 [runtime] 2026-01-31 16:06:20 [verbose]: Found 0 scores which require rank upgrades.
 [runtime] 2026-01-31 16:06:20 [verbose]: Cannot backpopulate missing submission/rank dates because the local metadata cache is missing.
 [runtime] 2026-01-31 16:06:20 [verbose]: Local metadata cache has too low version to backpopulate user tags, attempting refetch...
 [network] 2026-01-31 16:06:21 [verbose]: Request to https://assets.ppy.sh/client-resources/online.db.bz2?20260131 successfully completed!
 [runtime] 2026-01-31 16:06:30 [verbose]: 💥 Failed (on attempt 1,594)
 [runtime] 2026-01-31 16:06:30 [verbose]: ⏳ Currently loading components (0)
 [runtime] 2026-01-31 16:06:30 [verbose]: 🧵 Task schedulers
 [runtime] 2026-01-31 16:06:30 [verbose]: LoadComponentsAsync (standard) concurrency:4 running:0 pending:0
 [runtime] 2026-01-31 16:06:30 [verbose]: LoadComponentsAsync (long load) concurrency:4 running:0 pending:0
 [runtime] 2026-01-31 16:06:30 [verbose]: 🎱 Thread pool
 [runtime] 2026-01-31 16:06:30 [verbose]: threads:         8
 [runtime] 2026-01-31 16:06:30 [verbose]: work pending:    0
 [runtime] 2026-01-31 16:06:30 [verbose]: work completed:  6,718
 [runtime] 2026-01-31 16:06:30 [verbose]: worker:          min 4      max 32,767 available 32,764
 [runtime] 2026-01-31 16:06:30 [verbose]: completion:      min 1      max 1,000  available 1,000


[runtime] 2026-01-31 16:06:30 [verbose]: 💨 Class: BackgroundDataStoreProcessorTests
[runtime] 2026-01-31 16:06:30 [verbose]: 🔶 Test:  TestDifficultyProcessingWhilePlaying
[runtime] 2026-01-31 16:06:30 [verbose]: 🔸 Step #1 Set not playing
[runtime] 2026-01-31 16:06:30 [verbose]: 🔸 Step #2 Difficulty is initially set
[runtime] 2026-01-31 16:06:30 [verbose]: 🔸 Step #3 Set playing
[runtime] 2026-01-31 16:06:30 [verbose]: 🔸 Step #4 Reset difficulty
[runtime] 2026-01-31 16:06:30 [verbose]: 🔸 Step #5 Run background processor
[runtime] 2026-01-31 16:06:30 [verbose]: Beginning background data store processing..
[runtime] 2026-01-31 16:06:30 [verbose]: Resetting star ratings for osu! (difficulty calculation version updated from 0 to 20251020)
[runtime] 2026-01-31 16:06:30 [verbose]: Finished resetting 3 beatmap sets for osu!
[runtime] 2026-01-31 16:06:30 [verbose]: Resetting star ratings for osu!taiko (difficulty calculation version updated from 0 to 20251020)
[runtime] 2026-01-31 16:06:30 [verbose]: 🔸 Step #6 wait some 0/500
[runtime] 2026-01-31 16:06:30 [verbose]: Finished resetting 3 beatmap sets for osu!taiko
[runtime] 2026-01-31 16:06:30 [verbose]: Resetting star ratings for osu!catch (difficulty calculation version updated from 0 to 20251020)
[runtime] 2026-01-31 16:06:30 [verbose]: Finished resetting 3 beatmap sets for osu!catch
[runtime] 2026-01-31 16:06:30 [verbose]: Resetting star ratings for osu!mania (difficulty calculation version updated from 0 to 20241007)
[runtime] 2026-01-31 16:06:30 [verbose]: Finished resetting 3 beatmap sets for osu!mania
[runtime] 2026-01-31 16:06:30 [verbose]: Querying for beatmaps with missing star ratings...
[runtime] 2026-01-31 16:06:30 [verbose]: Found 12 beatmaps which require star rating reprocessing.
[runtime] 2026-01-31 16:06:30 [verbose]: Background processing sleeping due to active gameplay...
[runtime] 2026-01-31 16:06:30 [verbose]: Background processing sleeping due to active gameplay...
[runtime] 2026-01-31 16:06:30 [verbose]: Background processing sleeping due to active gameplay...
[runtime] 2026-01-31 16:06:30 [verbose]: Background processing sleeping due to active gameplay...
[runtime] 2026-01-31 16:06:30 [verbose]: Background processing sleeping due to active gameplay...
[runtime] 2026-01-31 16:06:30 [verbose]: Background processing sleeping due to active gameplay...
[runtime] 2026-01-31 16:06:30 [verbose]: Background processing sleeping due to active gameplay...
[runtime] 2026-01-31 16:06:30 [verbose]: Background processing sleeping due to active gameplay...
[runtime] 2026-01-31 16:06:30 [verbose]: Background processing sleeping due to active gameplay...
[runtime] 2026-01-31 16:06:30 [verbose]: Background processing sleeping due to active gameplay...
[runtime] 2026-01-31 16:06:30 [verbose]: Background processing sleeping due to active gameplay...
[runtime] 2026-01-31 16:06:30 [verbose]: Background processing sleeping due to active gameplay...
[runtime] 2026-01-31 16:06:30 [verbose]: Background processing sleeping due to active gameplay...
[runtime] 2026-01-31 16:06:30 [verbose]: Background processing sleeping due to active gameplay...
[runtime] 2026-01-31 16:06:30 [verbose]: Background processing sleeping due to active gameplay...
[runtime] 2026-01-31 16:06:30 [verbose]: Background processing sleeping due to active gameplay...
[runtime] 2026-01-31 16:06:30 [verbose]: Background processing sleeping due to active gameplay...
[runtime] 2026-01-31 16:06:30 [verbose]: Background processing sleeping due to active gameplay...
[runtime] 2026-01-31 16:06:30 [verbose]: Background processing sleeping due to active gameplay...
[runtime] 2026-01-31 16:06:30 [verbose]: Background processing sleeping due to active gameplay...
[runtime] 2026-01-31 16:06:30 [verbose]: Background processing sleeping due to active gameplay...
[runtime] 2026-01-31 16:06:30 [verbose]: Background processing sleeping due to active gameplay...
[runtime] 2026-01-31 16:06:30 [verbose]: Background processing sleeping due to active gameplay...
[runtime] 2026-01-31 16:06:30 [verbose]: Background processing sleeping due to active gameplay...
[runtime] 2026-01-31 16:06:30 [verbose]: Background processing sleeping due to active gameplay...
[runtime] 2026-01-31 16:06:30 [verbose]: Background processing sleeping due to active gameplay...
[runtime] 2026-01-31 16:06:30 [verbose]: Background processing sleeping due to active gameplay...
[runtime] 2026-01-31 16:06:30 [verbose]: Background processing sleeping due to active gameplay...
[runtime] 2026-01-31 16:06:30 [verbose]: Background processing sleeping due to active gameplay...
[runtime] 2026-01-31 16:06:30 [verbose]: Background processing sleeping due to active gameplay...
[runtime] 2026-01-31 16:06:30 [verbose]: Background processing sleeping due to active gameplay...
[runtime] 2026-01-31 16:06:30 [verbose]: Background processing sleeping due to active gameplay...
[runtime] 2026-01-31 16:06:30 [verbose]: Background processing sleeping due to active gameplay...
[runtime] 2026-01-31 16:06:30 [verbose]: Background processing sleeping due to active gameplay...
[runtime] 2026-01-31 16:06:30 [verbose]: Background processing sleeping due to active gameplay...
[runtime] 2026-01-31 16:06:30 [verbose]: Background processing sleeping due to active gameplay...
[runtime] 2026-01-31 16:06:30 [verbose]: Background processing sleeping due to active gameplay...
[runtime] 2026-01-31 16:06:30 [verbose]: Background processing sleeping due to active gameplay...
[runtime] 2026-01-31 16:06:30 [verbose]: Background processing sleeping due to active gameplay...
[runtime] 2026-01-31 16:06:31 [verbose]: Background processing sleeping due to active gameplay...
[runtime] 2026-01-31 16:06:31 [verbose]: Background processing sleeping due to active gameplay...
[runtime] 2026-01-31 16:06:31 [verbose]: Background processing sleeping due to active gameplay...
[runtime] 2026-01-31 16:06:31 [verbose]: Background processing sleeping due to active gameplay...
[runtime] 2026-01-31 16:06:31 [verbose]: Background processing sleeping due to active gameplay...
[runtime] 2026-01-31 16:06:31 [verbose]: Background processing sleeping due to active gameplay...
[runtime] 2026-01-31 16:06:31 [verbose]: Background processing sleeping due to active gameplay...
[runtime] 2026-01-31 16:06:31 [verbose]: Background processing sleeping due to active gameplay...
[runtime] 2026-01-31 16:06:31 [verbose]: Background processing sleeping due to active gameplay...
[runtime] 2026-01-31 16:06:31 [verbose]: Background processing sleeping due to active gameplay...
[runtime] 2026-01-31 16:06:31 [verbose]: Background processing sleeping due to active gameplay...
[runtime] 2026-01-31 16:06:31 [verbose]: Background processing sleeping due to active gameplay...
[runtime] 2026-01-31 16:06:31 [verbose]: Background processing sleeping due to active gameplay...
[runtime] 2026-01-31 16:06:31 [verbose]: Background processing sleeping due to active gameplay...
[runtime] 2026-01-31 16:06:31 [verbose]: Background processing sleeping due to active gameplay...
[runtime] 2026-01-31 16:06:31 [verbose]: Background processing sleeping due to active gameplay...
[runtime] 2026-01-31 16:06:31 [verbose]: Background processing sleeping due to active gameplay...
[runtime] 2026-01-31 16:06:31 [verbose]: Background processing sleeping due to active gameplay...
[runtime] 2026-01-31 16:06:31 [verbose]: Background processing sleeping due to active gameplay...
[runtime] 2026-01-31 16:06:31 [verbose]: Background processing sleeping due to active gameplay...
[runtime] 2026-01-31 16:06:31 [verbose]: Background processing sleeping due to active gameplay...
[runtime] 2026-01-31 16:06:31 [verbose]: Background processing sleeping due to active gameplay...
[runtime] 2026-01-31 16:06:31 [verbose]: Background processing sleeping due to active gameplay...
[runtime] 2026-01-31 16:06:31 [verbose]: Background processing sleeping due to active gameplay...
[runtime] 2026-01-31 16:06:31 [verbose]: Background processing sleeping due to active gameplay...
[runtime] 2026-01-31 16:06:31 [verbose]: Background processing sleeping due to active gameplay...
[runtime] 2026-01-31 16:06:31 [verbose]: Background processing sleeping due to active gameplay...
[runtime] 2026-01-31 16:06:31 [verbose]: Background processing sleeping due to active gameplay...
[runtime] 2026-01-31 16:06:31 [verbose]: Background processing sleeping due to active gameplay...
[runtime] 2026-01-31 16:06:31 [verbose]: Background processing sleeping due to active gameplay...
[runtime] 2026-01-31 16:06:31 [verbose]: Background processing sleeping due to active gameplay...
[runtime] 2026-01-31 16:06:31 [verbose]: Background processing sleeping due to active gameplay...
[runtime] 2026-01-31 16:06:31 [verbose]: Background processing sleeping due to active gameplay...
[runtime] 2026-01-31 16:06:31 [verbose]: Background processing sleeping due to active gameplay...
[runtime] 2026-01-31 16:06:31 [verbose]: Background processing sleeping due to active gameplay...
[runtime] 2026-01-31 16:06:31 [verbose]: Background processing sleeping due to active gameplay...
[runtime] 2026-01-31 16:06:31 [verbose]: Background processing sleeping due to active gameplay...
[runtime] 2026-01-31 16:06:31 [verbose]: Background processing sleeping due to active gameplay...
[runtime] 2026-01-31 16:06:31 [verbose]: Background processing sleeping due to active gameplay...
[runtime] 2026-01-31 16:06:31 [verbose]: Background processing sleeping due to active gameplay...
[runtime] 2026-01-31 16:06:31 [verbose]: Background processing sleeping due to active gameplay...
[runtime] 2026-01-31 16:06:31 [verbose]: Background processing sleeping due to active gameplay...
[runtime] 2026-01-31 16:06:31 [verbose]: Background processing sleeping due to active gameplay...
[runtime] 2026-01-31 16:06:31 [verbose]: Background processing sleeping due to active gameplay...
[runtime] 2026-01-31 16:06:31 [verbose]: Background processing sleeping due to active gameplay...
[runtime] 2026-01-31 16:06:31 [verbose]: Background processing sleeping due to active gameplay...
[runtime] 2026-01-31 16:06:31 [verbose]: Background processing sleeping due to active gameplay...
[runtime] 2026-01-31 16:06:31 [verbose]: Background processing sleeping due to active gameplay...
[runtime] 2026-01-31 16:06:31 [verbose]: Background processing sleeping due to active gameplay...
[runtime] 2026-01-31 16:06:31 [verbose]: Background processing sleeping due to active gameplay...
[runtime] 2026-01-31 16:06:31 [verbose]: Background processing sleeping due to active gameplay...
[runtime] 2026-01-31 16:06:31 [verbose]: Background processing sleeping due to active gameplay...
[runtime] 2026-01-31 16:06:31 [verbose]: Background processing sleeping due to active gameplay...
[runtime] 2026-01-31 16:06:31 [verbose]: Background processing sleeping due to active gameplay...
[runtime] 2026-01-31 16:06:31 [verbose]: Background processing sleeping due to active gameplay...
[runtime] 2026-01-31 16:06:31 [verbose]: Background processing sleeping due to active gameplay...
[runtime] 2026-01-31 16:06:31 [verbose]: Background processing sleeping due to active gameplay...
[runtime] 2026-01-31 16:06:31 [verbose]: Background processing sleeping due to active gameplay...
[runtime] 2026-01-31 16:06:31 [verbose]: Background processing sleeping due to active gameplay...
[runtime] 2026-01-31 16:06:31 [verbose]: Background processing sleeping due to active gameplay...
[runtime] 2026-01-31 16:06:31 [verbose]: Background processing sleeping due to active gameplay...
[runtime] 2026-01-31 16:06:31 [verbose]: Background processing sleeping due to active gameplay...
[runtime] 2026-01-31 16:06:31 [verbose]: Background processing sleeping due to active gameplay...
[runtime] 2026-01-31 16:06:31 [verbose]: Background processing sleeping due to active gameplay...
[runtime] 2026-01-31 16:06:31 [verbose]: Background processing sleeping due to active gameplay...
[runtime] 2026-01-31 16:06:31 [verbose]: Background processing sleeping due to active gameplay...
[runtime] 2026-01-31 16:06:31 [verbose]: Background processing sleeping due to active gameplay...
[runtime] 2026-01-31 16:06:31 [verbose]: Background processing sleeping due to active gameplay...
[runtime] 2026-01-31 16:06:31 [verbose]: Background processing sleeping due to active gameplay...
[runtime] 2026-01-31 16:06:31 [verbose]: Background processing sleeping due to active gameplay...
[runtime] 2026-01-31 16:06:31 [verbose]: Background processing sleeping due to active gameplay...
[runtime] 2026-01-31 16:06:31 [verbose]: Background processing sleeping due to active gameplay...
[runtime] 2026-01-31 16:06:31 [verbose]: Background processing sleeping due to active gameplay...
[runtime] 2026-01-31 16:06:31 [verbose]: Background processing sleeping due to active gameplay...
[runtime] 2026-01-31 16:06:31 [verbose]: Background processing sleeping due to active gameplay...
[runtime] 2026-01-31 16:06:31 [verbose]: Background processing sleeping due to active gameplay...
[runtime] 2026-01-31 16:06:31 [verbose]: Background processing sleeping due to active gameplay...
[runtime] 2026-01-31 16:06:31 [verbose]: Background processing sleeping due to active gameplay...
[runtime] 2026-01-31 16:06:31 [verbose]: Background processing sleeping due to active gameplay...
[runtime] 2026-01-31 16:06:31 [verbose]: Background processing sleeping due to active gameplay...
[runtime] 2026-01-31 16:06:31 [verbose]: Background processing sleeping due to active gameplay...
[runtime] 2026-01-31 16:06:31 [verbose]: Background processing sleeping due to active gameplay...
[runtime] 2026-01-31 16:06:31 [verbose]: Background processing sleeping due to active gameplay...
[runtime] 2026-01-31 16:06:31 [verbose]: Background processing sleeping due to active gameplay...
[runtime] 2026-01-31 16:06:31 [verbose]: Background processing sleeping due to active gameplay...
[runtime] 2026-01-31 16:06:31 [verbose]: Background processing sleeping due to active gameplay...
[runtime] 2026-01-31 16:06:31 [verbose]: Background processing sleeping due to active gameplay...
[runtime] 2026-01-31 16:06:31 [verbose]: Background processing sleeping due to active gameplay...
[runtime] 2026-01-31 16:06:31 [verbose]: Background processing sleeping due to active gameplay...
[runtime] 2026-01-31 16:06:31 [verbose]: Background processing sleeping due to active gameplay...
[runtime] 2026-01-31 16:06:31 [verbose]: Background processing sleeping due to active gameplay...
[runtime] 2026-01-31 16:06:31 [verbose]: Background processing sleeping due to active gameplay...
[runtime] 2026-01-31 16:06:31 [verbose]: Background processing sleeping due to active gameplay...
[runtime] 2026-01-31 16:06:31 [verbose]: Background processing sleeping due to active gameplay...
[runtime] 2026-01-31 16:06:31 [verbose]: Background processing sleeping due to active gameplay...
[runtime] 2026-01-31 16:06:31 [verbose]: Background processing sleeping due to active gameplay...
[runtime] 2026-01-31 16:06:31 [verbose]: Background processing sleeping due to active gameplay...
[runtime] 2026-01-31 16:06:31 [verbose]: Background processing sleeping due to active gameplay...
[runtime] 2026-01-31 16:06:32 [verbose]: Background processing sleeping due to active gameplay...
[runtime] 2026-01-31 16:06:32 [verbose]: Background processing sleeping due to active gameplay...
[runtime] 2026-01-31 16:06:32 [verbose]: Background processing sleeping due to active gameplay...
[runtime] 2026-01-31 16:06:32 [verbose]: Background processing sleeping due to active gameplay...
[runtime] 2026-01-31 16:06:32 [verbose]: Background processing sleeping due to active gameplay...
[runtime] 2026-01-31 16:06:32 [verbose]: Background processing sleeping due to active gameplay...
[runtime] 2026-01-31 16:06:32 [verbose]: Background processing sleeping due to active gameplay...
[runtime] 2026-01-31 16:06:32 [verbose]: Background processing sleeping due to active gameplay...
[runtime] 2026-01-31 16:06:32 [verbose]: Background processing sleeping due to active gameplay...
[database] 2026-01-31 16:06:32 [verbose]: [LocalCachedBeatmapMetadataSource] Local cache fetch completed successfully.
[runtime] 2026-01-31 16:06:32 [verbose]: Background processing sleeping due to active gameplay...
[runtime] 2026-01-31 16:06:32 [verbose]: Background processing sleeping due to active gameplay...
[runtime] 2026-01-31 16:06:32 [verbose]: Background processing sleeping due to active gameplay...
[runtime] 2026-01-31 16:06:32 [verbose]: Background processing sleeping due to active gameplay...
[runtime] 2026-01-31 16:06:32 [verbose]: Background processing sleeping due to active gameplay...
[runtime] 2026-01-31 16:06:32 [verbose]: Background processing sleeping due to active gameplay...
[runtime] 2026-01-31 16:06:32 [verbose]: Background processing sleeping due to active gameplay...
[runtime] 2026-01-31 16:06:32 [verbose]: Background processing sleeping due to active gameplay...
[runtime] 2026-01-31 16:06:32 [verbose]: Background processing sleeping due to active gameplay...
[runtime] 2026-01-31 16:06:32 [verbose]: Background processing sleeping due to active gameplay...
[runtime] 2026-01-31 16:06:32 [verbose]: Background processing sleeping due to active gameplay...
[runtime] 2026-01-31 16:06:32 [verbose]: Background processing sleeping due to active gameplay...
[runtime] 2026-01-31 16:06:32 [verbose]: Background processing sleeping due to active gameplay...
[runtime] 2026-01-31 16:06:32 [verbose]: Background processing sleeping due to active gameplay...
[runtime] 2026-01-31 16:06:32 [verbose]: Background processing sleeping due to active gameplay...
[runtime] 2026-01-31 16:06:32 [verbose]: Background processing sleeping due to active gameplay...
[runtime] 2026-01-31 16:06:32 [verbose]: Background processing sleeping due to active gameplay...
[runtime] 2026-01-31 16:06:32 [verbose]: Background processing sleeping due to active gameplay...
[runtime] 2026-01-31 16:06:32 [verbose]: Background processing sleeping due to active gameplay...
[runtime] 2026-01-31 16:06:32 [verbose]: Background processing sleeping due to active gameplay...
[runtime] 2026-01-31 16:06:32 [verbose]: Background processing sleeping due to active gameplay...
[runtime] 2026-01-31 16:06:32 [verbose]: Background processing sleeping due to active gameplay...
[runtime] 2026-01-31 16:06:32 [verbose]: Background processing sleeping due to active gameplay...
[runtime] 2026-01-31 16:06:32 [verbose]: Background processing sleeping due to active gameplay...
[runtime] 2026-01-31 16:06:32 [verbose]: Background processing sleeping due to active gameplay...
[runtime] 2026-01-31 16:06:32 [verbose]: Background processing sleeping due to active gameplay...
[runtime] 2026-01-31 16:06:32 [verbose]: Background processing sleeping due to active gameplay...
[runtime] 2026-01-31 16:06:32 [verbose]: Background processing sleeping due to active gameplay...
[runtime] 2026-01-31 16:06:32 [verbose]: Background processing sleeping due to active gameplay...
[runtime] 2026-01-31 16:06:32 [verbose]: Background processing sleeping due to active gameplay...
[runtime] 2026-01-31 16:06:32 [verbose]: Background processing sleeping due to active gameplay...
[runtime] 2026-01-31 16:06:32 [verbose]: Background processing sleeping due to active gameplay...
[runtime] 2026-01-31 16:06:32 [verbose]: Background processing sleeping due to active gameplay...
[runtime] 2026-01-31 16:06:32 [verbose]: Background processing sleeping due to active gameplay...
[runtime] 2026-01-31 16:06:32 [verbose]: Background processing sleeping due to active gameplay...
[runtime] 2026-01-31 16:06:32 [verbose]: Background processing sleeping due to active gameplay...
[runtime] 2026-01-31 16:06:32 [verbose]: Background processing sleeping due to active gameplay...
[runtime] 2026-01-31 16:06:32 [verbose]: Background processing sleeping due to active gameplay...
[runtime] 2026-01-31 16:06:32 [verbose]: Background processing sleeping due to active gameplay...
[runtime] 2026-01-31 16:06:32 [verbose]: Background processing sleeping due to active gameplay...
[runtime] 2026-01-31 16:06:32 [verbose]: Background processing sleeping due to active gameplay...
[runtime] 2026-01-31 16:06:32 [verbose]: Background processing sleeping due to active gameplay...
[runtime] 2026-01-31 16:06:32 [verbose]: Background processing sleeping due to active gameplay...
[runtime] 2026-01-31 16:06:32 [verbose]: Background processing sleeping due to active gameplay...
[runtime] 2026-01-31 16:06:32 [verbose]: Background processing sleeping due to active gameplay...
[runtime] 2026-01-31 16:06:32 [verbose]: Background processing sleeping due to active gameplay...
[runtime] 2026-01-31 16:06:32 [verbose]: Background processing sleeping due to active gameplay...
[runtime] 2026-01-31 16:06:32 [verbose]: Background processing sleeping due to active gameplay...
[runtime] 2026-01-31 16:06:32 [verbose]: Background processing sleeping due to active gameplay...
[runtime] 2026-01-31 16:06:32 [verbose]: Background processing sleeping due to active gameplay...
[runtime] 2026-01-31 16:06:32 [verbose]: Background processing sleeping due to active gameplay...
[runtime] 2026-01-31 16:06:32 [verbose]: Background processing sleeping due to active gameplay...
[runtime] 2026-01-31 16:06:32 [verbose]: Background processing sleeping due to active gameplay...
[runtime] 2026-01-31 16:06:32 [verbose]: Background processing sleeping due to active gameplay...
[runtime] 2026-01-31 16:06:32 [verbose]: Background processing sleeping due to active gameplay...
[runtime] 2026-01-31 16:06:32 [verbose]: Background processing sleeping due to active gameplay...
[runtime] 2026-01-31 16:06:32 [verbose]: Background processing sleeping due to active gameplay...
[runtime] 2026-01-31 16:06:32 [verbose]: Background processing sleeping due to active gameplay...
[runtime] 2026-01-31 16:06:32 [verbose]: Background processing sleeping due to active gameplay...
[runtime] 2026-01-31 16:06:32 [verbose]: Background processing sleeping due to active gameplay...
[runtime] 2026-01-31 16:06:32 [verbose]: Background processing sleeping due to active gameplay...
[runtime] 2026-01-31 16:06:32 [verbose]: Background processing sleeping due to active gameplay...
[runtime] 2026-01-31 16:06:32 [verbose]: Background processing sleeping due to active gameplay...
[runtime] 2026-01-31 16:06:32 [verbose]: Background processing sleeping due to active gameplay...
[runtime] 2026-01-31 16:06:32 [verbose]: Background processing sleeping due to active gameplay...
[runtime] 2026-01-31 16:06:32 [verbose]: Background processing sleeping due to active gameplay...
[runtime] 2026-01-31 16:06:32 [verbose]: Background processing sleeping due to active gameplay...
[runtime] 2026-01-31 16:06:32 [verbose]: Background processing sleeping due to active gameplay...
[runtime] 2026-01-31 16:06:32 [verbose]: Background processing sleeping due to active gameplay...
[runtime] 2026-01-31 16:06:32 [verbose]: Background processing sleeping due to active gameplay...
[runtime] 2026-01-31 16:06:32 [verbose]: Background processing sleeping due to active gameplay...
[database] 2026-01-31 16:06:32 [verbose]: [LocalCachedBeatmapMetadataSource] Local cache fetch completed successfully.
[runtime] 2026-01-31 16:06:32 [verbose]: Background processing sleeping due to active gameplay...
[runtime] 2026-01-31 16:06:32 [verbose]: Querying for beatmaps that do not have user tags
[runtime] 2026-01-31 16:06:32 [verbose]: Background processing sleeping due to active gameplay...
[runtime] 2026-01-31 16:06:32 [verbose]: Finished background data store processing!
[runtime] 2026-01-31 16:06:32 [verbose]: Background processing sleeping due to active gameplay...
[runtime] 2026-01-31 16:06:32 [verbose]: Background processing sleeping due to active gameplay...
[runtime] 2026-01-31 16:06:32 [verbose]: Background processing sleeping due to active gameplay...
[runtime] 2026-01-31 16:06:32 [verbose]: Background processing sleeping due to active gameplay...
[runtime] 2026-01-31 16:06:32 [verbose]: Background processing sleeping due to active gameplay...
[runtime] 2026-01-31 16:06:32 [verbose]: Background processing sleeping due to active gameplay...
[runtime] 2026-01-31 16:06:32 [verbose]: Background processing sleeping due to active gameplay...
[runtime] 2026-01-31 16:06:32 [verbose]: Background processing sleeping due to active gameplay...
[runtime] 2026-01-31 16:06:32 [verbose]: Background processing sleeping due to active gameplay...
[runtime] 2026-01-31 16:06:32 [verbose]: Background processing sleeping due to active gameplay...
[runtime] 2026-01-31 16:06:32 [verbose]: Background processing sleeping due to active gameplay...
[runtime] 2026-01-31 16:06:32 [verbose]: Background processing sleeping due to active gameplay...
[runtime] 2026-01-31 16:06:32 [verbose]: Background processing sleeping due to active gameplay...
[runtime] 2026-01-31 16:06:32 [verbose]: Background processing sleeping due to active gameplay...
[runtime] 2026-01-31 16:06:32 [verbose]: Background processing sleeping due to active gameplay...
[runtime] 2026-01-31 16:06:32 [verbose]: Background processing sleeping due to active gameplay...
[runtime] 2026-01-31 16:06:33 [verbose]: Background processing sleeping due to active gameplay...
[runtime] 2026-01-31 16:06:33 [verbose]: Background processing sleeping due to active gameplay...
[runtime] 2026-01-31 16:06:33 [verbose]: Background processing sleeping due to active gameplay...
[runtime] 2026-01-31 16:06:33 [verbose]: Background processing sleeping due to active gameplay...
[runtime] 2026-01-31 16:06:33 [verbose]: Background processing sleeping due to active gameplay...
[runtime] 2026-01-31 16:06:33 [verbose]: Background processing sleeping due to active gameplay...
[runtime] 2026-01-31 16:06:33 [verbose]: Background processing sleeping due to active gameplay...
[runtime] 2026-01-31 16:06:33 [verbose]: Background processing sleeping due to active gameplay...
[runtime] 2026-01-31 16:06:33 [verbose]: Background processing sleeping due to active gameplay...
[runtime] 2026-01-31 16:06:33 [verbose]: Background processing sleeping due to active gameplay...
[runtime] 2026-01-31 16:06:33 [verbose]: Background processing sleeping due to active gameplay...
[runtime] 2026-01-31 16:06:33 [verbose]: Background processing sleeping due to active gameplay...
[runtime] 2026-01-31 16:06:33 [verbose]: Background processing sleeping due to active gameplay...
[runtime] 2026-01-31 16:06:33 [verbose]: Background processing sleeping due to active gameplay...
[runtime] 2026-01-31 16:06:33 [verbose]: Background processing sleeping due to active gameplay...
[runtime] 2026-01-31 16:06:33 [verbose]: Background processing sleeping due to active gameplay...
[runtime] 2026-01-31 16:06:33 [verbose]: Background processing sleeping due to active gameplay...
[runtime] 2026-01-31 16:06:33 [verbose]: Background processing sleeping due to active gameplay...
[runtime] 2026-01-31 16:06:33 [verbose]: Background processing sleeping due to active gameplay...
[runtime] 2026-01-31 16:06:33 [verbose]: Background processing sleeping due to active gameplay...
[runtime] 2026-01-31 16:06:33 [verbose]: Background processing sleeping due to active gameplay...
[runtime] 2026-01-31 16:06:33 [verbose]: Background processing sleeping due to active gameplay...
[runtime] 2026-01-31 16:06:33 [verbose]: Background processing sleeping due to active gameplay...
[runtime] 2026-01-31 16:06:33 [verbose]: Background processing sleeping due to active gameplay...
[runtime] 2026-01-31 16:06:33 [verbose]: Background processing sleeping due to active gameplay...
[runtime] 2026-01-31 16:06:33 [verbose]: Background processing sleeping due to active gameplay...
[runtime] 2026-01-31 16:06:33 [verbose]: Background processing sleeping due to active gameplay...
[runtime] 2026-01-31 16:06:33 [verbose]: Background processing sleeping due to active gameplay...
[runtime] 2026-01-31 16:06:33 [verbose]: Background processing sleeping due to active gameplay...
[runtime] 2026-01-31 16:06:33 [verbose]: Background processing sleeping due to active gameplay...
[runtime] 2026-01-31 16:06:33 [verbose]: Background processing sleeping due to active gameplay...
[runtime] 2026-01-31 16:06:33 [verbose]: Background processing sleeping due to active gameplay...
[runtime] 2026-01-31 16:06:33 [verbose]: Background processing sleeping due to active gameplay...
[runtime] 2026-01-31 16:06:33 [verbose]: Background processing sleeping due to active gameplay...
[runtime] 2026-01-31 16:06:33 [verbose]: Background processing sleeping due to active gameplay...
[runtime] 2026-01-31 16:06:33 [verbose]: Background processing sleeping due to active gameplay...
[runtime] 2026-01-31 16:06:33 [verbose]: Background processing sleeping due to active gameplay...
[runtime] 2026-01-31 16:06:33 [verbose]: Background processing sleeping due to active gameplay...
[runtime] 2026-01-31 16:06:33 [verbose]: Background processing sleeping due to active gameplay...
[runtime] 2026-01-31 16:06:33 [verbose]: Background processing sleeping due to active gameplay...
[runtime] 2026-01-31 16:06:33 [verbose]: Background processing sleeping due to active gameplay...
[runtime] 2026-01-31 16:06:33 [verbose]: Background processing sleeping due to active gameplay...
[runtime] 2026-01-31 16:06:33 [verbose]: Background processing sleeping due to active gameplay...
[runtime] 2026-01-31 16:06:33 [verbose]: Background processing sleeping due to active gameplay...
[runtime] 2026-01-31 16:06:33 [verbose]: Background processing sleeping due to active gameplay...
[runtime] 2026-01-31 16:06:33 [verbose]: Background processing sleeping due to active gameplay...
[runtime] 2026-01-31 16:06:33 [verbose]: Background processing sleeping due to active gameplay...
[runtime] 2026-01-31 16:06:33 [verbose]: Background processing sleeping due to active gameplay...
[runtime] 2026-01-31 16:06:33 [verbose]: Background processing sleeping due to active gameplay...
[runtime] 2026-01-31 16:06:33 [verbose]: Background processing sleeping due to active gameplay...
[runtime] 2026-01-31 16:06:33 [verbose]: Background processing sleeping due to active gameplay...
[runtime] 2026-01-31 16:06:33 [verbose]: Background processing sleeping due to active gameplay...
[runtime] 2026-01-31 16:06:33 [verbose]: Background processing sleeping due to active gameplay...
[runtime] 2026-01-31 16:06:33 [verbose]: Background processing sleeping due to active gameplay...
[runtime] 2026-01-31 16:06:33 [verbose]: Background processing sleeping due to active gameplay...
[runtime] 2026-01-31 16:06:33 [verbose]: Background processing sleeping due to active gameplay...
[runtime] 2026-01-31 16:06:33 [verbose]: Background processing sleeping due to active gameplay...
[runtime] 2026-01-31 16:06:33 [verbose]: Background processing sleeping due to active gameplay...
[runtime] 2026-01-31 16:06:33 [verbose]: Background processing sleeping due to active gameplay...
[runtime] 2026-01-31 16:06:33 [verbose]: Background processing sleeping due to active gameplay...
[runtime] 2026-01-31 16:06:33 [verbose]: ✔️ 500 repetitions
[runtime] 2026-01-31 16:06:33 [verbose]: Background processing sleeping due to active gameplay...
[runtime] 2026-01-31 16:06:33 [verbose]: 🔸 Step #7 Difficulty still not populated
[runtime] 2026-01-31 16:06:33 [verbose]: 🔸 Step #8 Set not playing
[runtime] 2026-01-31 16:06:33 [verbose]: 🔸 Step #9 Wait for completion
[runtime] 2026-01-31 16:06:33 [verbose]: Invalidating working beatmap cache for Soleily - RenatusQuick (Deif) [Rain]
[runtime] 2026-01-31 16:06:33 [verbose]: Invalidating working beatmap cache for Soleily - RenatusQuick (Deif) [Salad]
[runtime] 2026-01-31 16:06:33 [verbose]: Invalidating working beatmap cache for Soleily - RenatusQuick (ExPew) [Another]
[runtime] 2026-01-31 16:06:33 [verbose]: Invalidating working beatmap cache for Soleily - RenatusQuick (ExPew) [Hyper]
[runtime] 2026-01-31 16:06:33 [verbose]: Invalidating working beatmap cache for Soleily - RenatusQuick (ExPew) [Normal]
[runtime] 2026-01-31 16:06:33 [verbose]: Invalidating working beatmap cache for Soleily - RenatusQuick (Gamu) [Hard]
[runtime] 2026-01-31 16:06:33 [verbose]: Invalidating working beatmap cache for Soleily - RenatusQuick (Gamu) [Insane]
[runtime] 2026-01-31 16:06:33 [verbose]: Invalidating working beatmap cache for Soleily - RenatusQuick (Gamu) [Normal]
[runtime] 2026-01-31 16:06:33 [verbose]: Invalidating working beatmap cache for Soleily - RenatusQuick (MMzz) [Futsuu]
[runtime] 2026-01-31 16:06:33 [verbose]: Invalidating working beatmap cache for Soleily - RenatusQuick (MMzz) [Muzukashii]
[runtime] 2026-01-31 16:06:33 [verbose]: Invalidating working beatmap cache for Soleily - RenatusQuick (MMzz) [Oni]
[runtime] 2026-01-31 16:06:33 [verbose]: Querying for beatmap sets to reprocess...
[runtime] 2026-01-31 16:06:33 [verbose]: Found 1 beatmap sets which require online updates.
[database] 2026-01-31 16:06:33 [verbose]: [dce8f] [LocalCachedBeatmapMetadataSource] Cached local retrieval for Soleily - RenatusQuick (Deif) [Platter] (cache version 3).
[database] 2026-01-31 16:06:33 [verbose]: [dce8f] [LocalCachedBeatmapMetadataSource] Cached local retrieval for Soleily - RenatusQuick (Deif) [Rain] (cache version 3).
[database] 2026-01-31 16:06:33 [verbose]: [dce8f] [LocalCachedBeatmapMetadataSource] Cached local retrieval for Soleily - RenatusQuick (Deif) [Salad] (cache version 3).
[database] 2026-01-31 16:06:33 [verbose]: [dce8f] [LocalCachedBeatmapMetadataSource] Cached local retrieval for Soleily - RenatusQuick (ExPew) [Another] (cache version 3).
[database] 2026-01-31 16:06:33 [verbose]: [dce8f] [LocalCachedBeatmapMetadataSource] Cached local retrieval for Soleily - RenatusQuick (ExPew) [Hyper] (cache version 3).
[database] 2026-01-31 16:06:33 [verbose]: [dce8f] [LocalCachedBeatmapMetadataSource] Cached local retrieval for Soleily - RenatusQuick (ExPew) [Normal] (cache version 3).
[database] 2026-01-31 16:06:33 [verbose]: [dce8f] [LocalCachedBeatmapMetadataSource] Cached local retrieval for Soleily - RenatusQuick (Gamu) [Hard] (cache version 3).
[database] 2026-01-31 16:06:33 [verbose]: [dce8f] [LocalCachedBeatmapMetadataSource] Cached local retrieval for Soleily - RenatusQuick (Gamu) [Insane] (cache version 3).
[database] 2026-01-31 16:06:33 [verbose]: [dce8f] [LocalCachedBeatmapMetadataSource] Cached local retrieval for Soleily - RenatusQuick (Gamu) [Normal] (cache version 3).
[database] 2026-01-31 16:06:33 [verbose]: [dce8f] [LocalCachedBeatmapMetadataSource] Cached local retrieval for Soleily - RenatusQuick (MMzz) [Futsuu] (cache version 3).
[database] 2026-01-31 16:06:33 [verbose]: [dce8f] [LocalCachedBeatmapMetadataSource] Cached local retrieval for Soleily - RenatusQuick (MMzz) [Muzukashii] (cache version 3).
[database] 2026-01-31 16:06:33 [verbose]: [dce8f] [LocalCachedBeatmapMetadataSource] Cached local retrieval for Soleily - RenatusQuick (MMzz) [Oni] (cache version 3).
[runtime] 2026-01-31 16:06:33 [verbose]: Invalidating working beatmap cache for Soleily - RenatusQuick (Deif) [Platter]
[runtime] 2026-01-31 16:06:33 [verbose]: Invalidating working beatmap cache for Soleily - RenatusQuick (Deif) [Rain]
[runtime] 2026-01-31 16:06:33 [verbose]: Invalidating working beatmap cache for Soleily - RenatusQuick (Deif) [Salad]
[runtime] 2026-01-31 16:06:33 [verbose]: Invalidating working beatmap cache for Soleily - RenatusQuick (ExPew) [Another]
[runtime] 2026-01-31 16:06:33 [verbose]: Invalidating working beatmap cache for Soleily - RenatusQuick (ExPew) [Hyper]
[runtime] 2026-01-31 16:06:33 [verbose]: Invalidating working beatmap cache for Soleily - RenatusQuick (ExPew) [Normal]
[runtime] 2026-01-31 16:06:33 [verbose]: Invalidating working beatmap cache for Soleily - RenatusQuick (Gamu) [Hard]
[runtime] 2026-01-31 16:06:33 [verbose]: Invalidating working beatmap cache for Soleily - RenatusQuick (Gamu) [Insane]
[runtime] 2026-01-31 16:06:33 [verbose]: Invalidating working beatmap cache for Soleily - RenatusQuick (Gamu) [Normal]
[runtime] 2026-01-31 16:06:33 [verbose]: Invalidating working beatmap cache for Soleily - RenatusQuick (MMzz) [Futsuu]
[runtime] 2026-01-31 16:06:33 [verbose]: Invalidating working beatmap cache for Soleily - RenatusQuick (MMzz) [Muzukashii]
[runtime] 2026-01-31 16:06:33 [verbose]: Invalidating working beatmap cache for Soleily - RenatusQuick (MMzz) [Oni]
[runtime] 2026-01-31 16:06:33 [verbose]: Querying for beatmaps with missing hitobject counts to reprocess...
[runtime] 2026-01-31 16:06:33 [verbose]: Querying for scores to reprocess...
[runtime] 2026-01-31 16:06:33 [verbose]: Querying for scores that need total score conversion...
[runtime] 2026-01-31 16:06:33 [verbose]: Found 0 scores which require total score conversion.
[runtime] 2026-01-31 16:06:33 [verbose]: Querying for scores that need rank upgrades...
[runtime] 2026-01-31 16:06:33 [verbose]: Found 0 scores which require rank upgrades.
[runtime] 2026-01-31 16:06:33 [verbose]: Querying for beatmap sets that contain missing submission/rank date...
[runtime] 2026-01-31 16:06:33 [verbose]: Querying for beatmaps that do not have user tags
[runtime] 2026-01-31 16:06:33 [verbose]: Finished background data store processing!
[runtime] 2026-01-31 16:06:33 [verbose]: ✔️ 23 repetitions
[runtime] 2026-01-31 16:06:33 [verbose]: 🔸 Step #10 Difficulties repopulated
[runtime] 2026-01-31 16:06:33 [verbose]: ✅ BackgroundDataStoreProcessorTests completed

  Passed TestDifficultyProcessingWhilePlaying [3 s]
  Standard Output Messages:
 [runtime] 2026-01-31 16:06:30 [verbose]: 💨 Class: BackgroundDataStoreProcessorTests
 [runtime] 2026-01-31 16:06:30 [verbose]: 🔶 Test:  TestDifficultyProcessingWhilePlaying
 [runtime] 2026-01-31 16:06:30 [verbose]: 🔸 Step #1 Set not playing
 [runtime] 2026-01-31 16:06:30 [verbose]: 🔸 Step #2 Difficulty is initially set
 [runtime] 2026-01-31 16:06:30 [verbose]: 🔸 Step #3 Set playing
 [runtime] 2026-01-31 16:06:30 [verbose]: 🔸 Step #4 Reset difficulty
 [runtime] 2026-01-31 16:06:30 [verbose]: 🔸 Step #5 Run background processor
 [runtime] 2026-01-31 16:06:30 [verbose]: Beginning background data store processing..
 [runtime] 2026-01-31 16:06:30 [verbose]: Resetting star ratings for osu! (difficulty calculation version updated from 0 to 20251020)
 [runtime] 2026-01-31 16:06:30 [verbose]: Finished resetting 3 beatmap sets for osu!
 [runtime] 2026-01-31 16:06:30 [verbose]: Resetting star ratings for osu!taiko (difficulty calculation version updated from 0 to 20251020)
 [runtime] 2026-01-31 16:06:30 [verbose]: 🔸 Step #6 wait some 0/500
 [runtime] 2026-01-31 16:06:30 [verbose]: Finished resetting 3 beatmap sets for osu!taiko
 [runtime] 2026-01-31 16:06:30 [verbose]: Resetting star ratings for osu!catch (difficulty calculation version updated from 0 to 20251020)
 [runtime] 2026-01-31 16:06:30 [verbose]: Finished resetting 3 beatmap sets for osu!catch
 [runtime] 2026-01-31 16:06:30 [verbose]: Resetting star ratings for osu!mania (difficulty calculation version updated from 0 to 20241007)
 [runtime] 2026-01-31 16:06:30 [verbose]: Finished resetting 3 beatmap sets for osu!mania
 [runtime] 2026-01-31 16:06:30 [verbose]: Querying for beatmaps with missing star ratings...
 [runtime] 2026-01-31 16:06:30 [verbose]: Found 12 beatmaps which require star rating reprocessing.
 [runtime] 2026-01-31 16:06:30 [verbose]: Background processing sleeping due to active gameplay...
 [runtime] 2026-01-31 16:06:30 [verbose]: Background processing sleeping due to active gameplay...
 [runtime] 2026-01-31 16:06:30 [verbose]: Background processing sleeping due to active gameplay...
 [runtime] 2026-01-31 16:06:30 [verbose]: Background processing sleeping due to active gameplay...
 [runtime] 2026-01-31 16:06:30 [verbose]: Background processing sleeping due to active gameplay...
 [runtime] 2026-01-31 16:06:30 [verbose]: Background processing sleeping due to active gameplay...
 [runtime] 2026-01-31 16:06:30 [verbose]: Background processing sleeping due to active gameplay...
 [runtime] 2026-01-31 16:06:30 [verbose]: Background processing sleeping due to active gameplay...
 [runtime] 2026-01-31 16:06:30 [verbose]: Background processing sleeping due to active gameplay...
 [runtime] 2026-01-31 16:06:30 [verbose]: Background processing sleeping due to active gameplay...
 [runtime] 2026-01-31 16:06:30 [verbose]: Background processing sleeping due to active gameplay...
 [runtime] 2026-01-31 16:06:30 [verbose]: Background processing sleeping due to active gameplay...
 [runtime] 2026-01-31 16:06:30 [verbose]: Background processing sleeping due to active gameplay...
 [runtime] 2026-01-31 16:06:30 [verbose]: Background processing sleeping due to active gameplay...
 [runtime] 2026-01-31 16:06:30 [verbose]: Background processing sleeping due to active gameplay...
 [runtime] 2026-01-31 16:06:30 [verbose]: Background processing sleeping due to active gameplay...
 [runtime] 2026-01-31 16:06:30 [verbose]: Background processing sleeping due to active gameplay...
 [runtime] 2026-01-31 16:06:30 [verbose]: Background processing sleeping due to active gameplay...
 [runtime] 2026-01-31 16:06:30 [verbose]: Background processing sleeping due to active gameplay...
 [runtime] 2026-01-31 16:06:30 [verbose]: Background processing sleeping due to active gameplay...
 [runtime] 2026-01-31 16:06:30 [verbose]: Background processing sleeping due to active gameplay...
 [runtime] 2026-01-31 16:06:30 [verbose]: Background processing sleeping due to active gameplay...
 [runtime] 2026-01-31 16:06:30 [verbose]: Background processing sleeping due to active gameplay...
 [runtime] 2026-01-31 16:06:30 [verbose]: Background processing sleeping due to active gameplay...
 [runtime] 2026-01-31 16:06:30 [verbose]: Background processing sleeping due to active gameplay...
 [runtime] 2026-01-31 16:06:30 [verbose]: Background processing sleeping due to active gameplay...
 [runtime] 2026-01-31 16:06:30 [verbose]: Background processing sleeping due to active gameplay...
 [runtime] 2026-01-31 16:06:30 [verbose]: Background processing sleeping due to active gameplay...
 [runtime] 2026-01-31 16:06:30 [verbose]: Background processing sleeping due to active gameplay...
 [runtime] 2026-01-31 16:06:30 [verbose]: Background processing sleeping due to active gameplay...
 [runtime] 2026-01-31 16:06:30 [verbose]: Background processing sleeping due to active gameplay...
 [runtime] 2026-01-31 16:06:30 [verbose]: Background processing sleeping due to active gameplay...
 [runtime] 2026-01-31 16:06:30 [verbose]: Background processing sleeping due to active gameplay...
 [runtime] 2026-01-31 16:06:30 [verbose]: Background processing sleeping due to active gameplay...
 [runtime] 2026-01-31 16:06:30 [verbose]: Background processing sleeping due to active gameplay...
 [runtime] 2026-01-31 16:06:30 [verbose]: Background processing sleeping due to active gameplay...
 [runtime] 2026-01-31 16:06:30 [verbose]: Background processing sleeping due to active gameplay...
 [runtime] 2026-01-31 16:06:30 [verbose]: Background processing sleeping due to active gameplay...
 [runtime] 2026-01-31 16:06:30 [verbose]: Background processing sleeping due to active gameplay...
 [runtime] 2026-01-31 16:06:31 [verbose]: Background processing sleeping due to active gameplay...
 [runtime] 2026-01-31 16:06:31 [verbose]: Background processing sleeping due to active gameplay...
 [runtime] 2026-01-31 16:06:31 [verbose]: Background processing sleeping due to active gameplay...
 [runtime] 2026-01-31 16:06:31 [verbose]: Background processing sleeping due to active gameplay...
 [runtime] 2026-01-31 16:06:31 [verbose]: Background processing sleeping due to active gameplay...
 [runtime] 2026-01-31 16:06:31 [verbose]: Background processing sleeping due to active gameplay...
 [runtime] 2026-01-31 16:06:31 [verbose]: Background processing sleeping due to active gameplay...
 [runtime] 2026-01-31 16:06:31 [verbose]: Background processing sleeping due to active gameplay...
 [runtime] 2026-01-31 16:06:31 [verbose]: Background processing sleeping due to active gameplay...
 [runtime] 2026-01-31 16:06:31 [verbose]: Background processing sleeping due to active gameplay...
 [runtime] 2026-01-31 16:06:31 [verbose]: Background processing sleeping due to active gameplay...
 [runtime] 2026-01-31 16:06:31 [verbose]: Background processing sleeping due to active gameplay...
 [runtime] 2026-01-31 16:06:31 [verbose]: Background processing sleeping due to active gameplay...
 [runtime] 2026-01-31 16:06:31 [verbose]: Background processing sleeping due to active gameplay...
 [runtime] 2026-01-31 16:06:31 [verbose]: Background processing sleeping due to active gameplay...
 [runtime] 2026-01-31 16:06:31 [verbose]: Background processing sleeping due to active gameplay...
 [runtime] 2026-01-31 16:06:31 [verbose]: Background processing sleeping due to active gameplay...
 [runtime] 2026-01-31 16:06:31 [verbose]: Background processing sleeping due to active gameplay...
 [runtime] 2026-01-31 16:06:31 [verbose]: Background processing sleeping due to active gameplay...
 [runtime] 2026-01-31 16:06:31 [verbose]: Background processing sleeping due to active gameplay...
 [runtime] 2026-01-31 16:06:31 [verbose]: Background processing sleeping due to active gameplay...
 [runtime] 2026-01-31 16:06:31 [verbose]: Background processing sleeping due to active gameplay...
 [runtime] 2026-01-31 16:06:31 [verbose]: Background processing sleeping due to active gameplay...
 [runtime] 2026-01-31 16:06:31 [verbose]: Background processing sleeping due to active gameplay...
 [runtime] 2026-01-31 16:06:31 [verbose]: Background processing sleeping due to active gameplay...
 [runtime] 2026-01-31 16:06:31 [verbose]: Background processing sleeping due to active gameplay...
 [runtime] 2026-01-31 16:06:31 [verbose]: Background processing sleeping due to active gameplay...
 [runtime] 2026-01-31 16:06:31 [verbose]: Background processing sleeping due to active gameplay...
 [runtime] 2026-01-31 16:06:31 [verbose]: Background processing sleeping due to active gameplay...
 [runtime] 2026-01-31 16:06:31 [verbose]: Background processing sleeping due to active gameplay...
 [runtime] 2026-01-31 16:06:31 [verbose]: Background processing sleeping due to active gameplay...
 [runtime] 2026-01-31 16:06:31 [verbose]: Background processing sleeping due to active gameplay...
 [runtime] 2026-01-31 16:06:31 [verbose]: Background processing sleeping due to active gameplay...
 [runtime] 2026-01-31 16:06:31 [verbose]: Background processing sleeping due to active gameplay...
 [runtime] 2026-01-31 16:06:31 [verbose]: Background processing sleeping due to active gameplay...
 [runtime] 2026-01-31 16:06:31 [verbose]: Background processing sleeping due to active gameplay...
 [runtime] 2026-01-31 16:06:31 [verbose]: Background processing sleeping due to active gameplay...
 [runtime] 2026-01-31 16:06:31 [verbose]: Background processing sleeping due to active gameplay...
 [runtime] 2026-01-31 16:06:31 [verbose]: Background processing sleeping due to active gameplay...
 [runtime] 2026-01-31 16:06:31 [verbose]: Background processing sleeping due to active gameplay...
 [runtime] 2026-01-31 16:06:31 [verbose]: Background processing sleeping due to active gameplay...
 [runtime] 2026-01-31 16:06:31 [verbose]: Background processing sleeping due to active gameplay...
 [runtime] 2026-01-31 16:06:31 [verbose]: Background processing sleeping due to active gameplay...
 [runtime] 2026-01-31 16:06:31 [verbose]: Background processing sleeping due to active gameplay...
 [runtime] 2026-01-31 16:06:31 [verbose]: Background processing sleeping due to active gameplay...
 [runtime] 2026-01-31 16:06:31 [verbose]: Background processing sleeping due to active gameplay...
 [runtime] 2026-01-31 16:06:31 [verbose]: Background processing sleeping due to active gameplay...
 [runtime] 2026-01-31 16:06:31 [verbose]: Background processing sleeping due to active gameplay...
 [runtime] 2026-01-31 16:06:31 [verbose]: Background processing sleeping due to active gameplay...
 [runtime] 2026-01-31 16:06:31 [verbose]: Background processing sleeping due to active gameplay...
 [runtime] 2026-01-31 16:06:31 [verbose]: Background processing sleeping due to active gameplay...
 [runtime] 2026-01-31 16:06:31 [verbose]: Background processing sleeping due to active gameplay...
 [runtime] 2026-01-31 16:06:31 [verbose]: Background processing sleeping due to active gameplay...
 [runtime] 2026-01-31 16:06:31 [verbose]: Background processing sleeping due to active gameplay...
 [runtime] 2026-01-31 16:06:31 [verbose]: Background processing sleeping due to active gameplay...
 [runtime] 2026-01-31 16:06:31 [verbose]: Background processing sleeping due to active gameplay...
 [runtime] 2026-01-31 16:06:31 [verbose]: Background processing sleeping due to active gameplay...
 [runtime] 2026-01-31 16:06:31 [verbose]: Background processing sleeping due to active gameplay...
 [runtime] 2026-01-31 16:06:31 [verbose]: Background processing sleeping due to active gameplay...
 [runtime] 2026-01-31 16:06:31 [verbose]: Background processing sleeping due to active gameplay...
 [runtime] 2026-01-31 16:06:31 [verbose]: Background processing sleeping due to active gameplay...
 [runtime] 2026-01-31 16:06:31 [verbose]: Background processing sleeping due to active gameplay...
 [runtime] 2026-01-31 16:06:31 [verbose]: Background processing sleeping due to active gameplay...
 [runtime] 2026-01-31 16:06:31 [verbose]: Background processing sleeping due to active gameplay...
 [runtime] 2026-01-31 16:06:31 [verbose]: Background processing sleeping due to active gameplay...
 [runtime] 2026-01-31 16:06:31 [verbose]: Background processing sleeping due to active gameplay...
 [runtime] 2026-01-31 16:06:31 [verbose]: Background processing sleeping due to active gameplay...
 [runtime] 2026-01-31 16:06:31 [verbose]: Background processing sleeping due to active gameplay...
 [runtime] 2026-01-31 16:06:31 [verbose]: Background processing sleeping due to active gameplay...
 [runtime] 2026-01-31 16:06:31 [verbose]: Background processing sleeping due to active gameplay...
 [runtime] 2026-01-31 16:06:31 [verbose]: Background processing sleeping due to active gameplay...
 [runtime] 2026-01-31 16:06:31 [verbose]: Background processing sleeping due to active gameplay...
 [runtime] 2026-01-31 16:06:31 [verbose]: Background processing sleeping due to active gameplay...
 [runtime] 2026-01-31 16:06:31 [verbose]: Background processing sleeping due to active gameplay...
 [runtime] 2026-01-31 16:06:31 [verbose]: Background processing sleeping due to active gameplay...
 [runtime] 2026-01-31 16:06:31 [verbose]: Background processing sleeping due to active gameplay...
 [runtime] 2026-01-31 16:06:31 [verbose]: Background processing sleeping due to active gameplay...
 [runtime] 2026-01-31 16:06:31 [verbose]: Background processing sleeping due to active gameplay...
 [runtime] 2026-01-31 16:06:31 [verbose]: Background processing sleeping due to active gameplay...
 [runtime] 2026-01-31 16:06:31 [verbose]: Background processing sleeping due to active gameplay...
 [runtime] 2026-01-31 16:06:31 [verbose]: Background processing sleeping due to active gameplay...
 [runtime] 2026-01-31 16:06:31 [verbose]: Background processing sleeping due to active gameplay...
 [runtime] 2026-01-31 16:06:31 [verbose]: Background processing sleeping due to active gameplay...
 [runtime] 2026-01-31 16:06:31 [verbose]: Background processing sleeping due to active gameplay...
 [runtime] 2026-01-31 16:06:31 [verbose]: Background processing sleeping due to active gameplay...
 [runtime] 2026-01-31 16:06:31 [verbose]: Background processing sleeping due to active gameplay...
 [runtime] 2026-01-31 16:06:31 [verbose]: Background processing sleeping due to active gameplay...
 [runtime] 2026-01-31 16:06:31 [verbose]: Background processing sleeping due to active gameplay...
 [runtime] 2026-01-31 16:06:31 [verbose]: Background processing sleeping due to active gameplay...
 [runtime] 2026-01-31 16:06:31 [verbose]: Background processing sleeping due to active gameplay...
 [runtime] 2026-01-31 16:06:31 [verbose]: Background processing sleeping due to active gameplay...
 [runtime] 2026-01-31 16:06:31 [verbose]: Background processing sleeping due to active gameplay...
 [runtime] 2026-01-31 16:06:31 [verbose]: Background processing sleeping due to active gameplay...
 [runtime] 2026-01-31 16:06:31 [verbose]: Background processing sleeping due to active gameplay...
 [runtime] 2026-01-31 16:06:31 [verbose]: Background processing sleeping due to active gameplay...
 [runtime] 2026-01-31 16:06:31 [verbose]: Background processing sleeping due to active gameplay...
 [runtime] 2026-01-31 16:06:31 [verbose]: Background processing sleeping due to active gameplay...
 [runtime] 2026-01-31 16:06:31 [verbose]: Background processing sleeping due to active gameplay...
 [runtime] 2026-01-31 16:06:32 [verbose]: Background processing sleeping due to active gameplay...
 [runtime] 2026-01-31 16:06:32 [verbose]: Background processing sleeping due to active gameplay...
 [runtime] 2026-01-31 16:06:32 [verbose]: Background processing sleeping due to active gameplay...
 [runtime] 2026-01-31 16:06:32 [verbose]: Background processing sleeping due to active gameplay...
 [runtime] 2026-01-31 16:06:32 [verbose]: Background processing sleeping due to active gameplay...
 [runtime] 2026-01-31 16:06:32 [verbose]: Background processing sleeping due to active gameplay...
 [runtime] 2026-01-31 16:06:32 [verbose]: Background processing sleeping due to active gameplay...
 [runtime] 2026-01-31 16:06:32 [verbose]: Background processing sleeping due to active gameplay...
 [runtime] 2026-01-31 16:06:32 [verbose]: Background processing sleeping due to active gameplay...
 [database] 2026-01-31 16:06:32 [verbose]: [LocalCachedBeatmapMetadataSource] Local cache fetch completed successfully.
 [runtime] 2026-01-31 16:06:32 [verbose]: Background processing sleeping due to active gameplay...
 [runtime] 2026-01-31 16:06:32 [verbose]: Background processing sleeping due to active gameplay...
 [runtime] 2026-01-31 16:06:32 [verbose]: Background processing sleeping due to active gameplay...
 [runtime] 2026-01-31 16:06:32 [verbose]: Background processing sleeping due to active gameplay...
 [runtime] 2026-01-31 16:06:32 [verbose]: Background processing sleeping due to active gameplay...
 [runtime] 2026-01-31 16:06:32 [verbose]: Background processing sleeping due to active gameplay...
 [runtime] 2026-01-31 16:06:32 [verbose]: Background processing sleeping due to active gameplay...
 [runtime] 2026-01-31 16:06:32 [verbose]: Background processing sleeping due to active gameplay...
 [runtime] 2026-01-31 16:06:32 [verbose]: Background processing sleeping due to active gameplay...
 [runtime] 2026-01-31 16:06:32 [verbose]: Background processing sleeping due to active gameplay...
 [runtime] 2026-01-31 16:06:32 [verbose]: Background processing sleeping due to active gameplay...
 [runtime] 2026-01-31 16:06:32 [verbose]: Background processing sleeping due to active gameplay...
 [runtime] 2026-01-31 16:06:32 [verbose]: Background processing sleeping due to active gameplay...
 [runtime] 2026-01-31 16:06:32 [verbose]: Background processing sleeping due to active gameplay...
 [runtime] 2026-01-31 16:06:32 [verbose]: Background processing sleeping due to active gameplay...
 [runtime] 2026-01-31 16:06:32 [verbose]: Background processing sleeping due to active gameplay...
 [runtime] 2026-01-31 16:06:32 [verbose]: Background processing sleeping due to active gameplay...
 [runtime] 2026-01-31 16:06:32 [verbose]: Background processing sleeping due to active gameplay...
 [runtime] 2026-01-31 16:06:32 [verbose]: Background processing sleeping due to active gameplay...
 [runtime] 2026-01-31 16:06:32 [verbose]: Background processing sleeping due to active gameplay...
 [runtime] 2026-01-31 16:06:32 [verbose]: Background processing sleeping due to active gameplay...
 [runtime] 2026-01-31 16:06:32 [verbose]: Background processing sleeping due to active gameplay...
 [runtime] 2026-01-31 16:06:32 [verbose]: Background processing sleeping due to active gameplay...
 [runtime] 2026-01-31 16:06:32 [verbose]: Background processing sleeping due to active gameplay...
 [runtime] 2026-01-31 16:06:32 [verbose]: Background processing sleeping due to active gameplay...
 [runtime] 2026-01-31 16:06:32 [verbose]: Background processing sleeping due to active gameplay...
 [runtime] 2026-01-31 16:06:32 [verbose]: Background processing sleeping due to active gameplay...
 [runtime] 2026-01-31 16:06:32 [verbose]: Background processing sleeping due to active gameplay...
 [runtime] 2026-01-31 16:06:32 [verbose]: Background processing sleeping due to active gameplay...
 [runtime] 2026-01-31 16:06:32 [verbose]: Background processing sleeping due to active gameplay...
 [runtime] 2026-01-31 16:06:32 [verbose]: Background processing sleeping due to active gameplay...
 [runtime] 2026-01-31 16:06:32 [verbose]: Background processing sleeping due to active gameplay...
 [runtime] 2026-01-31 16:06:32 [verbose]: Background processing sleeping due to active gameplay...
 [runtime] 2026-01-31 16:06:32 [verbose]: Background processing sleeping due to active gameplay...
 [runtime] 2026-01-31 16:06:32 [verbose]: Background processing sleeping due to active gameplay...
 [runtime] 2026-01-31 16:06:32 [verbose]: Background processing sleeping due to active gameplay...
 [runtime] 2026-01-31 16:06:32 [verbose]: Background processing sleeping due to active gameplay...
 [runtime] 2026-01-31 16:06:32 [verbose]: Background processing sleeping due to active gameplay...
 [runtime] 2026-01-31 16:06:32 [verbose]: Background processing sleeping due to active gameplay...
 [runtime] 2026-01-31 16:06:32 [verbose]: Background processing sleeping due to active gameplay...
 [runtime] 2026-01-31 16:06:32 [verbose]: Background processing sleeping due to active gameplay...
 [runtime] 2026-01-31 16:06:32 [verbose]: Background processing sleeping due to active gameplay...
 [runtime] 2026-01-31 16:06:32 [verbose]: Background processing sleeping due to active gameplay...
 [runtime] 2026-01-31 16:06:32 [verbose]: Background processing sleeping due to active gameplay...
 [runtime] 2026-01-31 16:06:32 [verbose]: Background processing sleeping due to active gameplay...
 [runtime] 2026-01-31 16:06:32 [verbose]: Background processing sleeping due to active gameplay...
 [runtime] 2026-01-31 16:06:32 [verbose]: Background processing sleeping due to active gameplay...
 [runtime] 2026-01-31 16:06:32 [verbose]: Background processing sleeping due to active gameplay...
 [runtime] 2026-01-31 16:06:32 [verbose]: Background processing sleeping due to active gameplay...
 [runtime] 2026-01-31 16:06:32 [verbose]: Background processing sleeping due to active gameplay...
 [runtime] 2026-01-31 16:06:32 [verbose]: Background processing sleeping due to active gameplay...
 [runtime] 2026-01-31 16:06:32 [verbose]: Background processing sleeping due to active gameplay...
 [runtime] 2026-01-31 16:06:32 [verbose]: Background processing sleeping due to active gameplay...
 [runtime] 2026-01-31 16:06:32 [verbose]: Background processing sleeping due to active gameplay...
 [runtime] 2026-01-31 16:06:32 [verbose]: Background processing sleeping due to active gameplay...
 [runtime] 2026-01-31 16:06:32 [verbose]: Background processing sleeping due to active gameplay...
 [runtime] 2026-01-31 16:06:32 [verbose]: Background processing sleeping due to active gameplay...
 [runtime] 2026-01-31 16:06:32 [verbose]: Background processing sleeping due to active gameplay...
 [runtime] 2026-01-31 16:06:32 [verbose]: Background processing sleeping due to active gameplay...
 [runtime] 2026-01-31 16:06:32 [verbose]: Background processing sleeping due to active gameplay...
 [runtime] 2026-01-31 16:06:32 [verbose]: Background processing sleeping due to active gameplay...
 [runtime] 2026-01-31 16:06:32 [verbose]: Background processing sleeping due to active gameplay...
 [runtime] 2026-01-31 16:06:32 [verbose]: Background processing sleeping due to active gameplay...
 [runtime] 2026-01-31 16:06:32 [verbose]: Background processing sleeping due to active gameplay...
 [runtime] 2026-01-31 16:06:32 [verbose]: Background processing sleeping due to active gameplay...
 [runtime] 2026-01-31 16:06:32 [verbose]: Background processing sleeping due to active gameplay...
 [runtime] 2026-01-31 16:06:32 [verbose]: Background processing sleeping due to active gameplay...
 [runtime] 2026-01-31 16:06:32 [verbose]: Background processing sleeping due to active gameplay...
 [runtime] 2026-01-31 16:06:32 [verbose]: Background processing sleeping due to active gameplay...
 [runtime] 2026-01-31 16:06:32 [verbose]: Background processing sleeping due to active gameplay...
 [runtime] 2026-01-31 16:06:32 [verbose]: Background processing sleeping due to active gameplay...
 [database] 2026-01-31 16:06:32 [verbose]: [LocalCachedBeatmapMetadataSource] Local cache fetch completed successfully.
 [runtime] 2026-01-31 16:06:32 [verbose]: Background processing sleeping due to active gameplay...
 [runtime] 2026-01-31 16:06:32 [verbose]: Querying for beatmaps that do not have user tags
 [runtime] 2026-01-31 16:06:32 [verbose]: Background processing sleeping due to active gameplay...
 [runtime] 2026-01-31 16:06:32 [verbose]: Finished background data store processing!
 [runtime] 2026-01-31 16:06:32 [verbose]: Background processing sleeping due to active gameplay...
 [runtime] 2026-01-31 16:06:32 [verbose]: Background processing sleeping due to active gameplay...
 [runtime] 2026-01-31 16:06:32 [verbose]: Background processing sleeping due to active gameplay...
 [runtime] 2026-01-31 16:06:32 [verbose]: Background processing sleeping due to active gameplay...
 [runtime] 2026-01-31 16:06:32 [verbose]: Background processing sleeping due to active gameplay...
 [runtime] 2026-01-31 16:06:32 [verbose]: Background processing sleeping due to active gameplay...
 [runtime] 2026-01-31 16:06:32 [verbose]: Background processing sleeping due to active gameplay...
 [runtime] 2026-01-31 16:06:32 [verbose]: Background processing sleeping due to active gameplay...
 [runtime] 2026-01-31 16:06:32 [verbose]: Background processing sleeping due to active gameplay...
 [runtime] 2026-01-31 16:06:32 [verbose]: Background processing sleeping due to active gameplay...
 [runtime] 2026-01-31 16:06:32 [verbose]: Background processing sleeping due to active gameplay...
 [runtime] 2026-01-31 16:06:32 [verbose]: Background processing sleeping due to active gameplay...
 [runtime] 2026-01-31 16:06:32 [verbose]: Background processing sleeping due to active gameplay...
 [runtime] 2026-01-31 16:06:32 [verbose]: Background processing sleeping due to active gameplay...
 [runtime] 2026-01-31 16:06:32 [verbose]: Background processing sleeping due to active gameplay...
 [runtime] 2026-01-31 16:06:32 [verbose]: Background processing sleeping due to active gameplay...
 [runtime] 2026-01-31 16:06:33 [verbose]: Background processing sleeping due to active gameplay...
 [runtime] 2026-01-31 16:06:33 [verbose]: Background processing sleeping due to active gameplay...
 [runtime] 2026-01-31 16:06:33 [verbose]: Background processing sleeping due to active gameplay...
 [runtime] 2026-01-31 16:06:33 [verbose]: Background processing sleeping due to active gameplay...
 [runtime] 2026-01-31 16:06:33 [verbose]: Background processing sleeping due to active gameplay...
 [runtime] 2026-01-31 16:06:33 [verbose]: Background processing sleeping due to active gameplay...
 [runtime] 2026-01-31 16:06:33 [verbose]: Background processing sleeping due to active gameplay...
 [runtime] 2026-01-31 16:06:33 [verbose]: Background processing sleeping due to active gameplay...
 [runtime] 2026-01-31 16:06:33 [verbose]: Background processing sleeping due to active gameplay...
 [runtime] 2026-01-31 16:06:33 [verbose]: Background processing sleeping due to active gameplay...
 [runtime] 2026-01-31 16:06:33 [verbose]: Background processing sleeping due to active gameplay...
 [runtime] 2026-01-31 16:06:33 [verbose]: Background processing sleeping due to active gameplay...
 [runtime] 2026-01-31 16:06:33 [verbose]: Background processing sleeping due to active gameplay...
 [runtime] 2026-01-31 16:06:33 [verbose]: Background processing sleeping due to active gameplay...
 [runtime] 2026-01-31 16:06:33 [verbose]: Background processing sleeping due to active gameplay...
 [runtime] 2026-01-31 16:06:33 [verbose]: Background processing sleeping due to active gameplay...
 [runtime] 2026-01-31 16:06:33 [verbose]: Background processing sleeping due to active gameplay...
 [runtime] 2026-01-31 16:06:33 [verbose]: Background processing sleeping due to active gameplay...
 [runtime] 2026-01-31 16:06:33 [verbose]: Background processing sleeping due to active gameplay...
 [runtime] 2026-01-31 16:06:33 [verbose]: Background processing sleeping due to active gameplay...
 [runtime] 2026-01-31 16:06:33 [verbose]: Background processing sleeping due to active gameplay...
 [runtime] 2026-01-31 16:06:33 [verbose]: Background processing sleeping due to active gameplay...
 [runtime] 2026-01-31 16:06:33 [verbose]: Background processing sleeping due to active gameplay...
 [runtime] 2026-01-31 16:06:33 [verbose]: Background processing sleeping due to active gameplay...
 [runtime] 2026-01-31 16:06:33 [verbose]: Background processing sleeping due to active gameplay...
 [runtime] 2026-01-31 16:06:33 [verbose]: Background processing sleeping due to active gameplay...
 [runtime] 2026-01-31 16:06:33 [verbose]: Background processing sleeping due to active gameplay...
 [runtime] 2026-01-31 16:06:33 [verbose]: Background processing sleeping due to active gameplay...
 [runtime] 2026-01-31 16:06:33 [verbose]: Background processing sleeping due to active gameplay...
 [runtime] 2026-01-31 16:06:33 [verbose]: Background processing sleeping due to active gameplay...
 [runtime] 2026-01-31 16:06:33 [verbose]: Background processing sleeping due to active gameplay...
 [runtime] 2026-01-31 16:06:33 [verbose]: Background processing sleeping due to active gameplay...
 [runtime] 2026-01-31 16:06:33 [verbose]: Background processing sleeping due to active gameplay...
 [runtime] 2026-01-31 16:06:33 [verbose]: Background processing sleeping due to active gameplay...
 [runtime] 2026-01-31 16:06:33 [verbose]: Background processing sleeping due to active gameplay...
 [runtime] 2026-01-31 16:06:33 [verbose]: Background processing sleeping due to active gameplay...
 [runtime] 2026-01-31 16:06:33 [verbose]: Background processing sleeping due to active gameplay...
 [runtime] 2026-01-31 16:06:33 [verbose]: Background processing sleeping due to active gameplay...
 [runtime] 2026-01-31 16:06:33 [verbose]: Background processing sleeping due to active gameplay...
 [runtime] 2026-01-31 16:06:33 [verbose]: Background processing sleeping due to active gameplay...
 [runtime] 2026-01-31 16:06:33 [verbose]: Background processing sleeping due to active gameplay...
 [runtime] 2026-01-31 16:06:33 [verbose]: Background processing sleeping due to active gameplay...
 [runtime] 2026-01-31 16:06:33 [verbose]: Background processing sleeping due to active gameplay...
 [runtime] 2026-01-31 16:06:33 [verbose]: Background processing sleeping due to active gameplay...
 [runtime] 2026-01-31 16:06:33 [verbose]: Background processing sleeping due to active gameplay...
 [runtime] 2026-01-31 16:06:33 [verbose]: Background processing sleeping due to active gameplay...
 [runtime] 2026-01-31 16:06:33 [verbose]: Background processing sleeping due to active gameplay...
 [runtime] 2026-01-31 16:06:33 [verbose]: Background processing sleeping due to active gameplay...
 [runtime] 2026-01-31 16:06:33 [verbose]: Background processing sleeping due to active gameplay...
 [runtime] 2026-01-31 16:06:33 [verbose]: Background processing sleeping due to active gameplay...
 [runtime] 2026-01-31 16:06:33 [verbose]: Background processing sleeping due to active gameplay...
 [runtime] 2026-01-31 16:06:33 [verbose]: Background processing sleeping due to active gameplay...
 [runtime] 2026-01-31 16:06:33 [verbose]: Background processing sleeping due to active gameplay...
 [runtime] 2026-01-31 16:06:33 [verbose]: Background processing sleeping due to active gameplay...
 [runtime] 2026-01-31 16:06:33 [verbose]: Background processing sleeping due to active gameplay...
 [runtime] 2026-01-31 16:06:33 [verbose]: Background processing sleeping due to active gameplay...
 [runtime] 2026-01-31 16:06:33 [verbose]: Background processing sleeping due to active gameplay...
 [runtime] 2026-01-31 16:06:33 [verbose]: Background processing sleeping due to active gameplay...
 [runtime] 2026-01-31 16:06:33 [verbose]: Background processing sleeping due to active gameplay...
 [runtime] 2026-01-31 16:06:33 [verbose]: Background processing sleeping due to active gameplay...
 [runtime] 2026-01-31 16:06:33 [verbose]: ✔️ 500 repetitions
 [runtime] 2026-01-31 16:06:33 [verbose]: Background processing sleeping due to active gameplay...
 [runtime] 2026-01-31 16:06:33 [verbose]: 🔸 Step #7 Difficulty still not populated
 [runtime] 2026-01-31 16:06:33 [verbose]: 🔸 Step #8 Set not playing
 [runtime] 2026-01-31 16:06:33 [verbose]: 🔸 Step #9 Wait for completion
 [runtime] 2026-01-31 16:06:33 [verbose]: Invalidating working beatmap cache for Soleily - RenatusQuick (Deif) [Rain]
 [runtime] 2026-01-31 16:06:33 [verbose]: Invalidating working beatmap cache for Soleily - RenatusQuick (Deif) [Salad]
 [runtime] 2026-01-31 16:06:33 [verbose]: Invalidating working beatmap cache for Soleily - RenatusQuick (ExPew) [Another]
 [runtime] 2026-01-31 16:06:33 [verbose]: Invalidating working beatmap cache for Soleily - RenatusQuick (ExPew) [Hyper]
 [runtime] 2026-01-31 16:06:33 [verbose]: Invalidating working beatmap cache for Soleily - RenatusQuick (ExPew) [Normal]
 [runtime] 2026-01-31 16:06:33 [verbose]: Invalidating working beatmap cache for Soleily - RenatusQuick (Gamu) [Hard]
 [runtime] 2026-01-31 16:06:33 [verbose]: Invalidating working beatmap cache for Soleily - RenatusQuick (Gamu) [Insane]
 [runtime] 2026-01-31 16:06:33 [verbose]: Invalidating working beatmap cache for Soleily - RenatusQuick (Gamu) [Normal]
 [runtime] 2026-01-31 16:06:33 [verbose]: Invalidating working beatmap cache for Soleily - RenatusQuick (MMzz) [Futsuu]
 [runtime] 2026-01-31 16:06:33 [verbose]: Invalidating working beatmap cache for Soleily - RenatusQuick (MMzz) [Muzukashii]
 [runtime] 2026-01-31 16:06:33 [verbose]: Invalidating working beatmap cache for Soleily - RenatusQuick (MMzz) [Oni]
 [runtime] 2026-01-31 16:06:33 [verbose]: Querying for beatmap sets to reprocess...
 [runtime] 2026-01-31 16:06:33 [verbose]: Found 1 beatmap sets which require online updates.
 [database] 2026-01-31 16:06:33 [verbose]: [dce8f] [LocalCachedBeatmapMetadataSource] Cached local retrieval for Soleily - RenatusQuick (Deif) [Platter] (cache version 3).
 [database] 2026-01-31 16:06:33 [verbose]: [dce8f] [LocalCachedBeatmapMetadataSource] Cached local retrieval for Soleily - RenatusQuick (Deif) [Rain] (cache version 3).
 [database] 2026-01-31 16:06:33 [verbose]: [dce8f] [LocalCachedBeatmapMetadataSource] Cached local retrieval for Soleily - RenatusQuick (Deif) [Salad] (cache version 3).
 [database] 2026-01-31 16:06:33 [verbose]: [dce8f] [LocalCachedBeatmapMetadataSource] Cached local retrieval for Soleily - RenatusQuick (ExPew) [Another] (cache version 3).
 [database] 2026-01-31 16:06:33 [verbose]: [dce8f] [LocalCachedBeatmapMetadataSource] Cached local retrieval for Soleily - RenatusQuick (ExPew) [Hyper] (cache version 3).
 [database] 2026-01-31 16:06:33 [verbose]: [dce8f] [LocalCachedBeatmapMetadataSource] Cached local retrieval for Soleily - RenatusQuick (ExPew) [Normal] (cache version 3).
 [database] 2026-01-31 16:06:33 [verbose]: [dce8f] [LocalCachedBeatmapMetadataSource] Cached local retrieval for Soleily - RenatusQuick (Gamu) [Hard] (cache version 3).
 [database] 2026-01-31 16:06:33 [verbose]: [dce8f] [LocalCachedBeatmapMetadataSource] Cached local retrieval for Soleily - RenatusQuick (Gamu) [Insane] (cache version 3).
 [database] 2026-01-31 16:06:33 [verbose]: [dce8f] [LocalCachedBeatmapMetadataSource] Cached local retrieval for Soleily - RenatusQuick (Gamu) [Normal] (cache version 3).
 [database] 2026-01-31 16:06:33 [verbose]: [dce8f] [LocalCachedBeatmapMetadataSource] Cached local retrieval for Soleily - RenatusQuick (MMzz) [Futsuu] (cache version 3).
 [database] 2026-01-31 16:06:33 [verbose]: [dce8f] [LocalCachedBeatmapMetadataSource] Cached local retrieval for Soleily - RenatusQuick (MMzz) [Muzukashii] (cache version 3).
 [database] 2026-01-31 16:06:33 [verbose]: [dce8f] [LocalCachedBeatmapMetadataSource] Cached local retrieval for Soleily - RenatusQuick (MMzz) [Oni] (cache version 3).
 [runtime] 2026-01-31 16:06:33 [verbose]: Invalidating working beatmap cache for Soleily - RenatusQuick (Deif) [Platter]
 [runtime] 2026-01-31 16:06:33 [verbose]: Invalidating working beatmap cache for Soleily - RenatusQuick (Deif) [Rain]
 [runtime] 2026-01-31 16:06:33 [verbose]: Invalidating working beatmap cache for Soleily - RenatusQuick (Deif) [Salad]
 [runtime] 2026-01-31 16:06:33 [verbose]: Invalidating working beatmap cache for Soleily - RenatusQuick (ExPew) [Another]
 [runtime] 2026-01-31 16:06:33 [verbose]: Invalidating working beatmap cache for Soleily - RenatusQuick (ExPew) [Hyper]
 [runtime] 2026-01-31 16:06:33 [verbose]: Invalidating working beatmap cache for Soleily - RenatusQuick (ExPew) [Normal]
 [runtime] 2026-01-31 16:06:33 [verbose]: Invalidating working beatmap cache for Soleily - RenatusQuick (Gamu) [Hard]
 [runtime] 2026-01-31 16:06:33 [verbose]: Invalidating working beatmap cache for Soleily - RenatusQuick (Gamu) [Insane]
 [runtime] 2026-01-31 16:06:33 [verbose]: Invalidating working beatmap cache for Soleily - RenatusQuick (Gamu) [Normal]
 [runtime] 2026-01-31 16:06:33 [verbose]: Invalidating working beatmap cache for Soleily - RenatusQuick (MMzz) [Futsuu]
 [runtime] 2026-01-31 16:06:33 [verbose]: Invalidating working beatmap cache for Soleily - RenatusQuick (MMzz) [Muzukashii]
 [runtime] 2026-01-31 16:06:33 [verbose]: Invalidating working beatmap cache for Soleily - RenatusQuick (MMzz) [Oni]
 [runtime] 2026-01-31 16:06:33 [verbose]: Querying for beatmaps with missing hitobject counts to reprocess...
 [runtime] 2026-01-31 16:06:33 [verbose]: Querying for scores to reprocess...
 [runtime] 2026-01-31 16:06:33 [verbose]: Querying for scores that need total score conversion...
 [runtime] 2026-01-31 16:06:33 [verbose]: Found 0 scores which require total score conversion.
 [runtime] 2026-01-31 16:06:33 [verbose]: Querying for scores that need rank upgrades...
 [runtime] 2026-01-31 16:06:33 [verbose]: Found 0 scores which require rank upgrades.
 [runtime] 2026-01-31 16:06:33 [verbose]: Querying for beatmap sets that contain missing submission/rank date...
 [runtime] 2026-01-31 16:06:33 [verbose]: Querying for beatmaps that do not have user tags
 [runtime] 2026-01-31 16:06:33 [verbose]: Finished background data store processing!
 [runtime] 2026-01-31 16:06:33 [verbose]: ✔️ 23 repetitions
 [runtime] 2026-01-31 16:06:33 [verbose]: 🔸 Step #10 Difficulties repopulated
 [runtime] 2026-01-31 16:06:33 [verbose]: ✅ BackgroundDataStoreProcessorTests completed


[runtime] 2026-01-31 16:06:33 [verbose]: 💨 Class: BackgroundDataStoreProcessorTests
[runtime] 2026-01-31 16:06:33 [verbose]: 🔶 Test:  TestScoreUpgradeFailed(30000002)
[runtime] 2026-01-31 16:06:33 [verbose]: 🔸 Step #1 Set not playing
[runtime] 2026-01-31 16:06:33 [verbose]: 🔸 Step #2 Add score which requires upgrade (but has no beatmap)
[runtime] 2026-01-31 16:06:33 [verbose]: 🔸 Step #3 Run background processor
[runtime] 2026-01-31 16:06:33 [verbose]: Beginning background data store processing..
[runtime] 2026-01-31 16:06:33 [verbose]: Resetting star ratings for osu! (difficulty calculation version updated from 0 to 20251020)
[runtime] 2026-01-31 16:06:33 [verbose]: Finished resetting 4 beatmap sets for osu!
[runtime] 2026-01-31 16:06:33 [verbose]: Resetting star ratings for osu!taiko (difficulty calculation version updated from 0 to 20251020)
[runtime] 2026-01-31 16:06:33 [verbose]: 🔸 Step #4 Wait for completion
[runtime] 2026-01-31 16:06:33 [verbose]: Finished resetting 3 beatmap sets for osu!taiko
[runtime] 2026-01-31 16:06:33 [verbose]: Resetting star ratings for osu!catch (difficulty calculation version updated from 0 to 20251020)
[runtime] 2026-01-31 16:06:33 [verbose]: Finished resetting 3 beatmap sets for osu!catch
[runtime] 2026-01-31 16:06:33 [verbose]: Resetting star ratings for osu!mania (difficulty calculation version updated from 0 to 20241007)
[runtime] 2026-01-31 16:06:33 [verbose]: Finished resetting 3 beatmap sets for osu!mania
[runtime] 2026-01-31 16:06:33 [verbose]: Querying for beatmaps with missing star ratings...
[runtime] 2026-01-31 16:06:33 [verbose]: Found 13 beatmaps which require star rating reprocessing.
[runtime] 2026-01-31 16:06:33 [verbose]: Invalidating working beatmap cache for Soleily - RenatusQuick (Deif) [Platter]
[runtime] 2026-01-31 16:06:33 [verbose]: Invalidating working beatmap cache for Soleily - RenatusQuick (Deif) [Rain]
[runtime] 2026-01-31 16:06:33 [verbose]: Invalidating working beatmap cache for Soleily - RenatusQuick (Deif) [Salad]
[runtime] 2026-01-31 16:06:33 [verbose]: Invalidating working beatmap cache for Soleily - RenatusQuick (ExPew) [Another]
[runtime] 2026-01-31 16:06:33 [verbose]: Invalidating working beatmap cache for Soleily - RenatusQuick (ExPew) [Hyper]
[runtime] 2026-01-31 16:06:33 [verbose]: Invalidating working beatmap cache for Soleily - RenatusQuick (ExPew) [Normal]
[runtime] 2026-01-31 16:06:33 [verbose]: Invalidating working beatmap cache for Soleily - RenatusQuick (Gamu) [Hard]
[runtime] 2026-01-31 16:06:33 [verbose]: Invalidating working beatmap cache for Soleily - RenatusQuick (Gamu) [Insane]
[runtime] 2026-01-31 16:06:33 [verbose]: Invalidating working beatmap cache for Soleily - RenatusQuick (Gamu) [Normal]
[runtime] 2026-01-31 16:06:33 [verbose]: Invalidating working beatmap cache for Soleily - RenatusQuick (MMzz) [Futsuu]
[runtime] 2026-01-31 16:06:33 [verbose]: Invalidating working beatmap cache for Soleily - RenatusQuick (MMzz) [Muzukashii]
[runtime] 2026-01-31 16:06:33 [verbose]: Invalidating working beatmap cache for Soleily - RenatusQuick (MMzz) [Oni]
[runtime] 2026-01-31 16:06:33 [verbose]: Invalidating working beatmap cache for unknown artist - unknown title
[runtime] 2026-01-31 16:06:33 [verbose]: Querying for beatmap sets to reprocess...
[runtime] 2026-01-31 16:06:33 [verbose]: Querying for beatmaps with missing hitobject counts to reprocess...
[runtime] 2026-01-31 16:06:33 [verbose]: Found 1 beatmaps which require statistics population.
[runtime] 2026-01-31 16:06:33 [verbose]: Invalidating working beatmap cache for unknown artist - unknown title
[runtime] 2026-01-31 16:06:33 [verbose]: Querying for scores to reprocess...
[runtime] 2026-01-31 16:06:33 [verbose]: Querying for scores that need total score conversion...
[runtime] 2026-01-31 16:06:33 [verbose]: Found 1 scores which require total score conversion.
[runtime] 2026-01-31 16:06:33 [verbose]: Failed to convert total score for 4d306192-c79e-436d-9cca-b5f888ff947a: System.InvalidOperationException: Beatmap contains no hit objects!
[runtime] 2026-01-31 16:06:33 [verbose]: at osu.Game.Database.StandardisedScoreMigrationTools.convertFromLegacyTotalScore(ScoreInfo score, Ruleset ruleset, WorkingBeatmap beatmap) in /app/osu.Game/Database/StandardisedScoreMigrationTools.cs:line 295
[runtime] 2026-01-31 16:06:33 [verbose]: at osu.Game.Database.StandardisedScoreMigrationTools.UpdateFromLegacy(ScoreInfo score, WorkingBeatmap beatmap) in /app/osu.Game/Database/StandardisedScoreMigrationTools.cs:line 250
[runtime] 2026-01-31 16:06:33 [verbose]: at osu.Game.Database.BackgroundDataStoreProcessor.<>c__DisplayClass61_0.<convertLegacyTotalScoreToStandardised>b__4(Realm r) in /app/osu.Game/Database/BackgroundDataStoreProcessor.cs:line 492
[runtime] 2026-01-31 16:06:33 [verbose]: at osu.Game.Database.RealmExtensions.Write(Realm realm, Action`1 function) in /app/osu.Game/Database/RealmExtensions.cs:line 60
[runtime] 2026-01-31 16:06:33 [verbose]: at osu.Game.Database.RealmAccess.Write(Action`1 action) in /app/osu.Game/Database/RealmAccess.cs:line 532
[runtime] 2026-01-31 16:06:33 [verbose]: at osu.Game.Database.BackgroundDataStoreProcessor.convertLegacyTotalScoreToStandardised() in /app/osu.Game/Database/BackgroundDataStoreProcessor.cs:line 489
[runtime] 2026-01-31 16:06:33 [verbose]: Querying for scores that need rank upgrades...
[runtime] 2026-01-31 16:06:33 [verbose]: Found 0 scores which require rank upgrades.
[runtime] 2026-01-31 16:06:33 [verbose]: Querying for beatmap sets that contain missing submission/rank date...
[runtime] 2026-01-31 16:06:33 [verbose]: Querying for beatmaps that do not have user tags
[runtime] 2026-01-31 16:06:33 [verbose]: Finished background data store processing!
[runtime] 2026-01-31 16:06:33 [verbose]: ✔️ 19 repetitions
[runtime] 2026-01-31 16:06:33 [verbose]: 🔸 Step #5 Score marked as failed
[runtime] 2026-01-31 16:06:33 [verbose]: 🔸 Step #6 Score version not upgraded
[runtime] 2026-01-31 16:06:33 [verbose]: ✅ BackgroundDataStoreProcessorTests completed

[runtime] 2026-01-31 16:06:34 [verbose]: 💨 Class: BackgroundDataStoreProcessorTests
[runtime] 2026-01-31 16:06:34 [verbose]: 🔶 Test:  TestScoreUpgradeFailed(30000013)
[runtime] 2026-01-31 16:06:34 [verbose]: 🔸 Step #1 Set not playing
[runtime] 2026-01-31 16:06:34 [verbose]: 🔸 Step #2 Add score which requires upgrade (but has no beatmap)
[runtime] 2026-01-31 16:06:34 [verbose]: 🔸 Step #3 Run background processor
[runtime] 2026-01-31 16:06:34 [verbose]: Beginning background data store processing..
[runtime] 2026-01-31 16:06:34 [verbose]: Resetting star ratings for osu! (difficulty calculation version updated from 0 to 20251020)
[runtime] 2026-01-31 16:06:34 [verbose]: Finished resetting 5 beatmap sets for osu!
[runtime] 2026-01-31 16:06:34 [verbose]: Resetting star ratings for osu!taiko (difficulty calculation version updated from 0 to 20251020)
[runtime] 2026-01-31 16:06:34 [verbose]: 🔸 Step #4 Wait for completion
[runtime] 2026-01-31 16:06:34 [verbose]: Finished resetting 3 beatmap sets for osu!taiko
[runtime] 2026-01-31 16:06:34 [verbose]: Resetting star ratings for osu!catch (difficulty calculation version updated from 0 to 20251020)
[runtime] 2026-01-31 16:06:34 [verbose]: Finished resetting 3 beatmap sets for osu!catch
[runtime] 2026-01-31 16:06:34 [verbose]: Resetting star ratings for osu!mania (difficulty calculation version updated from 0 to 20241007)
[runtime] 2026-01-31 16:06:34 [verbose]: Finished resetting 3 beatmap sets for osu!mania
[runtime] 2026-01-31 16:06:34 [verbose]: Querying for beatmaps with missing star ratings...
[runtime] 2026-01-31 16:06:34 [verbose]: Found 14 beatmaps which require star rating reprocessing.
[runtime] 2026-01-31 16:06:34 [verbose]: Invalidating working beatmap cache for Soleily - RenatusQuick (Deif) [Platter]
[runtime] 2026-01-31 16:06:34 [verbose]: Invalidating working beatmap cache for Soleily - RenatusQuick (Deif) [Rain]
[runtime] 2026-01-31 16:06:34 [verbose]: Invalidating working beatmap cache for Soleily - RenatusQuick (Deif) [Salad]
[runtime] 2026-01-31 16:06:34 [verbose]: Invalidating working beatmap cache for Soleily - RenatusQuick (ExPew) [Another]
[runtime] 2026-01-31 16:06:34 [verbose]: Invalidating working beatmap cache for Soleily - RenatusQuick (ExPew) [Hyper]
[runtime] 2026-01-31 16:06:34 [verbose]: Invalidating working beatmap cache for Soleily - RenatusQuick (ExPew) [Normal]
[runtime] 2026-01-31 16:06:34 [verbose]: Invalidating working beatmap cache for Soleily - RenatusQuick (Gamu) [Hard]
[runtime] 2026-01-31 16:06:34 [verbose]: Invalidating working beatmap cache for Soleily - RenatusQuick (Gamu) [Insane]
[runtime] 2026-01-31 16:06:34 [verbose]: Invalidating working beatmap cache for Soleily - RenatusQuick (Gamu) [Normal]
[runtime] 2026-01-31 16:06:34 [verbose]: Invalidating working beatmap cache for Soleily - RenatusQuick (MMzz) [Futsuu]
[runtime] 2026-01-31 16:06:34 [verbose]: Invalidating working beatmap cache for Soleily - RenatusQuick (MMzz) [Muzukashii]
[runtime] 2026-01-31 16:06:34 [verbose]: Invalidating working beatmap cache for Soleily - RenatusQuick (MMzz) [Oni]
[runtime] 2026-01-31 16:06:34 [verbose]: Invalidating working beatmap cache for unknown artist - unknown title
[runtime] 2026-01-31 16:06:34 [verbose]: Invalidating working beatmap cache for unknown artist - unknown title
[runtime] 2026-01-31 16:06:34 [verbose]: Querying for beatmap sets to reprocess...
[runtime] 2026-01-31 16:06:34 [verbose]: Querying for beatmaps with missing hitobject counts to reprocess...
[runtime] 2026-01-31 16:06:34 [verbose]: Found 1 beatmaps which require statistics population.
[runtime] 2026-01-31 16:06:34 [verbose]: Invalidating working beatmap cache for unknown artist - unknown title
[runtime] 2026-01-31 16:06:34 [verbose]: Querying for scores to reprocess...
[runtime] 2026-01-31 16:06:34 [verbose]: Querying for scores that need total score conversion...
[runtime] 2026-01-31 16:06:34 [verbose]: Found 1 scores which require total score conversion.
[runtime] 2026-01-31 16:06:34 [verbose]: Failed to convert total score for 9a06da8f-0a26-4084-aaf8-0e089f54313e: System.InvalidOperationException: Beatmap contains no hit objects!
[runtime] 2026-01-31 16:06:34 [verbose]: at osu.Game.Database.StandardisedScoreMigrationTools.convertFromLegacyTotalScore(ScoreInfo score, Ruleset ruleset, WorkingBeatmap beatmap) in /app/osu.Game/Database/StandardisedScoreMigrationTools.cs:line 295
[runtime] 2026-01-31 16:06:34 [verbose]: at osu.Game.Database.StandardisedScoreMigrationTools.UpdateFromLegacy(ScoreInfo score, WorkingBeatmap beatmap) in /app/osu.Game/Database/StandardisedScoreMigrationTools.cs:line 250
[runtime] 2026-01-31 16:06:34 [verbose]: at osu.Game.Database.BackgroundDataStoreProcessor.<>c__DisplayClass61_0.<convertLegacyTotalScoreToStandardised>b__4(Realm r) in /app/osu.Game/Database/BackgroundDataStoreProcessor.cs:line 492
[runtime] 2026-01-31 16:06:34 [verbose]: at osu.Game.Database.RealmExtensions.Write(Realm realm, Action`1 function) in /app/osu.Game/Database/RealmExtensions.cs:line 60
[runtime] 2026-01-31 16:06:34 [verbose]: at osu.Game.Database.RealmAccess.Write(Action`1 action) in /app/osu.Game/Database/RealmAccess.cs:line 532
[runtime] 2026-01-31 16:06:34 [verbose]: at osu.Game.Database.BackgroundDataStoreProcessor.convertLegacyTotalScoreToStandardised() in /app/osu.Game/Database/BackgroundDataStoreProcessor.cs:line 489
[runtime] 2026-01-31 16:06:34 [verbose]: Querying for scores that need rank upgrades...
[runtime] 2026-01-31 16:06:34 [verbose]: Found 0 scores which require rank upgrades.
[runtime] 2026-01-31 16:06:34 [verbose]: Querying for beatmap sets that contain missing submission/rank date...
[runtime] 2026-01-31 16:06:34 [verbose]: Querying for beatmaps that do not have user tags
[runtime] 2026-01-31 16:06:34 [verbose]: Finished background data store processing!
[runtime] 2026-01-31 16:06:34 [verbose]: ✔️ 16 repetitions
[runtime] 2026-01-31 16:06:34 [verbose]: 🔸 Step #5 Score marked as failed
[runtime] 2026-01-31 16:06:34 [verbose]: 🔸 Step #6 Score version not upgraded
[runtime] 2026-01-31 16:06:34 [verbose]: ✅ BackgroundDataStoreProcessorTests completed

[runtime] 2026-01-31 16:06:34 [verbose]: 💨 Class: BackgroundDataStoreProcessorTests
[runtime] 2026-01-31 16:06:34 [verbose]: 🔶 Test:  TestScoreUpgradeSuccess(30000001)
[runtime] 2026-01-31 16:06:34 [verbose]: 🔸 Step #1 Set not playing
[runtime] 2026-01-31 16:06:34 [verbose]: 🔸 Step #2 Add score which requires upgrade (and has beatmap)
[runtime] 2026-01-31 16:06:34 [verbose]: 🔸 Step #3 Run background processor
[runtime] 2026-01-31 16:06:34 [verbose]: Beginning background data store processing..
[runtime] 2026-01-31 16:06:34 [verbose]: Resetting star ratings for osu! (difficulty calculation version updated from 0 to 20251020)
[runtime] 2026-01-31 16:06:34 [verbose]: Finished resetting 5 beatmap sets for osu!
[runtime] 2026-01-31 16:06:34 [verbose]: Resetting star ratings for osu!taiko (difficulty calculation version updated from 0 to 20251020)
[runtime] 2026-01-31 16:06:34 [verbose]: 🔸 Step #4 Wait for completion
[runtime] 2026-01-31 16:06:34 [verbose]: Finished resetting 3 beatmap sets for osu!taiko
[runtime] 2026-01-31 16:06:34 [verbose]: Resetting star ratings for osu!catch (difficulty calculation version updated from 0 to 20251020)
[runtime] 2026-01-31 16:06:34 [verbose]: Finished resetting 3 beatmap sets for osu!catch
[runtime] 2026-01-31 16:06:34 [verbose]: Resetting star ratings for osu!mania (difficulty calculation version updated from 0 to 20241007)
[runtime] 2026-01-31 16:06:34 [verbose]: Finished resetting 3 beatmap sets for osu!mania
[runtime] 2026-01-31 16:06:34 [verbose]: Querying for beatmaps with missing star ratings...
[runtime] 2026-01-31 16:06:34 [verbose]: Found 14 beatmaps which require star rating reprocessing.
[runtime] 2026-01-31 16:06:34 [verbose]: Invalidating working beatmap cache for Soleily - RenatusQuick (Deif) [Platter]
[runtime] 2026-01-31 16:06:34 [verbose]: Invalidating working beatmap cache for Soleily - RenatusQuick (Deif) [Rain]
[runtime] 2026-01-31 16:06:34 [verbose]: Invalidating working beatmap cache for Soleily - RenatusQuick (Deif) [Salad]
[runtime] 2026-01-31 16:06:34 [verbose]: Invalidating working beatmap cache for Soleily - RenatusQuick (ExPew) [Another]
[runtime] 2026-01-31 16:06:34 [verbose]: Invalidating working beatmap cache for Soleily - RenatusQuick (ExPew) [Hyper]
[runtime] 2026-01-31 16:06:34 [verbose]: Invalidating working beatmap cache for Soleily - RenatusQuick (ExPew) [Normal]
[runtime] 2026-01-31 16:06:34 [verbose]: Invalidating working beatmap cache for Soleily - RenatusQuick (Gamu) [Hard]
[runtime] 2026-01-31 16:06:34 [verbose]: Invalidating working beatmap cache for Soleily - RenatusQuick (Gamu) [Insane]
[runtime] 2026-01-31 16:06:34 [verbose]: Invalidating working beatmap cache for Soleily - RenatusQuick (Gamu) [Normal]
[runtime] 2026-01-31 16:06:34 [verbose]: Invalidating working beatmap cache for Soleily - RenatusQuick (MMzz) [Futsuu]
[runtime] 2026-01-31 16:06:34 [verbose]: Invalidating working beatmap cache for Soleily - RenatusQuick (MMzz) [Muzukashii]
[runtime] 2026-01-31 16:06:34 [verbose]: Invalidating working beatmap cache for Soleily - RenatusQuick (MMzz) [Oni]
[runtime] 2026-01-31 16:06:34 [verbose]: Invalidating working beatmap cache for unknown artist - unknown title
[runtime] 2026-01-31 16:06:34 [verbose]: Invalidating working beatmap cache for unknown artist - unknown title
[runtime] 2026-01-31 16:06:34 [verbose]: Querying for beatmap sets to reprocess...
[runtime] 2026-01-31 16:06:34 [verbose]: Querying for beatmaps with missing hitobject counts to reprocess...
[runtime] 2026-01-31 16:06:34 [verbose]: Querying for scores to reprocess...
[runtime] 2026-01-31 16:06:34 [verbose]: Querying for scores that need total score conversion...
[runtime] 2026-01-31 16:06:34 [verbose]: Found 1 scores which require total score conversion.
[runtime] 2026-01-31 16:06:34 [verbose]: Querying for scores that need rank upgrades...
[runtime] 2026-01-31 16:06:34 [verbose]: Found 0 scores which require rank upgrades.
[runtime] 2026-01-31 16:06:34 [verbose]: Querying for beatmap sets that contain missing submission/rank date...
[runtime] 2026-01-31 16:06:34 [verbose]: Querying for beatmaps that do not have user tags
[runtime] 2026-01-31 16:06:34 [verbose]: Finished background data store processing!
[runtime] 2026-01-31 16:06:34 [verbose]: ✔️ 16 repetitions
[runtime] 2026-01-31 16:06:34 [verbose]: 🔸 Step #5 Score version upgraded
[runtime] 2026-01-31 16:06:34 [verbose]: 🔸 Step #6 Score not marked as failed
[runtime] 2026-01-31 16:06:34 [verbose]: ✅ BackgroundDataStoreProcessorTests completed

[runtime] 2026-01-31 16:06:34 [verbose]: 💨 Class: BackgroundDataStoreProcessorTests
[runtime] 2026-01-31 16:06:34 [verbose]: 🔶 Test:  TestScoreUpgradeSuccess(30000002)
[runtime] 2026-01-31 16:06:34 [verbose]: 🔸 Step #1 Set not playing
[runtime] 2026-01-31 16:06:34 [verbose]: 🔸 Step #2 Add score which requires upgrade (and has beatmap)
[runtime] 2026-01-31 16:06:34 [verbose]: 🔸 Step #3 Run background processor
[runtime] 2026-01-31 16:06:34 [verbose]: Beginning background data store processing..
[runtime] 2026-01-31 16:06:34 [verbose]: Resetting star ratings for osu! (difficulty calculation version updated from 0 to 20251020)
[runtime] 2026-01-31 16:06:34 [verbose]: Finished resetting 5 beatmap sets for osu!
[runtime] 2026-01-31 16:06:34 [verbose]: Resetting star ratings for osu!taiko (difficulty calculation version updated from 0 to 20251020)
[runtime] 2026-01-31 16:06:34 [verbose]: 🔸 Step #4 Wait for completion
[runtime] 2026-01-31 16:06:34 [verbose]: Finished resetting 3 beatmap sets for osu!taiko
[runtime] 2026-01-31 16:06:34 [verbose]: Resetting star ratings for osu!catch (difficulty calculation version updated from 0 to 20251020)
[runtime] 2026-01-31 16:06:34 [verbose]: Finished resetting 3 beatmap sets for osu!catch
[runtime] 2026-01-31 16:06:34 [verbose]: Resetting star ratings for osu!mania (difficulty calculation version updated from 0 to 20241007)
[runtime] 2026-01-31 16:06:34 [verbose]: Finished resetting 3 beatmap sets for osu!mania
[runtime] 2026-01-31 16:06:34 [verbose]: Querying for beatmaps with missing star ratings...
[runtime] 2026-01-31 16:06:34 [verbose]: Found 14 beatmaps which require star rating reprocessing.
[runtime] 2026-01-31 16:06:34 [verbose]: Invalidating working beatmap cache for Soleily - RenatusQuick (Deif) [Rain]
[runtime] 2026-01-31 16:06:34 [verbose]: Invalidating working beatmap cache for Soleily - RenatusQuick (Deif) [Salad]
[runtime] 2026-01-31 16:06:34 [verbose]: Invalidating working beatmap cache for Soleily - RenatusQuick (ExPew) [Another]
[runtime] 2026-01-31 16:06:34 [verbose]: Invalidating working beatmap cache for Soleily - RenatusQuick (ExPew) [Hyper]
[runtime] 2026-01-31 16:06:34 [verbose]: Invalidating working beatmap cache for Soleily - RenatusQuick (ExPew) [Normal]
[runtime] 2026-01-31 16:06:34 [verbose]: Invalidating working beatmap cache for Soleily - RenatusQuick (Gamu) [Hard]
[runtime] 2026-01-31 16:06:34 [verbose]: Invalidating working beatmap cache for Soleily - RenatusQuick (Gamu) [Insane]
[runtime] 2026-01-31 16:06:34 [verbose]: Invalidating working beatmap cache for Soleily - RenatusQuick (Gamu) [Normal]
[runtime] 2026-01-31 16:06:34 [verbose]: Invalidating working beatmap cache for Soleily - RenatusQuick (MMzz) [Futsuu]
[runtime] 2026-01-31 16:06:34 [verbose]: Invalidating working beatmap cache for Soleily - RenatusQuick (MMzz) [Muzukashii]
[runtime] 2026-01-31 16:06:34 [verbose]: Invalidating working beatmap cache for Soleily - RenatusQuick (MMzz) [Oni]
[runtime] 2026-01-31 16:06:34 [verbose]: Invalidating working beatmap cache for unknown artist - unknown title
[runtime] 2026-01-31 16:06:34 [verbose]: Invalidating working beatmap cache for unknown artist - unknown title
[runtime] 2026-01-31 16:06:34 [verbose]: Querying for beatmap sets to reprocess...
[runtime] 2026-01-31 16:06:34 [verbose]: Querying for beatmaps with missing hitobject counts to reprocess...
[runtime] 2026-01-31 16:06:34 [verbose]: Querying for scores to reprocess...
[runtime] 2026-01-31 16:06:34 [verbose]: Querying for scores that need total score conversion...
[runtime] 2026-01-31 16:06:34 [verbose]: Found 1 scores which require total score conversion.
[runtime] 2026-01-31 16:06:34 [verbose]: Querying for scores that need rank upgrades...
[runtime] 2026-01-31 16:06:34 [verbose]: Found 0 scores which require rank upgrades.
[runtime] 2026-01-31 16:06:34 [verbose]: Querying for beatmap sets that contain missing submission/rank date...
[runtime] 2026-01-31 16:06:34 [verbose]: Querying for beatmaps that do not have user tags
[runtime] 2026-01-31 16:06:34 [verbose]: Finished background data store processing!
[runtime] 2026-01-31 16:06:34 [verbose]: ✔️ 16 repetitions
[runtime] 2026-01-31 16:06:34 [verbose]: 🔸 Step #5 Score version upgraded
[runtime] 2026-01-31 16:06:34 [verbose]: 🔸 Step #6 Score not marked as failed
[runtime] 2026-01-31 16:06:34 [verbose]: ✅ BackgroundDataStoreProcessorTests completed

[runtime] 2026-01-31 16:06:34 [verbose]: 💨 Class: BackgroundDataStoreProcessorTests
[runtime] 2026-01-31 16:06:34 [verbose]: 🔶 Test:  TestScoreUpgradeSuccess(30000003)
[runtime] 2026-01-31 16:06:34 [verbose]: 🔸 Step #1 Set not playing
[runtime] 2026-01-31 16:06:34 [verbose]: 🔸 Step #2 Add score which requires upgrade (and has beatmap)
[runtime] 2026-01-31 16:06:34 [verbose]: 🔸 Step #3 Run background processor
[runtime] 2026-01-31 16:06:34 [verbose]: Beginning background data store processing..
[runtime] 2026-01-31 16:06:34 [verbose]: Resetting star ratings for osu! (difficulty calculation version updated from 0 to 20251020)
[runtime] 2026-01-31 16:06:34 [verbose]: Finished resetting 5 beatmap sets for osu!
[runtime] 2026-01-31 16:06:34 [verbose]: Resetting star ratings for osu!taiko (difficulty calculation version updated from 0 to 20251020)
[runtime] 2026-01-31 16:06:34 [verbose]: 🔸 Step #4 Wait for completion
[runtime] 2026-01-31 16:06:34 [verbose]: Finished resetting 3 beatmap sets for osu!taiko
[runtime] 2026-01-31 16:06:34 [verbose]: Resetting star ratings for osu!catch (difficulty calculation version updated from 0 to 20251020)
[runtime] 2026-01-31 16:06:34 [verbose]: Finished resetting 3 beatmap sets for osu!catch
[runtime] 2026-01-31 16:06:34 [verbose]: Resetting star ratings for osu!mania (difficulty calculation version updated from 0 to 20241007)
[runtime] 2026-01-31 16:06:34 [verbose]: Finished resetting 3 beatmap sets for osu!mania
[runtime] 2026-01-31 16:06:34 [verbose]: Querying for beatmaps with missing star ratings...
[runtime] 2026-01-31 16:06:34 [verbose]: Found 14 beatmaps which require star rating reprocessing.
[runtime] 2026-01-31 16:06:34 [verbose]: Invalidating working beatmap cache for Soleily - RenatusQuick (Deif) [Platter]
[runtime] 2026-01-31 16:06:34 [verbose]: Invalidating working beatmap cache for Soleily - RenatusQuick (Deif) [Rain]
[runtime] 2026-01-31 16:06:34 [verbose]: Invalidating working beatmap cache for Soleily - RenatusQuick (Deif) [Salad]
[runtime] 2026-01-31 16:06:34 [verbose]: Invalidating working beatmap cache for Soleily - RenatusQuick (ExPew) [Another]
[runtime] 2026-01-31 16:06:34 [verbose]: Invalidating working beatmap cache for Soleily - RenatusQuick (ExPew) [Hyper]
[runtime] 2026-01-31 16:06:34 [verbose]: Invalidating working beatmap cache for Soleily - RenatusQuick (ExPew) [Normal]
[runtime] 2026-01-31 16:06:34 [verbose]: Invalidating working beatmap cache for Soleily - RenatusQuick (Gamu) [Hard]
[runtime] 2026-01-31 16:06:34 [verbose]: Invalidating working beatmap cache for Soleily - RenatusQuick (Gamu) [Insane]
[runtime] 2026-01-31 16:06:34 [verbose]: Invalidating working beatmap cache for Soleily - RenatusQuick (Gamu) [Normal]
[runtime] 2026-01-31 16:06:34 [verbose]: Invalidating working beatmap cache for Soleily - RenatusQuick (MMzz) [Futsuu]
[runtime] 2026-01-31 16:06:34 [verbose]: Invalidating working beatmap cache for Soleily - RenatusQuick (MMzz) [Muzukashii]
[runtime] 2026-01-31 16:06:34 [verbose]: Invalidating working beatmap cache for Soleily - RenatusQuick (MMzz) [Oni]
[runtime] 2026-01-31 16:06:34 [verbose]: Invalidating working beatmap cache for unknown artist - unknown title
[runtime] 2026-01-31 16:06:34 [verbose]: Invalidating working beatmap cache for unknown artist - unknown title
[runtime] 2026-01-31 16:06:34 [verbose]: Querying for beatmap sets to reprocess...
[runtime] 2026-01-31 16:06:34 [verbose]: Querying for beatmaps with missing hitobject counts to reprocess...
[runtime] 2026-01-31 16:06:34 [verbose]: Querying for scores to reprocess...
[runtime] 2026-01-31 16:06:34 [verbose]: Querying for scores that need total score conversion...
[runtime] 2026-01-31 16:06:34 [verbose]: Found 1 scores which require total score conversion.
[runtime] 2026-01-31 16:06:34 [verbose]: Querying for scores that need rank upgrades...
[runtime] 2026-01-31 16:06:34 [verbose]: Found 0 scores which require rank upgrades.
[runtime] 2026-01-31 16:06:34 [verbose]: Querying for beatmap sets that contain missing submission/rank date...
[runtime] 2026-01-31 16:06:34 [verbose]: Querying for beatmaps that do not have user tags
[runtime] 2026-01-31 16:06:34 [verbose]: Finished background data store processing!
[runtime] 2026-01-31 16:06:34 [verbose]: ✔️ 15 repetitions
[runtime] 2026-01-31 16:06:34 [verbose]: 🔸 Step #5 Score version upgraded
[runtime] 2026-01-31 16:06:34 [verbose]: 🔸 Step #6 Score not marked as failed
[runtime] 2026-01-31 16:06:34 [verbose]: ✅ BackgroundDataStoreProcessorTests completed

[runtime] 2026-01-31 16:06:34 [verbose]: 💨 Class: BackgroundDataStoreProcessorTests
[runtime] 2026-01-31 16:06:34 [verbose]: 🔶 Test:  TestScoreUpgradeSuccess(30000004)
[runtime] 2026-01-31 16:06:34 [verbose]: 🔸 Step #1 Set not playing
[runtime] 2026-01-31 16:06:34 [verbose]: 🔸 Step #2 Add score which requires upgrade (and has beatmap)
[runtime] 2026-01-31 16:06:34 [verbose]: 🔸 Step #3 Run background processor
[runtime] 2026-01-31 16:06:34 [verbose]: Beginning background data store processing..
[runtime] 2026-01-31 16:06:34 [verbose]: Resetting star ratings for osu! (difficulty calculation version updated from 0 to 20251020)
[runtime] 2026-01-31 16:06:34 [verbose]: Finished resetting 5 beatmap sets for osu!
[runtime] 2026-01-31 16:06:34 [verbose]: Resetting star ratings for osu!taiko (difficulty calculation version updated from 0 to 20251020)
[runtime] 2026-01-31 16:06:34 [verbose]: 🔸 Step #4 Wait for completion
[runtime] 2026-01-31 16:06:34 [verbose]: Finished resetting 3 beatmap sets for osu!taiko
[runtime] 2026-01-31 16:06:34 [verbose]: Resetting star ratings for osu!catch (difficulty calculation version updated from 0 to 20251020)
[runtime] 2026-01-31 16:06:34 [verbose]: Finished resetting 3 beatmap sets for osu!catch
[runtime] 2026-01-31 16:06:34 [verbose]: Resetting star ratings for osu!mania (difficulty calculation version updated from 0 to 20241007)
[runtime] 2026-01-31 16:06:34 [verbose]: Finished resetting 3 beatmap sets for osu!mania
[runtime] 2026-01-31 16:06:34 [verbose]: Querying for beatmaps with missing star ratings...
[runtime] 2026-01-31 16:06:34 [verbose]: Found 14 beatmaps which require star rating reprocessing.
[runtime] 2026-01-31 16:06:34 [verbose]: Invalidating working beatmap cache for Soleily - RenatusQuick (Gamu) [Hard]
[runtime] 2026-01-31 16:06:34 [verbose]: Invalidating working beatmap cache for Soleily - RenatusQuick (Gamu) [Insane]
[runtime] 2026-01-31 16:06:34 [verbose]: Invalidating working beatmap cache for Soleily - RenatusQuick (Gamu) [Normal]
[runtime] 2026-01-31 16:06:34 [verbose]: Invalidating working beatmap cache for Soleily - RenatusQuick (MMzz) [Futsuu]
[runtime] 2026-01-31 16:06:34 [verbose]: Invalidating working beatmap cache for Soleily - RenatusQuick (MMzz) [Muzukashii]
[runtime] 2026-01-31 16:06:34 [verbose]: Invalidating working beatmap cache for Soleily - RenatusQuick (MMzz) [Oni]
[runtime] 2026-01-31 16:06:34 [verbose]: Invalidating working beatmap cache for unknown artist - unknown title
[runtime] 2026-01-31 16:06:34 [verbose]: Invalidating working beatmap cache for unknown artist - unknown title
[runtime] 2026-01-31 16:06:34 [verbose]: Querying for beatmap sets to reprocess...
[runtime] 2026-01-31 16:06:34 [verbose]: Querying for beatmaps with missing hitobject counts to reprocess...
[runtime] 2026-01-31 16:06:34 [verbose]: Querying for scores to reprocess...
[runtime] 2026-01-31 16:06:34 [verbose]: Querying for scores that need total score conversion...
[runtime] 2026-01-31 16:06:34 [verbose]: Found 1 scores which require total score conversion.
[runtime] 2026-01-31 16:06:34 [verbose]: Querying for scores that need rank upgrades...
[runtime] 2026-01-31 16:06:34 [verbose]: Found 0 scores which require rank upgrades.
[runtime] 2026-01-31 16:06:34 [verbose]: Querying for beatmap sets that contain missing submission/rank date...
[runtime] 2026-01-31 16:06:34 [verbose]: Querying for beatmaps that do not have user tags
[runtime] 2026-01-31 16:06:34 [verbose]: Finished background data store processing!
[runtime] 2026-01-31 16:06:34 [verbose]: ✔️ 14 repetitions
[runtime] 2026-01-31 16:06:34 [verbose]: 🔸 Step #5 Score version upgraded
[runtime] 2026-01-31 16:06:34 [verbose]: 🔸 Step #6 Score not marked as failed
[runtime] 2026-01-31 16:06:34 [verbose]: ✅ BackgroundDataStoreProcessorTests completed

[runtime] 2026-01-31 16:06:34 [verbose]: 💨 Class: BackgroundDataStoreProcessorTests
[runtime] 2026-01-31 16:06:34 [verbose]: 🔶 Test:  TestScoreUpgradeSuccess(30000005)
[runtime] 2026-01-31 16:06:34 [verbose]: 🔸 Step #1 Set not playing
[runtime] 2026-01-31 16:06:34 [verbose]: 🔸 Step #2 Add score which requires upgrade (and has beatmap)
[runtime] 2026-01-31 16:06:34 [verbose]: 🔸 Step #3 Run background processor
[runtime] 2026-01-31 16:06:34 [verbose]: Beginning background data store processing..
[runtime] 2026-01-31 16:06:34 [verbose]: Resetting star ratings for osu! (difficulty calculation version updated from 0 to 20251020)
[runtime] 2026-01-31 16:06:34 [verbose]: Finished resetting 5 beatmap sets for osu!
[runtime] 2026-01-31 16:06:34 [verbose]: Resetting star ratings for osu!taiko (difficulty calculation version updated from 0 to 20251020)
[runtime] 2026-01-31 16:06:34 [verbose]: 🔸 Step #4 Wait for completion
[runtime] 2026-01-31 16:06:34 [verbose]: Finished resetting 3 beatmap sets for osu!taiko
[runtime] 2026-01-31 16:06:34 [verbose]: Resetting star ratings for osu!catch (difficulty calculation version updated from 0 to 20251020)
[runtime] 2026-01-31 16:06:34 [verbose]: Finished resetting 3 beatmap sets for osu!catch
[runtime] 2026-01-31 16:06:34 [verbose]: Resetting star ratings for osu!mania (difficulty calculation version updated from 0 to 20241007)
[runtime] 2026-01-31 16:06:34 [verbose]: Finished resetting 3 beatmap sets for osu!mania
[runtime] 2026-01-31 16:06:34 [verbose]: Querying for beatmaps with missing star ratings...
[runtime] 2026-01-31 16:06:34 [verbose]: Found 14 beatmaps which require star rating reprocessing.
[runtime] 2026-01-31 16:06:34 [verbose]: Invalidating working beatmap cache for Soleily - RenatusQuick (Deif) [Platter]
[runtime] 2026-01-31 16:06:34 [verbose]: Invalidating working beatmap cache for Soleily - RenatusQuick (Deif) [Rain]
[runtime] 2026-01-31 16:06:34 [verbose]: Invalidating working beatmap cache for Soleily - RenatusQuick (Deif) [Salad]
[runtime] 2026-01-31 16:06:34 [verbose]: Invalidating working beatmap cache for Soleily - RenatusQuick (ExPew) [Another]
[runtime] 2026-01-31 16:06:34 [verbose]: Invalidating working beatmap cache for Soleily - RenatusQuick (ExPew) [Hyper]
[runtime] 2026-01-31 16:06:34 [verbose]: Invalidating working beatmap cache for Soleily - RenatusQuick (ExPew) [Normal]
[runtime] 2026-01-31 16:06:34 [verbose]: Invalidating working beatmap cache for Soleily - RenatusQuick (Gamu) [Hard]
[runtime] 2026-01-31 16:06:34 [verbose]: Invalidating working beatmap cache for Soleily - RenatusQuick (Gamu) [Insane]
[runtime] 2026-01-31 16:06:34 [verbose]: Invalidating working beatmap cache for Soleily - RenatusQuick (Gamu) [Normal]
[runtime] 2026-01-31 16:06:34 [verbose]: Invalidating working beatmap cache for Soleily - RenatusQuick (MMzz) [Futsuu]
[runtime] 2026-01-31 16:06:34 [verbose]: Invalidating working beatmap cache for Soleily - RenatusQuick (MMzz) [Muzukashii]
[runtime] 2026-01-31 16:06:34 [verbose]: Invalidating working beatmap cache for Soleily - RenatusQuick (MMzz) [Oni]
[runtime] 2026-01-31 16:06:34 [verbose]: Invalidating working beatmap cache for unknown artist - unknown title
[runtime] 2026-01-31 16:06:34 [verbose]: Invalidating working beatmap cache for unknown artist - unknown title
[runtime] 2026-01-31 16:06:34 [verbose]: Querying for beatmap sets to reprocess...
[runtime] 2026-01-31 16:06:34 [verbose]: Querying for beatmaps with missing hitobject counts to reprocess...
[runtime] 2026-01-31 16:06:34 [verbose]: Querying for scores to reprocess...
[runtime] 2026-01-31 16:06:34 [verbose]: Querying for scores that need total score conversion...
[runtime] 2026-01-31 16:06:34 [verbose]: Found 1 scores which require total score conversion.
[runtime] 2026-01-31 16:06:34 [verbose]: Querying for scores that need rank upgrades...
[runtime] 2026-01-31 16:06:34 [verbose]: Found 0 scores which require rank upgrades.
[runtime] 2026-01-31 16:06:34 [verbose]: Querying for beatmap sets that contain missing submission/rank date...
[runtime] 2026-01-31 16:06:34 [verbose]: Querying for beatmaps that do not have user tags
[runtime] 2026-01-31 16:06:34 [verbose]: Finished background data store processing!
[runtime] 2026-01-31 16:06:34 [verbose]: ✔️ 16 repetitions
[runtime] 2026-01-31 16:06:34 [verbose]: 🔸 Step #5 Score version upgraded
[runtime] 2026-01-31 16:06:34 [verbose]: 🔸 Step #6 Score not marked as failed
[runtime] 2026-01-31 16:06:34 [verbose]: ✅ BackgroundDataStoreProcessorTests completed

NUnit Adapter 4.6.0.0: Test execution complete
  Passed TestScoreUpgradeFailed(30000002) [186 ms]
  Standard Output Messages:
 [runtime] 2026-01-31 16:06:33 [verbose]: 💨 Class: BackgroundDataStoreProcessorTests
 [runtime] 2026-01-31 16:06:33 [verbose]: 🔶 Test:  TestScoreUpgradeFailed(30000002)
 [runtime] 2026-01-31 16:06:33 [verbose]: 🔸 Step #1 Set not playing
 [runtime] 2026-01-31 16:06:33 [verbose]: 🔸 Step #2 Add score which requires upgrade (but has no beatmap)
 [runtime] 2026-01-31 16:06:33 [verbose]: 🔸 Step #3 Run background processor
 [runtime] 2026-01-31 16:06:33 [verbose]: Beginning background data store processing..
 [runtime] 2026-01-31 16:06:33 [verbose]: Resetting star ratings for osu! (difficulty calculation version updated from 0 to 20251020)
 [runtime] 2026-01-31 16:06:33 [verbose]: Finished resetting 4 beatmap sets for osu!
 [runtime] 2026-01-31 16:06:33 [verbose]: Resetting star ratings for osu!taiko (difficulty calculation version updated from 0 to 20251020)
 [runtime] 2026-01-31 16:06:33 [verbose]: 🔸 Step #4 Wait for completion
 [runtime] 2026-01-31 16:06:33 [verbose]: Finished resetting 3 beatmap sets for osu!taiko
 [runtime] 2026-01-31 16:06:33 [verbose]: Resetting star ratings for osu!catch (difficulty calculation version updated from 0 to 20251020)
 [runtime] 2026-01-31 16:06:33 [verbose]: Finished resetting 3 beatmap sets for osu!catch
 [runtime] 2026-01-31 16:06:33 [verbose]: Resetting star ratings for osu!mania (difficulty calculation version updated from 0 to 20241007)
 [runtime] 2026-01-31 16:06:33 [verbose]: Finished resetting 3 beatmap sets for osu!mania
 [runtime] 2026-01-31 16:06:33 [verbose]: Querying for beatmaps with missing star ratings...
 [runtime] 2026-01-31 16:06:33 [verbose]: Found 13 beatmaps which require star rating reprocessing.
 [runtime] 2026-01-31 16:06:33 [verbose]: Invalidating working beatmap cache for Soleily - RenatusQuick (Deif) [Platter]
 [runtime] 2026-01-31 16:06:33 [verbose]: Invalidating working beatmap cache for Soleily - RenatusQuick (Deif) [Rain]
 [runtime] 2026-01-31 16:06:33 [verbose]: Invalidating working beatmap cache for Soleily - RenatusQuick (Deif) [Salad]
 [runtime] 2026-01-31 16:06:33 [verbose]: Invalidating working beatmap cache for Soleily - RenatusQuick (ExPew) [Another]
 [runtime] 2026-01-31 16:06:33 [verbose]: Invalidating working beatmap cache for Soleily - RenatusQuick (ExPew) [Hyper]
 [runtime] 2026-01-31 16:06:33 [verbose]: Invalidating working beatmap cache for Soleily - RenatusQuick (ExPew) [Normal]
 [runtime] 2026-01-31 16:06:33 [verbose]: Invalidating working beatmap cache for Soleily - RenatusQuick (Gamu) [Hard]
 [runtime] 2026-01-31 16:06:33 [verbose]: Invalidating working beatmap cache for Soleily - RenatusQuick (Gamu) [Insane]
 [runtime] 2026-01-31 16:06:33 [verbose]: Invalidating working beatmap cache for Soleily - RenatusQuick (Gamu) [Normal]
 [runtime] 2026-01-31 16:06:33 [verbose]: Invalidating working beatmap cache for Soleily - RenatusQuick (MMzz) [Futsuu]
 [runtime] 2026-01-31 16:06:33 [verbose]: Invalidating working beatmap cache for Soleily - RenatusQuick (MMzz) [Muzukashii]
 [runtime] 2026-01-31 16:06:33 [verbose]: Invalidating working beatmap cache for Soleily - RenatusQuick (MMzz) [Oni]
 [runtime] 2026-01-31 16:06:33 [verbose]: Invalidating working beatmap cache for unknown artist - unknown title
 [runtime] 2026-01-31 16:06:33 [verbose]: Querying for beatmap sets to reprocess...
 [runtime] 2026-01-31 16:06:33 [verbose]: Querying for beatmaps with missing hitobject counts to reprocess...
 [runtime] 2026-01-31 16:06:33 [verbose]: Found 1 beatmaps which require statistics population.
 [runtime] 2026-01-31 16:06:33 [verbose]: Invalidating working beatmap cache for unknown artist - unknown title
 [runtime] 2026-01-31 16:06:33 [verbose]: Querying for scores to reprocess...
 [runtime] 2026-01-31 16:06:33 [verbose]: Querying for scores that need total score conversion...
 [runtime] 2026-01-31 16:06:33 [verbose]: Found 1 scores which require total score conversion.
 [runtime] 2026-01-31 16:06:33 [verbose]: Failed to convert total score for 4d306192-c79e-436d-9cca-b5f888ff947a: System.InvalidOperationException: Beatmap contains no hit objects!
 [runtime] 2026-01-31 16:06:33 [verbose]: at osu.Game.Database.StandardisedScoreMigrationTools.convertFromLegacyTotalScore(ScoreInfo score, Ruleset ruleset, WorkingBeatmap beatmap) in /app/osu.Game/Database/StandardisedScoreMigrationTools.cs:line 295
 [runtime] 2026-01-31 16:06:33 [verbose]: at osu.Game.Database.StandardisedScoreMigrationTools.UpdateFromLegacy(ScoreInfo score, WorkingBeatmap beatmap) in /app/osu.Game/Database/StandardisedScoreMigrationTools.cs:line 250
 [runtime] 2026-01-31 16:06:33 [verbose]: at osu.Game.Database.BackgroundDataStoreProcessor.<>c__DisplayClass61_0.<convertLegacyTotalScoreToStandardised>b__4(Realm r) in /app/osu.Game/Database/BackgroundDataStoreProcessor.cs:line 492
 [runtime] 2026-01-31 16:06:33 [verbose]: at osu.Game.Database.RealmExtensions.Write(Realm realm, Action`1 function) in /app/osu.Game/Database/RealmExtensions.cs:line 60
 [runtime] 2026-01-31 16:06:33 [verbose]: at osu.Game.Database.RealmAccess.Write(Action`1 action) in /app/osu.Game/Database/RealmAccess.cs:line 532
 [runtime] 2026-01-31 16:06:33 [verbose]: at osu.Game.Database.BackgroundDataStoreProcessor.convertLegacyTotalScoreToStandardised() in /app/osu.Game/Database/BackgroundDataStoreProcessor.cs:line 489
 [runtime] 2026-01-31 16:06:33 [verbose]: Querying for scores that need rank upgrades...
 [runtime] 2026-01-31 16:06:33 [verbose]: Found 0 scores which require rank upgrades.
 [runtime] 2026-01-31 16:06:33 [verbose]: Querying for beatmap sets that contain missing submission/rank date...
 [runtime] 2026-01-31 16:06:33 [verbose]: Querying for beatmaps that do not have user tags
 [runtime] 2026-01-31 16:06:33 [verbose]: Finished background data store processing!
 [runtime] 2026-01-31 16:06:33 [verbose]: ✔️ 19 repetitions
 [runtime] 2026-01-31 16:06:33 [verbose]: 🔸 Step #5 Score marked as failed
 [runtime] 2026-01-31 16:06:33 [verbose]: 🔸 Step #6 Score version not upgraded
 [runtime] 2026-01-31 16:06:33 [verbose]: ✅ BackgroundDataStoreProcessorTests completed


  Passed TestScoreUpgradeFailed(30000013) [146 ms]
  Standard Output Messages:
 [runtime] 2026-01-31 16:06:34 [verbose]: 💨 Class: BackgroundDataStoreProcessorTests
 [runtime] 2026-01-31 16:06:34 [verbose]: 🔶 Test:  TestScoreUpgradeFailed(30000013)
 [runtime] 2026-01-31 16:06:34 [verbose]: 🔸 Step #1 Set not playing
 [runtime] 2026-01-31 16:06:34 [verbose]: 🔸 Step #2 Add score which requires upgrade (but has no beatmap)
 [runtime] 2026-01-31 16:06:34 [verbose]: 🔸 Step #3 Run background processor
 [runtime] 2026-01-31 16:06:34 [verbose]: Beginning background data store processing..
 [runtime] 2026-01-31 16:06:34 [verbose]: Resetting star ratings for osu! (difficulty calculation version updated from 0 to 20251020)
 [runtime] 2026-01-31 16:06:34 [verbose]: Finished resetting 5 beatmap sets for osu!
 [runtime] 2026-01-31 16:06:34 [verbose]: Resetting star ratings for osu!taiko (difficulty calculation version updated from 0 to 20251020)
 [runtime] 2026-01-31 16:06:34 [verbose]: 🔸 Step #4 Wait for completion
 [runtime] 2026-01-31 16:06:34 [verbose]: Finished resetting 3 beatmap sets for osu!taiko
 [runtime] 2026-01-31 16:06:34 [verbose]: Resetting star ratings for osu!catch (difficulty calculation version updated from 0 to 20251020)
 [runtime] 2026-01-31 16:06:34 [verbose]: Finished resetting 3 beatmap sets for osu!catch
 [runtime] 2026-01-31 16:06:34 [verbose]: Resetting star ratings for osu!mania (difficulty calculation version updated from 0 to 20241007)
 [runtime] 2026-01-31 16:06:34 [verbose]: Finished resetting 3 beatmap sets for osu!mania
 [runtime] 2026-01-31 16:06:34 [verbose]: Querying for beatmaps with missing star ratings...
 [runtime] 2026-01-31 16:06:34 [verbose]: Found 14 beatmaps which require star rating reprocessing.
 [runtime] 2026-01-31 16:06:34 [verbose]: Invalidating working beatmap cache for Soleily - RenatusQuick (Deif) [Platter]
 [runtime] 2026-01-31 16:06:34 [verbose]: Invalidating working beatmap cache for Soleily - RenatusQuick (Deif) [Rain]
 [runtime] 2026-01-31 16:06:34 [verbose]: Invalidating working beatmap cache for Soleily - RenatusQuick (Deif) [Salad]
 [runtime] 2026-01-31 16:06:34 [verbose]: Invalidating working beatmap cache for Soleily - RenatusQuick (ExPew) [Another]
 [runtime] 2026-01-31 16:06:34 [verbose]: Invalidating working beatmap cache for Soleily - RenatusQuick (ExPew) [Hyper]
 [runtime] 2026-01-31 16:06:34 [verbose]: Invalidating working beatmap cache for Soleily - RenatusQuick (ExPew) [Normal]
 [runtime] 2026-01-31 16:06:34 [verbose]: Invalidating working beatmap cache for Soleily - RenatusQuick (Gamu) [Hard]
 [runtime] 2026-01-31 16:06:34 [verbose]: Invalidating working beatmap cache for Soleily - RenatusQuick (Gamu) [Insane]
 [runtime] 2026-01-31 16:06:34 [verbose]: Invalidating working beatmap cache for Soleily - RenatusQuick (Gamu) [Normal]
 [runtime] 2026-01-31 16:06:34 [verbose]: Invalidating working beatmap cache for Soleily - RenatusQuick (MMzz) [Futsuu]
 [runtime] 2026-01-31 16:06:34 [verbose]: Invalidating working beatmap cache for Soleily - RenatusQuick (MMzz) [Muzukashii]
 [runtime] 2026-01-31 16:06:34 [verbose]: Invalidating working beatmap cache for Soleily - RenatusQuick (MMzz) [Oni]
 [runtime] 2026-01-31 16:06:34 [verbose]: Invalidating working beatmap cache for unknown artist - unknown title
 [runtime] 2026-01-31 16:06:34 [verbose]: Invalidating working beatmap cache for unknown artist - unknown title
 [runtime] 2026-01-31 16:06:34 [verbose]: Querying for beatmap sets to reprocess...
 [runtime] 2026-01-31 16:06:34 [verbose]: Querying for beatmaps with missing hitobject counts to reprocess...
 [runtime] 2026-01-31 16:06:34 [verbose]: Found 1 beatmaps which require statistics population.
 [runtime] 2026-01-31 16:06:34 [verbose]: Invalidating working beatmap cache for unknown artist - unknown title
 [runtime] 2026-01-31 16:06:34 [verbose]: Querying for scores to reprocess...
 [runtime] 2026-01-31 16:06:34 [verbose]: Querying for scores that need total score conversion...
 [runtime] 2026-01-31 16:06:34 [verbose]: Found 1 scores which require total score conversion.
 [runtime] 2026-01-31 16:06:34 [verbose]: Failed to convert total score for 9a06da8f-0a26-4084-aaf8-0e089f54313e: System.InvalidOperationException: Beatmap contains no hit objects!
 [runtime] 2026-01-31 16:06:34 [verbose]: at osu.Game.Database.StandardisedScoreMigrationTools.convertFromLegacyTotalScore(ScoreInfo score, Ruleset ruleset, WorkingBeatmap beatmap) in /app/osu.Game/Database/StandardisedScoreMigrationTools.cs:line 295
 [runtime] 2026-01-31 16:06:34 [verbose]: at osu.Game.Database.StandardisedScoreMigrationTools.UpdateFromLegacy(ScoreInfo score, WorkingBeatmap beatmap) in /app/osu.Game/Database/StandardisedScoreMigrationTools.cs:line 250
 [runtime] 2026-01-31 16:06:34 [verbose]: at osu.Game.Database.BackgroundDataStoreProcessor.<>c__DisplayClass61_0.<convertLegacyTotalScoreToStandardised>b__4(Realm r) in /app/osu.Game/Database/BackgroundDataStoreProcessor.cs:line 492
 [runtime] 2026-01-31 16:06:34 [verbose]: at osu.Game.Database.RealmExtensions.Write(Realm realm, Action`1 function) in /app/osu.Game/Database/RealmExtensions.cs:line 60
 [runtime] 2026-01-31 16:06:34 [verbose]: at osu.Game.Database.RealmAccess.Write(Action`1 action) in /app/osu.Game/Database/RealmAccess.cs:line 532
 [runtime] 2026-01-31 16:06:34 [verbose]: at osu.Game.Database.BackgroundDataStoreProcessor.convertLegacyTotalScoreToStandardised() in /app/osu.Game/Database/BackgroundDataStoreProcessor.cs:line 489
 [runtime] 2026-01-31 16:06:34 [verbose]: Querying for scores that need rank upgrades...
 [runtime] 2026-01-31 16:06:34 [verbose]: Found 0 scores which require rank upgrades.
 [runtime] 2026-01-31 16:06:34 [verbose]: Querying for beatmap sets that contain missing submission/rank date...
 [runtime] 2026-01-31 16:06:34 [verbose]: Querying for beatmaps that do not have user tags
 [runtime] 2026-01-31 16:06:34 [verbose]: Finished background data store processing!
 [runtime] 2026-01-31 16:06:34 [verbose]: ✔️ 16 repetitions
 [runtime] 2026-01-31 16:06:34 [verbose]: 🔸 Step #5 Score marked as failed
 [runtime] 2026-01-31 16:06:34 [verbose]: 🔸 Step #6 Score version not upgraded
 [runtime] 2026-01-31 16:06:34 [verbose]: ✅ BackgroundDataStoreProcessorTests completed


  Passed TestScoreUpgradeSuccess(30000001) [144 ms]
  Standard Output Messages:
 [runtime] 2026-01-31 16:06:34 [verbose]: 💨 Class: BackgroundDataStoreProcessorTests
 [runtime] 2026-01-31 16:06:34 [verbose]: 🔶 Test:  TestScoreUpgradeSuccess(30000001)
 [runtime] 2026-01-31 16:06:34 [verbose]: 🔸 Step #1 Set not playing
 [runtime] 2026-01-31 16:06:34 [verbose]: 🔸 Step #2 Add score which requires upgrade (and has beatmap)
 [runtime] 2026-01-31 16:06:34 [verbose]: 🔸 Step #3 Run background processor
 [runtime] 2026-01-31 16:06:34 [verbose]: Beginning background data store processing..
 [runtime] 2026-01-31 16:06:34 [verbose]: Resetting star ratings for osu! (difficulty calculation version updated from 0 to 20251020)
 [runtime] 2026-01-31 16:06:34 [verbose]: Finished resetting 5 beatmap sets for osu!
 [runtime] 2026-01-31 16:06:34 [verbose]: Resetting star ratings for osu!taiko (difficulty calculation version updated from 0 to 20251020)
 [runtime] 2026-01-31 16:06:34 [verbose]: 🔸 Step #4 Wait for completion
 [runtime] 2026-01-31 16:06:34 [verbose]: Finished resetting 3 beatmap sets for osu!taiko
 [runtime] 2026-01-31 16:06:34 [verbose]: Resetting star ratings for osu!catch (difficulty calculation version updated from 0 to 20251020)
 [runtime] 2026-01-31 16:06:34 [verbose]: Finished resetting 3 beatmap sets for osu!catch
 [runtime] 2026-01-31 16:06:34 [verbose]: Resetting star ratings for osu!mania (difficulty calculation version updated from 0 to 20241007)
 [runtime] 2026-01-31 16:06:34 [verbose]: Finished resetting 3 beatmap sets for osu!mania
 [runtime] 2026-01-31 16:06:34 [verbose]: Querying for beatmaps with missing star ratings...
 [runtime] 2026-01-31 16:06:34 [verbose]: Found 14 beatmaps which require star rating reprocessing.
 [runtime] 2026-01-31 16:06:34 [verbose]: Invalidating working beatmap cache for Soleily - RenatusQuick (Deif) [Platter]
 [runtime] 2026-01-31 16:06:34 [verbose]: Invalidating working beatmap cache for Soleily - RenatusQuick (Deif) [Rain]
 [runtime] 2026-01-31 16:06:34 [verbose]: Invalidating working beatmap cache for Soleily - RenatusQuick (Deif) [Salad]
 [runtime] 2026-01-31 16:06:34 [verbose]: Invalidating working beatmap cache for Soleily - RenatusQuick (ExPew) [Another]
 [runtime] 2026-01-31 16:06:34 [verbose]: Invalidating working beatmap cache for Soleily - RenatusQuick (ExPew) [Hyper]
 [runtime] 2026-01-31 16:06:34 [verbose]: Invalidating working beatmap cache for Soleily - RenatusQuick (ExPew) [Normal]
 [runtime] 2026-01-31 16:06:34 [verbose]: Invalidating working beatmap cache for Soleily - RenatusQuick (Gamu) [Hard]
 [runtime] 2026-01-31 16:06:34 [verbose]: Invalidating working beatmap cache for Soleily - RenatusQuick (Gamu) [Insane]
 [runtime] 2026-01-31 16:06:34 [verbose]: Invalidating working beatmap cache for Soleily - RenatusQuick (Gamu) [Normal]
 [runtime] 2026-01-31 16:06:34 [verbose]: Invalidating working beatmap cache for Soleily - RenatusQuick (MMzz) [Futsuu]
 [runtime] 2026-01-31 16:06:34 [verbose]: Invalidating working beatmap cache for Soleily - RenatusQuick (MMzz) [Muzukashii]
 [runtime] 2026-01-31 16:06:34 [verbose]: Invalidating working beatmap cache for Soleily - RenatusQuick (MMzz) [Oni]
 [runtime] 2026-01-31 16:06:34 [verbose]: Invalidating working beatmap cache for unknown artist - unknown title
 [runtime] 2026-01-31 16:06:34 [verbose]: Invalidating working beatmap cache for unknown artist - unknown title
 [runtime] 2026-01-31 16:06:34 [verbose]: Querying for beatmap sets to reprocess...
 [runtime] 2026-01-31 16:06:34 [verbose]: Querying for beatmaps with missing hitobject counts to reprocess...
 [runtime] 2026-01-31 16:06:34 [verbose]: Querying for scores to reprocess...
 [runtime] 2026-01-31 16:06:34 [verbose]: Querying for scores that need total score conversion...
 [runtime] 2026-01-31 16:06:34 [verbose]: Found 1 scores which require total score conversion.
 [runtime] 2026-01-31 16:06:34 [verbose]: Querying for scores that need rank upgrades...
 [runtime] 2026-01-31 16:06:34 [verbose]: Found 0 scores which require rank upgrades.
 [runtime] 2026-01-31 16:06:34 [verbose]: Querying for beatmap sets that contain missing submission/rank date...
 [runtime] 2026-01-31 16:06:34 [verbose]: Querying for beatmaps that do not have user tags
 [runtime] 2026-01-31 16:06:34 [verbose]: Finished background data store processing!
 [runtime] 2026-01-31 16:06:34 [verbose]: ✔️ 16 repetitions
 [runtime] 2026-01-31 16:06:34 [verbose]: 🔸 Step #5 Score version upgraded
 [runtime] 2026-01-31 16:06:34 [verbose]: 🔸 Step #6 Score not marked as failed
 [runtime] 2026-01-31 16:06:34 [verbose]: ✅ BackgroundDataStoreProcessorTests completed


  Passed TestScoreUpgradeSuccess(30000002) [173 ms]
  Standard Output Messages:
 [runtime] 2026-01-31 16:06:34 [verbose]: 💨 Class: BackgroundDataStoreProcessorTests
 [runtime] 2026-01-31 16:06:34 [verbose]: 🔶 Test:  TestScoreUpgradeSuccess(30000002)
 [runtime] 2026-01-31 16:06:34 [verbose]: 🔸 Step #1 Set not playing
 [runtime] 2026-01-31 16:06:34 [verbose]: 🔸 Step #2 Add score which requires upgrade (and has beatmap)
 [runtime] 2026-01-31 16:06:34 [verbose]: 🔸 Step #3 Run background processor
 [runtime] 2026-01-31 16:06:34 [verbose]: Beginning background data store processing..
 [runtime] 2026-01-31 16:06:34 [verbose]: Resetting star ratings for osu! (difficulty calculation version updated from 0 to 20251020)
 [runtime] 2026-01-31 16:06:34 [verbose]: Finished resetting 5 beatmap sets for osu!
 [runtime] 2026-01-31 16:06:34 [verbose]: Resetting star ratings for osu!taiko (difficulty calculation version updated from 0 to 20251020)
 [runtime] 2026-01-31 16:06:34 [verbose]: 🔸 Step #4 Wait for completion
 [runtime] 2026-01-31 16:06:34 [verbose]: Finished resetting 3 beatmap sets for osu!taiko
 [runtime] 2026-01-31 16:06:34 [verbose]: Resetting star ratings for osu!catch (difficulty calculation version updated from 0 to 20251020)
 [runtime] 2026-01-31 16:06:34 [verbose]: Finished resetting 3 beatmap sets for osu!catch
 [runtime] 2026-01-31 16:06:34 [verbose]: Resetting star ratings for osu!mania (difficulty calculation version updated from 0 to 20241007)
 [runtime] 2026-01-31 16:06:34 [verbose]: Finished resetting 3 beatmap sets for osu!mania
 [runtime] 2026-01-31 16:06:34 [verbose]: Querying for beatmaps with missing star ratings...
 [runtime] 2026-01-31 16:06:34 [verbose]: Found 14 beatmaps which require star rating reprocessing.
 [runtime] 2026-01-31 16:06:34 [verbose]: Invalidating working beatmap cache for Soleily - RenatusQuick (Deif) [Rain]
 [runtime] 2026-01-31 16:06:34 [verbose]: Invalidating working beatmap cache for Soleily - RenatusQuick (Deif) [Salad]
 [runtime] 2026-01-31 16:06:34 [verbose]: Invalidating working beatmap cache for Soleily - RenatusQuick (ExPew) [Another]
 [runtime] 2026-01-31 16:06:34 [verbose]: Invalidating working beatmap cache for Soleily - RenatusQuick (ExPew) [Hyper]
 [runtime] 2026-01-31 16:06:34 [verbose]: Invalidating working beatmap cache for Soleily - RenatusQuick (ExPew) [Normal]
 [runtime] 2026-01-31 16:06:34 [verbose]: Invalidating working beatmap cache for Soleily - RenatusQuick (Gamu) [Hard]
 [runtime] 2026-01-31 16:06:34 [verbose]: Invalidating working beatmap cache for Soleily - RenatusQuick (Gamu) [Insane]
 [runtime] 2026-01-31 16:06:34 [verbose]: Invalidating working beatmap cache for Soleily - RenatusQuick (Gamu) [Normal]
 [runtime] 2026-01-31 16:06:34 [verbose]: Invalidating working beatmap cache for Soleily - RenatusQuick (MMzz) [Futsuu]
 [runtime] 2026-01-31 16:06:34 [verbose]: Invalidating working beatmap cache for Soleily - RenatusQuick (MMzz) [Muzukashii]
 [runtime] 2026-01-31 16:06:34 [verbose]: Invalidating working beatmap cache for Soleily - RenatusQuick (MMzz) [Oni]
 [runtime] 2026-01-31 16:06:34 [verbose]: Invalidating working beatmap cache for unknown artist - unknown title
 [runtime] 2026-01-31 16:06:34 [verbose]: Invalidating working beatmap cache for unknown artist - unknown title
 [runtime] 2026-01-31 16:06:34 [verbose]: Querying for beatmap sets to reprocess...
 [runtime] 2026-01-31 16:06:34 [verbose]: Querying for beatmaps with missing hitobject counts to reprocess...
 [runtime] 2026-01-31 16:06:34 [verbose]: Querying for scores to reprocess...
 [runtime] 2026-01-31 16:06:34 [verbose]: Querying for scores that need total score conversion...
 [runtime] 2026-01-31 16:06:34 [verbose]: Found 1 scores which require total score conversion.
 [runtime] 2026-01-31 16:06:34 [verbose]: Querying for scores that need rank upgrades...
 [runtime] 2026-01-31 16:06:34 [verbose]: Found 0 scores which require rank upgrades.
 [runtime] 2026-01-31 16:06:34 [verbose]: Querying for beatmap sets that contain missing submission/rank date...
 [runtime] 2026-01-31 16:06:34 [verbose]: Querying for beatmaps that do not have user tags
 [runtime] 2026-01-31 16:06:34 [verbose]: Finished background data store processing!
 [runtime] 2026-01-31 16:06:34 [verbose]: ✔️ 16 repetitions
 [runtime] 2026-01-31 16:06:34 [verbose]: 🔸 Step #5 Score version upgraded
 [runtime] 2026-01-31 16:06:34 [verbose]: 🔸 Step #6 Score not marked as failed
 [runtime] 2026-01-31 16:06:34 [verbose]: ✅ BackgroundDataStoreProcessorTests completed


  Passed TestScoreUpgradeSuccess(30000003) [145 ms]
  Standard Output Messages:
 [runtime] 2026-01-31 16:06:34 [verbose]: 💨 Class: BackgroundDataStoreProcessorTests
 [runtime] 2026-01-31 16:06:34 [verbose]: 🔶 Test:  TestScoreUpgradeSuccess(30000003)
 [runtime] 2026-01-31 16:06:34 [verbose]: 🔸 Step #1 Set not playing
 [runtime] 2026-01-31 16:06:34 [verbose]: 🔸 Step #2 Add score which requires upgrade (and has beatmap)
 [runtime] 2026-01-31 16:06:34 [verbose]: 🔸 Step #3 Run background processor
 [runtime] 2026-01-31 16:06:34 [verbose]: Beginning background data store processing..
 [runtime] 2026-01-31 16:06:34 [verbose]: Resetting star ratings for osu! (difficulty calculation version updated from 0 to 20251020)
 [runtime] 2026-01-31 16:06:34 [verbose]: Finished resetting 5 beatmap sets for osu!
 [runtime] 2026-01-31 16:06:34 [verbose]: Resetting star ratings for osu!taiko (difficulty calculation version updated from 0 to 20251020)
 [runtime] 2026-01-31 16:06:34 [verbose]: 🔸 Step #4 Wait for completion
 [runtime] 2026-01-31 16:06:34 [verbose]: Finished resetting 3 beatmap sets for osu!taiko
 [runtime] 2026-01-31 16:06:34 [verbose]: Resetting star ratings for osu!catch (difficulty calculation version updated from 0 to 20251020)
 [runtime] 2026-01-31 16:06:34 [verbose]: Finished resetting 3 beatmap sets for osu!catch
 [runtime] 2026-01-31 16:06:34 [verbose]: Resetting star ratings for osu!mania (difficulty calculation version updated from 0 to 20241007)
 [runtime] 2026-01-31 16:06:34 [verbose]: Finished resetting 3 beatmap sets for osu!mania
 [runtime] 2026-01-31 16:06:34 [verbose]: Querying for beatmaps with missing star ratings...
 [runtime] 2026-01-31 16:06:34 [verbose]: Found 14 beatmaps which require star rating reprocessing.
 [runtime] 2026-01-31 16:06:34 [verbose]: Invalidating working beatmap cache for Soleily - RenatusQuick (Deif) [Platter]
 [runtime] 2026-01-31 16:06:34 [verbose]: Invalidating working beatmap cache for Soleily - RenatusQuick (Deif) [Rain]
 [runtime] 2026-01-31 16:06:34 [verbose]: Invalidating working beatmap cache for Soleily - RenatusQuick (Deif) [Salad]
 [runtime] 2026-01-31 16:06:34 [verbose]: Invalidating working beatmap cache for Soleily - RenatusQuick (ExPew) [Another]
 [runtime] 2026-01-31 16:06:34 [verbose]: Invalidating working beatmap cache for Soleily - RenatusQuick (ExPew) [Hyper]
 [runtime] 2026-01-31 16:06:34 [verbose]: Invalidating working beatmap cache for Soleily - RenatusQuick (ExPew) [Normal]
 [runtime] 2026-01-31 16:06:34 [verbose]: Invalidating working beatmap cache for Soleily - RenatusQuick (Gamu) [Hard]
 [runtime] 2026-01-31 16:06:34 [verbose]: Invalidating working beatmap cache for Soleily - RenatusQuick (Gamu) [Insane]
 [runtime] 2026-01-31 16:06:34 [verbose]: Invalidating working beatmap cache for Soleily - RenatusQuick (Gamu) [Normal]
 [runtime] 2026-01-31 16:06:34 [verbose]: Invalidating working beatmap cache for Soleily - RenatusQuick (MMzz) [Futsuu]
 [runtime] 2026-01-31 16:06:34 [verbose]: Invalidating working beatmap cache for Soleily - RenatusQuick (MMzz) [Muzukashii]
 [runtime] 2026-01-31 16:06:34 [verbose]: Invalidating working beatmap cache for Soleily - RenatusQuick (MMzz) [Oni]
 [runtime] 2026-01-31 16:06:34 [verbose]: Invalidating working beatmap cache for unknown artist - unknown title
 [runtime] 2026-01-31 16:06:34 [verbose]: Invalidating working beatmap cache for unknown artist - unknown title
 [runtime] 2026-01-31 16:06:34 [verbose]: Querying for beatmap sets to reprocess...
 [runtime] 2026-01-31 16:06:34 [verbose]: Querying for beatmaps with missing hitobject counts to reprocess...
 [runtime] 2026-01-31 16:06:34 [verbose]: Querying for scores to reprocess...
 [runtime] 2026-01-31 16:06:34 [verbose]: Querying for scores that need total score conversion...
 [runtime] 2026-01-31 16:06:34 [verbose]: Found 1 scores which require total score conversion.
 [runtime] 2026-01-31 16:06:34 [verbose]: Querying for scores that need rank upgrades...
 [runtime] 2026-01-31 16:06:34 [verbose]: Found 0 scores which require rank upgrades.
 [runtime] 2026-01-31 16:06:34 [verbose]: Querying for beatmap sets that contain missing submission/rank date...
 [runtime] 2026-01-31 16:06:34 [verbose]: Querying for beatmaps that do not have user tags
 [runtime] 2026-01-31 16:06:34 [verbose]: Finished background data store processing!
 [runtime] 2026-01-31 16:06:34 [verbose]: ✔️ 15 repetitions
 [runtime] 2026-01-31 16:06:34 [verbose]: 🔸 Step #5 Score version upgraded
 [runtime] 2026-01-31 16:06:34 [verbose]: 🔸 Step #6 Score not marked as failed
 [runtime] 2026-01-31 16:06:34 [verbose]: ✅ BackgroundDataStoreProcessorTests completed


  Passed TestScoreUpgradeSuccess(30000004) [164 ms]
  Standard Output Messages:
 [runtime] 2026-01-31 16:06:34 [verbose]: 💨 Class: BackgroundDataStoreProcessorTests
 [runtime] 2026-01-31 16:06:34 [verbose]: 🔶 Test:  TestScoreUpgradeSuccess(30000004)
 [runtime] 2026-01-31 16:06:34 [verbose]: 🔸 Step #1 Set not playing
 [runtime] 2026-01-31 16:06:34 [verbose]: 🔸 Step #2 Add score which requires upgrade (and has beatmap)
 [runtime] 2026-01-31 16:06:34 [verbose]: 🔸 Step #3 Run background processor
 [runtime] 2026-01-31 16:06:34 [verbose]: Beginning background data store processing..
 [runtime] 2026-01-31 16:06:34 [verbose]: Resetting star ratings for osu! (difficulty calculation version updated from 0 to 20251020)
 [runtime] 2026-01-31 16:06:34 [verbose]: Finished resetting 5 beatmap sets for osu!
 [runtime] 2026-01-31 16:06:34 [verbose]: Resetting star ratings for osu!taiko (difficulty calculation version updated from 0 to 20251020)
 [runtime] 2026-01-31 16:06:34 [verbose]: 🔸 Step #4 Wait for completion
 [runtime] 2026-01-31 16:06:34 [verbose]: Finished resetting 3 beatmap sets for osu!taiko
 [runtime] 2026-01-31 16:06:34 [verbose]: Resetting star ratings for osu!catch (difficulty calculation version updated from 0 to 20251020)
 [runtime] 2026-01-31 16:06:34 [verbose]: Finished resetting 3 beatmap sets for osu!catch
 [runtime] 2026-01-31 16:06:34 [verbose]: Resetting star ratings for osu!mania (difficulty calculation version updated from 0 to 20241007)
 [runtime] 2026-01-31 16:06:34 [verbose]: Finished resetting 3 beatmap sets for osu!mania
 [runtime] 2026-01-31 16:06:34 [verbose]: Querying for beatmaps with missing star ratings...
 [runtime] 2026-01-31 16:06:34 [verbose]: Found 14 beatmaps which require star rating reprocessing.
 [runtime] 2026-01-31 16:06:34 [verbose]: Invalidating working beatmap cache for Soleily - RenatusQuick (Gamu) [Hard]
 [runtime] 2026-01-31 16:06:34 [verbose]: Invalidating working beatmap cache for Soleily - RenatusQuick (Gamu) [Insane]
 [runtime] 2026-01-31 16:06:34 [verbose]: Invalidating working beatmap cache for Soleily - RenatusQuick (Gamu) [Normal]
 [runtime] 2026-01-31 16:06:34 [verbose]: Invalidating working beatmap cache for Soleily - RenatusQuick (MMzz) [Futsuu]
 [runtime] 2026-01-31 16:06:34 [verbose]: Invalidating working beatmap cache for Soleily - RenatusQuick (MMzz) [Muzukashii]
 [runtime] 2026-01-31 16:06:34 [verbose]: Invalidating working beatmap cache for Soleily - RenatusQuick (MMzz) [Oni]
 [runtime] 2026-01-31 16:06:34 [verbose]: Invalidating working beatmap cache for unknown artist - unknown title
 [runtime] 2026-01-31 16:06:34 [verbose]: Invalidating working beatmap cache for unknown artist - unknown title
 [runtime] 2026-01-31 16:06:34 [verbose]: Querying for beatmap sets to reprocess...
 [runtime] 2026-01-31 16:06:34 [verbose]: Querying for beatmaps with missing hitobject counts to reprocess...
 [runtime] 2026-01-31 16:06:34 [verbose]: Querying for scores to reprocess...
 [runtime] 2026-01-31 16:06:34 [verbose]: Querying for scores that need total score conversion...
 [runtime] 2026-01-31 16:06:34 [verbose]: Found 1 scores which require total score conversion.
 [runtime] 2026-01-31 16:06:34 [verbose]: Querying for scores that need rank upgrades...
 [runtime] 2026-01-31 16:06:34 [verbose]: Found 0 scores which require rank upgrades.
 [runtime] 2026-01-31 16:06:34 [verbose]: Querying for beatmap sets that contain missing submission/rank date...
 [runtime] 2026-01-31 16:06:34 [verbose]: Querying for beatmaps that do not have user tags
 [runtime] 2026-01-31 16:06:34 [verbose]: Finished background data store processing!
 [runtime] 2026-01-31 16:06:34 [verbose]: ✔️ 14 repetitions
 [runtime] 2026-01-31 16:06:34 [verbose]: 🔸 Step #5 Score version upgraded
 [runtime] 2026-01-31 16:06:34 [verbose]: 🔸 Step #6 Score not marked as failed
 [runtime] 2026-01-31 16:06:34 [verbose]: ✅ BackgroundDataStoreProcessorTests completed


  Passed TestScoreUpgradeSuccess(30000005) [144 ms]
  Standard Output Messages:
 [runtime] 2026-01-31 16:06:34 [verbose]: 💨 Class: BackgroundDataStoreProcessorTests
 [runtime] 2026-01-31 16:06:34 [verbose]: 🔶 Test:  TestScoreUpgradeSuccess(30000005)
 [runtime] 2026-01-31 16:06:34 [verbose]: 🔸 Step #1 Set not playing
 [runtime] 2026-01-31 16:06:34 [verbose]: 🔸 Step #2 Add score which requires upgrade (and has beatmap)
 [runtime] 2026-01-31 16:06:34 [verbose]: 🔸 Step #3 Run background processor
 [runtime] 2026-01-31 16:06:34 [verbose]: Beginning background data store processing..
 [runtime] 2026-01-31 16:06:34 [verbose]: Resetting star ratings for osu! (difficulty calculation version updated from 0 to 20251020)
 [runtime] 2026-01-31 16:06:34 [verbose]: Finished resetting 5 beatmap sets for osu!
 [runtime] 2026-01-31 16:06:34 [verbose]: Resetting star ratings for osu!taiko (difficulty calculation version updated from 0 to 20251020)
 [runtime] 2026-01-31 16:06:34 [verbose]: 🔸 Step #4 Wait for completion
 [runtime] 2026-01-31 16:06:34 [verbose]: Finished resetting 3 beatmap sets for osu!taiko
 [runtime] 2026-01-31 16:06:34 [verbose]: Resetting star ratings for osu!catch (difficulty calculation version updated from 0 to 20251020)
 [runtime] 2026-01-31 16:06:34 [verbose]: Finished resetting 3 beatmap sets for osu!catch
 [runtime] 2026-01-31 16:06:34 [verbose]: Resetting star ratings for osu!mania (difficulty calculation version updated from 0 to 20241007)
 [runtime] 2026-01-31 16:06:34 [verbose]: Finished resetting 3 beatmap sets for osu!mania
 [runtime] 2026-01-31 16:06:34 [verbose]: Querying for beatmaps with missing star ratings...
 [runtime] 2026-01-31 16:06:34 [verbose]: Found 14 beatmaps which require star rating reprocessing.
 [runtime] 2026-01-31 16:06:34 [verbose]: Invalidating working beatmap cache for Soleily - RenatusQuick (Deif) [Platter]
 [runtime] 2026-01-31 16:06:34 [verbose]: Invalidating working beatmap cache for Soleily - RenatusQuick (Deif) [Rain]
 [runtime] 2026-01-31 16:06:34 [verbose]: Invalidating working beatmap cache for Soleily - RenatusQuick (Deif) [Salad]
 [runtime] 2026-01-31 16:06:34 [verbose]: Invalidating working beatmap cache for Soleily - RenatusQuick (ExPew) [Another]
 [runtime] 2026-01-31 16:06:34 [verbose]: Invalidating working beatmap cache for Soleily - RenatusQuick (ExPew) [Hyper]
 [runtime] 2026-01-31 16:06:34 [verbose]: Invalidating working beatmap cache for Soleily - RenatusQuick (ExPew) [Normal]
 [runtime] 2026-01-31 16:06:34 [verbose]: Invalidating working beatmap cache for Soleily - RenatusQuick (Gamu) [Hard]
 [runtime] 2026-01-31 16:06:34 [verbose]: Invalidating working beatmap cache for Soleily - RenatusQuick (Gamu) [Insane]
 [runtime] 2026-01-31 16:06:34 [verbose]: Invalidating working beatmap cache for Soleily - RenatusQuick (Gamu) [Normal]
 [runtime] 2026-01-31 16:06:34 [verbose]: Invalidating working beatmap cache for Soleily - RenatusQuick (MMzz) [Futsuu]
 [runtime] 2026-01-31 16:06:34 [verbose]: Invalidating working beatmap cache for Soleily - RenatusQuick (MMzz) [Muzukashii]
 [runtime] 2026-01-31 16:06:34 [verbose]: Invalidating working beatmap cache for Soleily - RenatusQuick (MMzz) [Oni]
 [runtime] 2026-01-31 16:06:34 [verbose]: Invalidating working beatmap cache for unknown artist - unknown title
 [runtime] 2026-01-31 16:06:34 [verbose]: Invalidating working beatmap cache for unknown artist - unknown title
 [runtime] 2026-01-31 16:06:34 [verbose]: Querying for beatmap sets to reprocess...
 [runtime] 2026-01-31 16:06:34 [verbose]: Querying for beatmaps with missing hitobject counts to reprocess...
 [runtime] 2026-01-31 16:06:34 [verbose]: Querying for scores to reprocess...
 [runtime] 2026-01-31 16:06:34 [verbose]: Querying for scores that need total score conversion...
 [runtime] 2026-01-31 16:06:34 [verbose]: Found 1 scores which require total score conversion.
 [runtime] 2026-01-31 16:06:34 [verbose]: Querying for scores that need rank upgrades...
 [runtime] 2026-01-31 16:06:34 [verbose]: Found 0 scores which require rank upgrades.
 [runtime] 2026-01-31 16:06:34 [verbose]: Querying for beatmap sets that contain missing submission/rank date...
 [runtime] 2026-01-31 16:06:34 [verbose]: Querying for beatmaps that do not have user tags
 [runtime] 2026-01-31 16:06:34 [verbose]: Finished background data store processing!
 [runtime] 2026-01-31 16:06:34 [verbose]: ✔️ 16 repetitions
 [runtime] 2026-01-31 16:06:34 [verbose]: 🔸 Step #5 Score version upgraded
 [runtime] 2026-01-31 16:06:34 [verbose]: 🔸 Step #6 Score not marked as failed
 [runtime] 2026-01-31 16:06:34 [verbose]: ✅ BackgroundDataStoreProcessorTests completed



Total tests: 12
     Passed: 10
     Failed: 2
 Total time: 32.2645 Seconds
